
Running 138 tests using 3 workers

  Γ£ô    1 [chromium] ΓÇ║ tests\accessibility.spec.ts:9:7 ΓÇ║ Accessibility ΓÇ║ page has lang attribute (5.1s)
node.exe : [WebServer] [browser] A tree hydrated but some attributes of the server rendered HTML didn't match the 
client properties. This won't be patched up. This can happen if a SSR-ed Client Component used:
At line:1 char:1
+ & "C:\Program Files\nodejs/node.exe" "C:\Program Files\nodejs/node_mo ...
+ ~~~~~~~~~~~~~~~~~~~~~~~~~~~~~~~~~~~~~~~~~~~~~~~~~~~~~~~~~~~~~~~~~~~~~
    + CategoryInfo          : NotSpecified: ([WebServer] [br...Component used::String) [], RemoteException
    + FullyQualifiedErrorId : NativeCommandError
 
[WebServer] 
[WebServer] - A server/client branch `if (typeof window !== 'undefined')`.
[WebServer] - Variable input such as `Date.now()` or `Math.random()` which changes each time it's called.
[WebServer] - Date formatting in a user's locale which doesn't match the server.
[WebServer] - External changing data without sending a snapshot of it along with the HTML.
[WebServer] - Invalid HTML tag nesting.
[WebServer] 
[WebServer] It can also happen if the client has a browser extension installed which messes with the HTML before React 
loaded.
[WebServer] 
[WebServer] https://react.dev/link/hydration-mismatch
[WebServer] 
[WebServer]   ...
[WebServer]     <HotReload globalError={[...]} webSocket={WebSocket} staticIndicatorState={{pathname:null, ...}}>
[WebServer]       <AppDevOverlayErrorBoundary globalError={[...]}>
[WebServer]         <ReplaySsrOnlyErrors>
[WebServer]         <DevRootHTTPAccessFallbackBoundary>
[WebServer]           <HTTPAccessFallbackBoundary notFound={<NotAllowedRootHTTPFallbackError>}>
[WebServer]             <HTTPAccessFallbackErrorBoundary pathname="/" notFound={<NotAllowedRootHTTPFallbackError>} ...>
[WebServer]               <RedirectBoundary>
[WebServer]                 <RedirectErrorBoundary router={{...}}>
[WebServer]                   <Head>
[WebServer]                   <__next_root_layout_boundary__>
[WebServer]                     <SegmentViewNode type="layout" pagePath="layout.tsx">
[WebServer]                       <SegmentTrieNode>
[WebServer]                       <link>
[WebServer]                       <script>
[WebServer]                       <RootLayout>
[WebServer]                         <html lang="en" className="geist_a715..." suppressHydrationWarning={true}>
[WebServer]                           <head>
[WebServer]                           <body
[WebServer]                             style={{
[WebServer] +                             background: "#05070A"
[WebServer] -                             background-image: "initial"
[WebServer] -                             background-position-x: "initial"
[WebServer] -                             background-position-y: "initial"
[WebServer] -                             background-size: "initial"
[WebServer] -                             background-repeat: "initial"
[WebServer] -                             background-attachment: "initial"
[WebServer] -                             background-origin: "initial"
[WebServer] -                             background-clip: "initial"
[WebServer] -                             background-color: "rgb(5, 7, 10)"
[WebServer]                             }}
[WebServer]                           >
[WebServer]                             ...
[WebServer]                               <motion.div>
[WebServer]                               <motion.div>
[WebServer]                               <motion.div>
[WebServer]                               <motion.div>
[WebServer]                               <motion.div initial={{opacity:0,scale:0}} whileInView={{opacity:1,scale:1}} 
...>
[WebServer]                                 <div
[WebServer]                                   className="absolute group cursor-none"
[WebServer]                                   onMouseEnter={function AboutSection[techNodes.map() > 
<motion.div>.onMouseEnter]}
[WebServer]                                   onMouseLeave={function AboutSection[techNodes.map() > 
<motion.div>.onMouseLeave]}
[WebServer]                                   style={{
[WebServer] +                                   left: "calc(50% + -80.00000000000007px - 50px)"
[WebServer] -                                   left: "calc(50% - 130px)"
[WebServer] +                                   top: "calc(50% + -138.56406460551014px - 20px)"
[WebServer] -                                   top: "calc(50% - 158.564px)"
[WebServer] +                                   opacity: 0
[WebServer] -                                   opacity: "0"
[WebServer] +                                   transform: "scale(0)"
[WebServer] -                                   transform: "scale(0)"
[WebServer]                                   }}
[WebServer]                                   ref={function useMotionRef.useCallback}
[WebServer]                                 >
[WebServer]                                   <div>
[WebServer]                                   <svg
[WebServer]                                     className="absolute pointer-events-none"
[WebServer]                                     style={{
[WebServer] +                                     left: "50%"
[WebServer] -                                     left: "50%"
[WebServer] +                                     top: "50%"
[WebServer] -                                     top: "50%"
[WebServer] +                                     width: 100.00000000000007
[WebServer] -                                     width: "100px"
[WebServer] +                                     height: 158.56406460551014
[WebServer] -                                     height: "158.564px"
[WebServer] +                                     transform: "translate(-80.00000000000007px, -138.56406460551014px)"
[WebServer] -                                     transform: "translate(-80px, -138.564px)"
[WebServer]                                     }}
[WebServer]                                   >
[WebServer]                                     <line
[WebServer]                                       x1={80.00000000000007}
[WebServer] +                                     y1={138.56406460551014}
[WebServer] -                                     y1="138.56406460551017"
[WebServer]                                       x2={0}
[WebServer]                                       y2={0}
[WebServer]                                       stroke="rgba(56, 189, 248, 0.08)"
[WebServer]                                       strokeWidth="1"
[WebServer]                                     >
[WebServer]                               ...
[WebServer]                   ...
[WebServer]  
[WebServer] [browser] A tree hydrated but some attributes of the server rendered HTML didn't match the client 
properties. This won't be patched up. This can happen if a SSR-ed Client Component used:
[WebServer] 
[WebServer] - A server/client branch `if (typeof window !== 'undefined')`.
[WebServer] - Variable input such as `Date.now()` or `Math.random()` which changes each time it's called.
[WebServer] - Date formatting in a user's locale which doesn't match the server.
[WebServer] - External changing data without sending a snapshot of it along with the HTML.
[WebServer] - Invalid HTML tag nesting.
[WebServer] 
[WebServer] It can also happen if the client has a browser extension installed which messes with the HTML before React 
loaded.
[WebServer] 
[WebServer] https://react.dev/link/hydration-mismatch
[WebServer] 
[WebServer]   ...
[WebServer]     <HotReload globalError={[...]} webSocket={WebSocket} staticIndicatorState={{pathname:null, ...}}>
[WebServer]       <AppDevOverlayErrorBoundary globalError={[...]}>
[WebServer]         <ReplaySsrOnlyErrors>
[WebServer]         <DevRootHTTPAccessFallbackBoundary>
[WebServer]           <HTTPAccessFallbackBoundary notFound={<NotAllowedRootHTTPFallbackError>}>
[WebServer]             <HTTPAccessFallbackErrorBoundary pathname="/" notFound={<NotAllowedRootHTTPFallbackError>} ...>
[WebServer]               <RedirectBoundary>
[WebServer]                 <RedirectErrorBoundary router={{...}}>
[WebServer]                   <Head>
[WebServer]                   <__next_root_layout_boundary__>
[WebServer]                     <SegmentViewNode type="layout" pagePath="layout.tsx">
[WebServer]                       <SegmentTrieNode>
[WebServer]                       <link>
[WebServer]                       <script>
[WebServer]                       <RootLayout>
[WebServer]                         <html lang="en" className="geist_a715..." suppressHydrationWarning={true}>
[WebServer]                           <head>
[WebServer]                           <body
[WebServer]                             style={{
[WebServer] +                             background: "#05070A"
[WebServer] -                             background-image: "initial"
[WebServer] -                             background-position-x: "initial"
[WebServer] -                             background-position-y: "initial"
  Γ£ô    2 [chromium] ΓÇ║ tests\accessibility.spec.ts:19:7 ΓÇ║ Accessibility ΓÇ║ navigation landmark is present (5.6s)
  Γ£ô    3 [chromium] ΓÇ║ tests\accessibility.spec.ts:14:7 ΓÇ║ Accessibility ΓÇ║ main landmark is present (5.6s)
[WebServer] -                             background-size: "initial"
[WebServer] -                             background-repeat: "initial"
[WebServer] -                             background-attachment: "initial"
[WebServer] -                             background-origin: "initial"
[WebServer] -                             background-clip: "initial"
[WebServer] -                             background-color: "rgb(5, 7, 10)"
[WebServer]                             }}
[WebServer]                           >
[WebServer]                             ...
[WebServer]                               <motion.div>
[WebServer]                               <motion.div>
[WebServer]                               <motion.div>
[WebServer]                               <motion.div>
[WebServer]                               <motion.div initial={{opacity:0,scale:0}} whileInView={{opacity:1,scale:1}} 
...>
[WebServer]                                 <div
[WebServer]                                   className="absolute group cursor-none"
[WebServer]                                   onMouseEnter={function AboutSection[techNodes.map() > 
<motion.div>.onMouseEnter]}
[WebServer]                                   onMouseLeave={function AboutSection[techNodes.map() > 
<motion.div>.onMouseLeave]}
[WebServer]                                   style={{
[WebServer] +                                   left: "calc(50% + -80.00000000000007px - 50px)"
[WebServer] -                                   left: "calc(50% - 130px)"
[WebServer] +                                   top: "calc(50% + -138.56406460551014px - 20px)"
[WebServer] -                                   top: "calc(50% - 158.564px)"
[WebServer] +                                   opacity: 0
[WebServer] -                                   opacity: "0"
[WebServer] +                                   transform: "scale(0)"
[WebServer] -                                   transform: "scale(0)"
[WebServer]                                   }}
[WebServer]                                   ref={function useMotionRef.useCallback}
[WebServer]                                 >
[WebServer]                                   <div>
[WebServer]                                   <svg
[WebServer]                                     className="absolute pointer-events-none"
[WebServer]                                     style={{
[WebServer] +                                     left: "50%"
[WebServer] -                                     left: "50%"
[WebServer] +                                     top: "50%"
[WebServer] -                                     top: "50%"
[WebServer] +                                     width: 100.00000000000007
[WebServer] -                                     width: "100px"
[WebServer] +                                     height: 158.56406460551014
[WebServer] -                                     height: "158.564px"
[WebServer] +                                     transform: "translate(-80.00000000000007px, -138.56406460551014px)"
[WebServer] -                                     transform: "translate(-80px, -138.564px)"
[WebServer]                                     }}
[WebServer]                                   >
[WebServer]                                     <line
[WebServer]                                       x1={80.00000000000007}
[WebServer] +                                     y1={138.56406460551014}
[WebServer] -                                     y1="138.56406460551017"
[WebServer]                                       x2={0}
[WebServer]                                       y2={0}
[WebServer]                                       stroke="rgba(56, 189, 248, 0.08)"
[WebServer]                                       strokeWidth="1"
[WebServer]                                     >
[WebServer]                               ...
[WebServer]                   ...
[WebServer]  
  Γ£ô    4 [chromium] ΓÇ║ tests\accessibility.spec.ts:24:7 ΓÇ║ Accessibility ΓÇ║ headings are hierarchical (2.9s)
  Γ£ô    6 [chromium] ΓÇ║ tests\accessibility.spec.ts:41:7 ΓÇ║ Accessibility ΓÇ║ interactive elements are keyboard accessible (2.8s)
[WebServer] [browser] A tree hydrated but some attributes of the server rendered HTML didn't match the client 
properties. This won't be patched up. This can happen if a SSR-ed Client Component used:
[WebServer] 
[WebServer] - A server/client branch `if (typeof window !== 'undefined')`.
[WebServer] - Variable input such as `Date.now()` or `Math.random()` which changes each time it's called.
[WebServer] - Date formatting in a user's locale which doesn't match the server.
[WebServer] - External changing data without sending a snapshot of it along with the HTML.
[WebServer] - Invalid HTML tag nesting.
[WebServer] 
[WebServer] It can also happen if the client has a browser extension installed which messes with the HTML before React 
loaded.
[WebServer] 
[WebServer] https://react.dev/link/hydration-mismatch
[WebServer] 
[WebServer]   ...
[WebServer]     <ClientPageRoot Component={function Home} serverProvidedParams={{...}}>
[WebServer]       <Home params={Promise} searchParams={Promise}>
[WebServer]         <CursorProvider>
[WebServer]           <BootSequence>
[WebServer]           <CustomCursor>
[WebServer]           <div>
[WebServer]           <Scene>
[WebServer]           <NavigationHUD>
[WebServer]           <ScrollIndicator>
[WebServer]           <main className="content-layer" style={{opacity:0, ...}}>
[WebServer]             <HeroSection>
[WebServer]             <AboutSection>
[WebServer]               <section id="about" className="relative p...">
[WebServer]                 <div>
[WebServer]                 <div className="relative z...">
[WebServer]                   <SectionLabel>
[WebServer]                   <div className="grid grid-...">
[WebServer]                     <motion.div>
[WebServer]                     <motion.div initial={{opacity:0,x:30}} whileInView={{opacity:1,x:0}} 
viewport={{once:true}} ...>
[WebServer]                       <div className="relative h..." style={{opacity:0, ...}} ref={function 
useMotionRef.useCallback}>
[WebServer]                         <div>
[WebServer]                         <motion.div>
[WebServer]                         <motion.div>
[WebServer]                         <motion.div>
[WebServer]                         <motion.div>
[WebServer]                         <motion.div initial={{opacity:0,scale:0}} whileInView={{opacity:1,scale:1}} ...>
[WebServer]                           <div
[WebServer]                             className="absolute group cursor-none"
[WebServer]                             onMouseEnter={function AboutSection[techNodes.map() > 
<motion.div>.onMouseEnter]}
[WebServer]                             onMouseLeave={function AboutSection[techNodes.map() > 
<motion.div>.onMouseLeave]}
[WebServer]                             style={{
[WebServer] +                             left: "calc(50% + -80.00000000000007px - 50px)"
[WebServer] -                             left: "calc(50% - 130px)"
[WebServer] +                             top: "calc(50% + -138.56406460551014px - 20px)"
[WebServer] -                             top: "calc(50% - 158.564px)"
[WebServer] +                             opacity: 0
[WebServer] -                             opacity: "0"
[WebServer] +                             transform: "scale(0)"
[WebServer] -                             transform: "scale(0)"
[WebServer]                             }}
[WebServer]                             ref={function useMotionRef.useCallback}
[WebServer]                           >
[WebServer]                             <div>
[WebServer]                             <svg
[WebServer]                               className="absolute pointer-events-none"
[WebServer]                               style={{
[WebServer] +                               left: "50%"
[WebServer] -                               left: "50%"
[WebServer] +                               top: "50%"
[WebServer] -                               top: "50%"
[WebServer] +                               width: 100.00000000000007
[WebServer] -                               width: "100px"
[WebServer] +                               height: 158.56406460551014
[WebServer] -                               height: "158.564px"
[WebServer] +                               transform: "translate(-80.00000000000007px, -138.56406460551014px)"
[WebServer] -                               transform: "translate(-80px, -138.564px)"
[WebServer]                               }}
[WebServer]                             >
[WebServer]                               <line
[WebServer]                                 x1={80.00000000000007}
[WebServer] +                               y1={138.56406460551014}
[WebServer] -                               y1="138.56406460551017"
[WebServer]                                 x2={0}
[WebServer]                                 y2={0}
[WebServer]                                 stroke="rgba(56, 189, 248, 0.08)"
[WebServer]                                 strokeWidth="1"
[WebServer]                               >
[WebServer]                         ...
[WebServer]                     ...
[WebServer]             ...
[WebServer]  
[WebServer] [browser] THREE.Clock: This module has been deprecated. Please use THREE.Timer instead.
  Γ£ô    8 [chromium] ΓÇ║ tests\functional.spec.ts:9:7 ΓÇ║ Resume ΓÇ║ resume link exists in desktop nav (6.5s)
[WebServer] [browser] A tree hydrated but some attributes of the server rendered HTML didn't match the client 
properties. This won't be patched up. This can happen if a SSR-ed Client Component used:
[WebServer] 
[WebServer] - A server/client branch `if (typeof window !== 'undefined')`.
[WebServer] - Variable input such as `Date.now()` or `Math.random()` which changes each time it's called.
[WebServer] - Date formatting in a user's locale which doesn't match the server.
[WebServer] - External changing data without sending a snapshot of it along with the HTML.
[WebServer] - Invalid HTML tag nesting.
[WebServer] 
[WebServer] It can also happen if the client has a browser extension installed which messes with the HTML before React 
loaded.
[WebServer] 
[WebServer] https://react.dev/link/hydration-mismatch
[WebServer] 
[WebServer]   ...
[WebServer]     <HotReload globalError={[...]} webSocket={WebSocket} staticIndicatorState={{pathname:null, ...}}>
[WebServer]       <AppDevOverlayErrorBoundary globalError={[...]}>
[WebServer]         <ReplaySsrOnlyErrors>
[WebServer]         <DevRootHTTPAccessFallbackBoundary>
[WebServer]           <HTTPAccessFallbackBoundary notFound={<NotAllowedRootHTTPFallbackError>}>
[WebServer]             <HTTPAccessFallbackErrorBoundary pathname="/" notFound={<NotAllowedRootHTTPFallbackError>} ...>
[WebServer]               <RedirectBoundary>
[WebServer]                 <RedirectErrorBoundary router={{...}}>
[WebServer]                   <Head>
[WebServer]                   <__next_root_layout_boundary__>
[WebServer]                     <SegmentViewNode type="layout" pagePath="layout.tsx">
[WebServer]                       <SegmentTrieNode>
[WebServer]                       <link>
[WebServer]                       <script>
[WebServer]                       <RootLayout>
[WebServer]                         <html lang="en" className="geist_a715..." suppressHydrationWarning={true}>
[WebServer]                           <head>
[WebServer]                           <body
[WebServer]                             style={{
[WebServer] +                             background: "#05070A"
[WebServer] -                             background-image: "initial"
[WebServer] -                             background-position-x: "initial"
[WebServer] -                             background-position-y: "initial"
[WebServer] -                             background-size: "initial"
[WebServer] -                             background-repeat: "initial"
[WebServer] -                             background-attachment: "initial"
[WebServer] -                             background-origin: "initial"
[WebServer] -                             background-clip: "initial"
[WebServer] -                             background-color: "rgb(5, 7, 10)"
[WebServer]                             }}
[WebServer]                           >
[WebServer]                             ...
[WebServer]                               <motion.div>
[WebServer]                               <motion.div>
[WebServer]                               <motion.div>
[WebServer]                               <motion.div>
[WebServer]                               <motion.div initial={{opacity:0,scale:0}} whileInView={{opacity:1,scale:1}} 
...>
[WebServer]                                 <div
[WebServer]                                   className="absolute group cursor-none"
[WebServer]                                   onMouseEnter={function AboutSection[techNodes.map() > 
<motion.div>.onMouseEnter]}
[WebServer]                                   onMouseLeave={function AboutSection[techNodes.map() > 
<motion.div>.onMouseLeave]}
[WebServer]                                   style={{
[WebServer] +                                   left: "calc(50% + -80.00000000000007px - 50px)"
[WebServer] -                                   left: "calc(50% - 130px)"
[WebServer] +                                   top: "calc(50% + -138.56406460551014px - 20px)"
[WebServer] -                                   top: "calc(50% - 158.564px)"
[WebServer] +                                   opacity: 0
[WebServer] -                                   opacity: "0"
[WebServer] +                                   transform: "scale(0)"
[WebServer] -                                   transform: "scale(0)"
[WebServer]                                   }}
[WebServer]                                   ref={function useMotionRef.useCallback}
[WebServer]                                 >
[WebServer]                                   <div>
[WebServer]                                   <svg
[WebServer]                                     className="absolute pointer-events-none"
[WebServer]                                     style={{
[WebServer] +                                     left: "50%"
[WebServer] -                                     left: "50%"
[WebServer] +                                     top: "50%"
[WebServer] -                                     top: "50%"
[WebServer] +                                     width: 100.00000000000007
[WebServer] -                                     width: "100px"
[WebServer] +                                     height: 158.56406460551014
[WebServer] -                                     height: "158.564px"
[WebServer] +                                     transform: "translate(-80.00000000000007px, -138.56406460551014px)"
[WebServer] -                                     transform: "translate(-80px, -138.564px)"
[WebServer]                                     }}
[WebServer]                                   >
[WebServer]                                     <line
[WebServer]                                       x1={80.00000000000007}
[WebServer] +                                     y1={138.56406460551014}
[WebServer] -                                     y1="138.56406460551017"
[WebServer]                                       x2={0}
[WebServer]                                       y2={0}
[WebServer]                                       stroke="rgba(56, 189, 248, 0.08)"
[WebServer]                                       strokeWidth="1"
[WebServer]                                     >
[WebServer]                               ...
[WebServer]                   ...
[WebServer]  
[WebServer] [browser] THREE.Clock: This module has been deprecated. Please use THREE.Timer instead.
  Γ£ÿ    9 [chromium] ΓÇ║ tests\functional.spec.ts:17:7 ΓÇ║ Resume ΓÇ║ resume PDF is accessible (1.8s)
  Γ£ÿ    5 [chromium] ΓÇ║ tests\accessibility.spec.ts:30:7 ΓÇ║ Accessibility ΓÇ║ form fields have labels (13.5s)
[WebServer] [browser] A tree hydrated but some attributes of the server rendered HTML didn't match the client 
properties. This won't be patched up. This can happen if a SSR-ed Client Component used:
[WebServer] 
[WebServer] - A server/client branch `if (typeof window !== 'undefined')`.
[WebServer] - Variable input such as `Date.now()` or `Math.random()` which changes each time it's called.
[WebServer] - Date formatting in a user's locale which doesn't match the server.
[WebServer] - External changing data without sending a snapshot of it along with the HTML.
[WebServer] - Invalid HTML tag nesting.
[WebServer] 
[WebServer] It can also happen if the client has a browser extension installed which messes with the HTML before React 
loaded.
[WebServer] 
[WebServer] https://react.dev/link/hydration-mismatch
[WebServer] 
[WebServer]   ...
[WebServer]     <HotReload globalError={[...]} webSocket={WebSocket} staticIndicatorState={{pathname:null, ...}}>
[WebServer]       <AppDevOverlayErrorBoundary globalError={[...]}>
[WebServer]         <ReplaySsrOnlyErrors>
[WebServer]         <DevRootHTTPAccessFallbackBoundary>
[WebServer]           <HTTPAccessFallbackBoundary notFound={<NotAllowedRootHTTPFallbackError>}>
[WebServer]             <HTTPAccessFallbackErrorBoundary pathname="/" notFound={<NotAllowedRootHTTPFallbackError>} ...>
[WebServer]               <RedirectBoundary>
[WebServer]                 <RedirectErrorBoundary router={{...}}>
[WebServer]                   <Head>
[WebServer]                   <__next_root_layout_boundary__>
[WebServer]                     <SegmentViewNode type="layout" pagePath="layout.tsx">
[WebServer]                       <SegmentTrieNode>
[WebServer]                       <link>
[WebServer]                       <script>
[WebServer]                       <RootLayout>
[WebServer]                         <html lang="en" className="geist_a715..." suppressHydrationWarning={true}>
[WebServer]                           <head>
[WebServer]                           <body
[WebServer]                             style={{
[WebServer] +                             background: "#05070A"
[WebServer] -                             background-image: "initial"
[WebServer] -                             background-position-x: "initial"
[WebServer] -                             background-position-y: "initial"
[WebServer] -                             background-size: "initial"
[WebServer] -                             background-repeat: "initial"
[WebServer] -                             background-attachment: "initial"
[WebServer] -                             background-origin: "initial"
[WebServer] -                             background-clip: "initial"
[WebServer] -                             background-color: "rgb(5, 7, 10)"
[WebServer]                             }}
[WebServer]                           >
[WebServer]                             ...
[WebServer]                               <motion.div>
[WebServer]                               <motion.div>
[WebServer]                               <motion.div>
[WebServer]                               <motion.div>
[WebServer]                               <motion.div initial={{opacity:0,scale:0}} whileInView={{opacity:1,scale:1}} 
...>
[WebServer]                                 <div
[WebServer]                                   className="absolute group cursor-none"
[WebServer]                                   onMouseEnter={function AboutSection[techNodes.map() > 
<motion.div>.onMouseEnter]}
[WebServer]                                   onMouseLeave={function AboutSection[techNodes.map() > 
<motion.div>.onMouseLeave]}
[WebServer]                                   style={{
[WebServer] +                                   left: "calc(50% + -80.00000000000007px - 50px)"
[WebServer] -                                   left: "calc(50% - 130px)"
[WebServer] +                                   top: "calc(50% + -138.56406460551014px - 20px)"
[WebServer] -                                   top: "calc(50% - 158.564px)"
[WebServer] +                                   opacity: 0
[WebServer] -                                   opacity: "0"
[WebServer] +                                   transform: "scale(0)"
[WebServer] -                                   transform: "scale(0)"
[WebServer]                                   }}
[WebServer]                                   ref={function useMotionRef.useCallback}
[WebServer]                                 >
[WebServer]                                   <div>
[WebServer]                                   <svg
[WebServer]                                     className="absolute pointer-events-none"
[WebServer]                                     style={{
[WebServer] +                                     left: "50%"
[WebServer] -                                     left: "50%"
[WebServer] +                                     top: "50%"
[WebServer] -                                     top: "50%"
[WebServer] +                                     width: 100.00000000000007
[WebServer] -                                     width: "100px"
[WebServer] +                                     height: 158.56406460551014
[WebServer] -                                     height: "158.564px"
[WebServer] +                                     transform: "translate(-80.00000000000007px, -138.56406460551014px)"
[WebServer] -                                     transform: "translate(-80px, -138.564px)"
[WebServer]                                     }}
[WebServer]                                   >
[WebServer]                                     <line
[WebServer]                                       x1={80.00000000000007}
[WebServer] +                                     y1={138.56406460551014}
[WebServer] -                                     y1="138.56406460551017"
[WebServer]                                       x2={0}
[WebServer]                                       y2={0}
[WebServer]                                       stroke="rgba(56, 189, 248, 0.08)"
[WebServer]                                       strokeWidth="1"
[WebServer]                                     >
[WebServer]                               ...
[WebServer]                   ...
[WebServer]  
[WebServer] [browser] A tree hydrated but some attributes of the server rendered HTML didn't match the client 
properties. This won't be patched up. This can happen if a SSR-ed Client Component used:
[WebServer] 
[WebServer] - A server/client branch `if (typeof window !== 'undefined')`.
[WebServer] - Variable input such as `Date.now()` or `Math.random()` which changes each time it's called.
[WebServer] - Date formatting in a user's locale which doesn't match the server.
[WebServer] - External changing data without sending a snapshot of it along with the HTML.
[WebServer] - Invalid HTML tag nesting.
[WebServer] 
[WebServer] It can also happen if the client has a browser extension installed which messes with the HTML before React 
loaded.
[WebServer] 
[WebServer] https://react.dev/link/hydration-mismatch
[WebServer] 
[WebServer]   ...
[WebServer]     <HotReload globalError={[...]} webSocket={WebSocket} staticIndicatorState={{pathname:null, ...}}>
[WebServer]       <AppDevOverlayErrorBoundary globalError={[...]}>
[WebServer]         <ReplaySsrOnlyErrors>
[WebServer]         <DevRootHTTPAccessFallbackBoundary>
[WebServer]           <HTTPAccessFallbackBoundary notFound={<NotAllowedRootHTTPFallbackError>}>
[WebServer]             <HTTPAccessFallbackErrorBoundary pathname="/" notFound={<NotAllowedRootHTTPFallbackError>} ...>
[WebServer]               <RedirectBoundary>
[WebServer]                 <RedirectErrorBoundary router={{...}}>
[WebServer]                   <Head>
[WebServer]                   <__next_root_layout_boundary__>
[WebServer]                     <SegmentViewNode type="layout" pagePath="layout.tsx">
[WebServer]                       <SegmentTrieNode>
[WebServer]                       <link>
[WebServer]                       <script>
[WebServer]                       <RootLayout>
[WebServer]                         <html lang="en" className="geist_a715..." suppressHydrationWarning={true}>
[WebServer]                           <head>
[WebServer]                           <body
[WebServer]                             style={{
[WebServer] +                             background: "#05070A"
[WebServer] -                             background-image: "initial"
[WebServer] -                             background-position-x: "initial"
[WebServer] -                             background-position-y: "initial"
[WebServer] -                             background-size: "initial"
[WebServer] -                             background-repeat: "initial"
[WebServer] -                             background-attachment: "initial"
[WebServer] -                             background-origin: "initial"
[WebServer] -                             background-clip: "initial"
[WebServer] -                             background-color: "rgb(5, 7, 10)"
[WebServer]                             }}
[WebServer]                           >
[WebServer]                             ...
[WebServer]                               <motion.div>
[WebServer]                               <motion.div>
[WebServer]                               <motion.div>
[WebServer]                               <motion.div>
[WebServer]                               <motion.div initial={{opacity:0,scale:0}} whileInView={{opacity:1,scale:1}} 
...>
[WebServer]                                 <div
[WebServer]                                   className="absolute group cursor-none"
[WebServer]                                   onMouseEnter={function AboutSection[techNodes.map() > 
<motion.div>.onMouseEnter]}
[WebServer]                                   onMouseLeave={function AboutSection[techNodes.map() > 
<motion.div>.onMouseLeave]}
[WebServer]                                   style={{
[WebServer] +                                   left: "calc(50% + -80.00000000000007px - 50px)"
[WebServer] -                                   left: "calc(50% - 130px)"
[WebServer] +                                   top: "calc(50% + -138.56406460551014px - 20px)"
[WebServer] -                                   top: "calc(50% - 158.564px)"
[WebServer] +                                   opacity: 0
[WebServer] -                                   opacity: "0"
[WebServer] +                                   transform: "scale(0)"
[WebServer] -                                   transform: "scale(0)"
[WebServer]                                   }}
[WebServer]                                   ref={function useMotionRef.useCallback}
[WebServer]                                 >
[WebServer]                                   <div>
[WebServer]                                   <svg
[WebServer]                                     className="absolute pointer-events-none"
[WebServer]                                     style={{
[WebServer] +                                     left: "50%"
[WebServer] -                                     left: "50%"
[WebServer] +                                     top: "50%"
[WebServer] -                                     top: "50%"
[WebServer] +                                     width: 100.00000000000007
[WebServer] -                                     width: "100px"
[WebServer] +                                     height: 158.56406460551014
[WebServer] -                                     height: "158.564px"
[WebServer] +                                     transform: "translate(-80.00000000000007px, -138.56406460551014px)"
[WebServer] -                                     transform: "translate(-80px, -138.564px)"
[WebServer]                                     }}
[WebServer]                                   >
[WebServer]                                     <line
[WebServer]                                       x1={80.00000000000007}
[WebServer] +                                     y1={138.56406460551014}
[WebServer] -                                     y1="138.56406460551017"
[WebServer]                                       x2={0}
[WebServer]                                       y2={0}
[WebServer]                                       stroke="rgba(56, 189, 248, 0.08)"
[WebServer]                                       strokeWidth="1"
[WebServer]                                     >
[WebServer]                               ...
[WebServer]                   ...
[WebServer]  
  Γ£ÿ    7 [chromium] ΓÇ║ tests\accessibility.spec.ts:51:7 ΓÇ║ Accessibility ΓÇ║ mobile sidebar has aria attributes (16.4s)
[WebServer] [browser] THREE.Clock: This module has been deprecated. Please use THREE.Timer instead.
[WebServer] [browser] THREE.Clock: This module has been deprecated. Please use THREE.Timer instead.
  Γ£ô   10 [chromium] ΓÇ║ tests\functional.spec.ts:35:7 ΓÇ║ Contact form ΓÇ║ contact form validates empty submission (12.9s)
  Γ£ÿ   11 [chromium] ΓÇ║ tests\functional.spec.ts:24:7 ΓÇ║ Contact form ΓÇ║ contact form is visible (13.9s)
[WebServer] [browser] A tree hydrated but some attributes of the server rendered HTML didn't match the client 
properties. This won't be patched up. This can happen if a SSR-ed Client Component used:
[WebServer] 
[WebServer] - A server/client branch `if (typeof window !== 'undefined')`.
[WebServer] - Variable input such as `Date.now()` or `Math.random()` which changes each time it's called.
[WebServer] - Date formatting in a user's locale which doesn't match the server.
[WebServer] - External changing data without sending a snapshot of it along with the HTML.
[WebServer] - Invalid HTML tag nesting.
[WebServer] 
[WebServer] It can also happen if the client has a browser extension installed which messes with the HTML before React 
loaded.
[WebServer] 
[WebServer] https://react.dev/link/hydration-mismatch
[WebServer] 
[WebServer]   ...
[WebServer]     <HotReload globalError={[...]} webSocket={WebSocket} staticIndicatorState={{pathname:null, ...}}>
[WebServer]       <AppDevOverlayErrorBoundary globalError={[...]}>
[WebServer]         <ReplaySsrOnlyErrors>
[WebServer]         <DevRootHTTPAccessFallbackBoundary>
[WebServer]           <HTTPAccessFallbackBoundary notFound={<NotAllowedRootHTTPFallbackError>}>
[WebServer]             <HTTPAccessFallbackErrorBoundary pathname="/" notFound={<NotAllowedRootHTTPFallbackError>} ...>
[WebServer]               <RedirectBoundary>
[WebServer]                 <RedirectErrorBoundary router={{...}}>
[WebServer]                   <Head>
[WebServer]                   <__next_root_layout_boundary__>
[WebServer]                     <SegmentViewNode type="layout" pagePath="layout.tsx">
[WebServer]                       <SegmentTrieNode>
[WebServer]                       <link>
[WebServer]                       <script>
[WebServer]                       <RootLayout>
[WebServer]                         <html lang="en" className="geist_a715..." suppressHydrationWarning={true}>
[WebServer]                           <head>
[WebServer]                           <body
[WebServer]                             style={{
[WebServer] +                             background: "#05070A"
[WebServer] -                             background-image: "initial"
[WebServer] -                             background-position-x: "initial"
[WebServer] -                             background-position-y: "initial"
[WebServer] -                             background-size: "initial"
[WebServer] -                             background-repeat: "initial"
[WebServer] -                             background-attachment: "initial"
[WebServer] -                             background-origin: "initial"
[WebServer] -                             background-clip: "initial"
[WebServer] -                             background-color: "rgb(5, 7, 10)"
[WebServer]                             }}
[WebServer]                           >
[WebServer]                             ...
[WebServer]                               <motion.div>
[WebServer]                               <motion.div>
[WebServer]                               <motion.div>
[WebServer]                               <motion.div>
[WebServer]                               <motion.div initial={{opacity:0,scale:0}} whileInView={{opacity:1,scale:1}} 
...>
[WebServer]                                 <div
[WebServer]                                   className="absolute group cursor-none"
[WebServer]                                   onMouseEnter={function AboutSection[techNodes.map() > 
<motion.div>.onMouseEnter]}
[WebServer]                                   onMouseLeave={function AboutSection[techNodes.map() > 
<motion.div>.onMouseLeave]}
[WebServer]                                   style={{
[WebServer] +                                   left: "calc(50% + -80.00000000000007px - 50px)"
[WebServer] -                                   left: "calc(50% - 130px)"
[WebServer] +                                   top: "calc(50% + -138.56406460551014px - 20px)"
[WebServer] -                                   top: "calc(50% - 158.564px)"
[WebServer] +                                   opacity: 0
[WebServer] -                                   opacity: "0"
[WebServer] +                                   transform: "scale(0)"
[WebServer] -                                   transform: "scale(0)"
[WebServer]                                   }}
[WebServer]                                   ref={function useMotionRef.useCallback}
[WebServer]                                 >
[WebServer]                                   <div>
[WebServer]                                   <svg
[WebServer]                                     className="absolute pointer-events-none"
[WebServer]                                     style={{
[WebServer] +                                     left: "50%"
[WebServer] -                                     left: "50%"
[WebServer] +                                     top: "50%"
[WebServer] -                                     top: "50%"
[WebServer] +                                     width: 100.00000000000007
[WebServer] -                                     width: "100px"
[WebServer] +                                     height: 158.56406460551014
[WebServer] -                                     height: "158.564px"
[WebServer] +                                     transform: "translate(-80.00000000000007px, -138.56406460551014px)"
[WebServer] -                                     transform: "translate(-80px, -138.564px)"
[WebServer]                                     }}
[WebServer]                                   >
[WebServer]                                     <line
[WebServer]                                       x1={80.00000000000007}
[WebServer] +                                     y1={138.56406460551014}
[WebServer] -                                     y1="138.56406460551017"
[WebServer]                                       x2={0}
[WebServer]                                       y2={0}
[WebServer]                                       stroke="rgba(56, 189, 248, 0.08)"
[WebServer]                                       strokeWidth="1"
[WebServer]                                     >
[WebServer]                               ...
[WebServer]                   ...
[WebServer]  
[WebServer] [browser] THREE.Clock: This module has been deprecated. Please use THREE.Timer instead.
[WebServer] [browser] A tree hydrated but some attributes of the server rendered HTML didn't match the client 
properties. This won't be patched up. This can happen if a SSR-ed Client Component used:
[WebServer] 
[WebServer] - A server/client branch `if (typeof window !== 'undefined')`.
[WebServer] - Variable input such as `Date.now()` or `Math.random()` which changes each time it's called.
[WebServer] - Date formatting in a user's locale which doesn't match the server.
[WebServer] - External changing data without sending a snapshot of it along with the HTML.
[WebServer] - Invalid HTML tag nesting.
[WebServer] 
[WebServer] It can also happen if the client has a browser extension installed which messes with the HTML before React 
loaded.
[WebServer] 
[WebServer] https://react.dev/link/hydration-mismatch
[WebServer] 
[WebServer]   ...
[WebServer]     <HotReload globalError={[...]} webSocket={WebSocket} staticIndicatorState={{pathname:null, ...}}>
[WebServer]       <AppDevOverlayErrorBoundary globalError={[...]}>
[WebServer]         <ReplaySsrOnlyErrors>
[WebServer]         <DevRootHTTPAccessFallbackBoundary>
[WebServer]           <HTTPAccessFallbackBoundary notFound={<NotAllowedRootHTTPFallbackError>}>
[WebServer]             <HTTPAccessFallbackErrorBoundary pathname="/" notFound={<NotAllowedRootHTTPFallbackError>} ...>
[WebServer]               <RedirectBoundary>
[WebServer]                 <RedirectErrorBoundary router={{...}}>
[WebServer]                   <Head>
[WebServer]                   <__next_root_layout_boundary__>
[WebServer]                     <SegmentViewNode type="layout" pagePath="layout.tsx">
[WebServer]                       <SegmentTrieNode>
[WebServer]                       <link>
[WebServer]                       <script>
[WebServer]                       <RootLayout>
[WebServer]                         <html lang="en" className="geist_a715..." suppressHydrationWarning={true}>
[WebServer]                           <head>
[WebServer]                           <body
[WebServer]                             style={{
[WebServer] +                             background: "#05070A"
[WebServer] -                             background-image: "initial"
[WebServer] -                             background-position-x: "initial"
[WebServer] -                             background-position-y: "initial"
[WebServer] -                             background-size: "initial"
[WebServer] -                             background-repeat: "initial"
[WebServer] -                             background-attachment: "initial"
[WebServer] -                             background-origin: "initial"
[WebServer] -                             background-clip: "initial"
[WebServer] -                             background-color: "rgb(5, 7, 10)"
[WebServer]                             }}
[WebServer]                           >
[WebServer]                             ...
[WebServer]                               <motion.div>
[WebServer]                               <motion.div>
[WebServer]                               <motion.div>
[WebServer]                               <motion.div>
[WebServer]                               <motion.div initial={{opacity:0,scale:0}} whileInView={{opacity:1,scale:1}} 
...>
[WebServer]                                 <div
[WebServer]                                   className="absolute group cursor-none"
[WebServer]                                   onMouseEnter={function AboutSection[techNodes.map() > 
<motion.div>.onMouseEnter]}
[WebServer]                                   onMouseLeave={function AboutSection[techNodes.map() > 
<motion.div>.onMouseLeave]}
[WebServer]                                   style={{
[WebServer] +                                   left: "calc(50% + -80.00000000000007px - 50px)"
[WebServer] -                                   left: "calc(50% - 130px)"
[WebServer] +                                   top: "calc(50% + -138.56406460551014px - 20px)"
[WebServer] -                                   top: "calc(50% - 158.564px)"
[WebServer] +                                   opacity: 0
[WebServer] -                                   opacity: "0"
[WebServer] +                                   transform: "scale(0)"
[WebServer] -                                   transform: "scale(0)"
[WebServer]                                   }}
[WebServer]                                   ref={function useMotionRef.useCallback}
[WebServer]                                 >
[WebServer]                                   <div>
[WebServer]                                   <svg
[WebServer]                                     className="absolute pointer-events-none"
[WebServer]                                     style={{
[WebServer] +                                     left: "50%"
[WebServer] -                                     left: "50%"
[WebServer] +                                     top: "50%"
[WebServer] -                                     top: "50%"
[WebServer] +                                     width: 100.00000000000007
[WebServer] -                                     width: "100px"
[WebServer] +                                     height: 158.56406460551014
[WebServer] -                                     height: "158.564px"
[WebServer] +                                     transform: "translate(-80.00000000000007px, -138.56406460551014px)"
[WebServer] -                                     transform: "translate(-80px, -138.564px)"
[WebServer]                                     }}
[WebServer]                                   >
[WebServer]                                     <line
[WebServer]                                       x1={80.00000000000007}
[WebServer] +                                     y1={138.56406460551014}
[WebServer] -                                     y1="138.56406460551017"
[WebServer]                                       x2={0}
[WebServer]                                       y2={0}
[WebServer]                                       stroke="rgba(56, 189, 248, 0.08)"
[WebServer]                                       strokeWidth="1"
[WebServer]                                     >
[WebServer]                               ...
[WebServer]                   ...
[WebServer]  
[WebServer] [browser] THREE.Clock: This module has been deprecated. Please use THREE.Timer instead.
[WebServer] [browser] A tree hydrated but some attributes of the server rendered HTML didn't match the client 
properties. This won't be patched up. This can happen if a SSR-ed Client Component used:
[WebServer] 
[WebServer] - A server/client branch `if (typeof window !== 'undefined')`.
[WebServer] - Variable input such as `Date.now()` or `Math.random()` which changes each time it's called.
[WebServer] - Date formatting in a user's locale which doesn't match the server.
[WebServer] - External changing data without sending a snapshot of it along with the HTML.
[WebServer] - Invalid HTML tag nesting.
[WebServer] 
[WebServer] It can also happen if the client has a browser extension installed which messes with the HTML before React 
loaded.
[WebServer] 
[WebServer] https://react.dev/link/hydration-mismatch
[WebServer] 
[WebServer]   ...
[WebServer]     <HotReload globalError={[...]} webSocket={WebSocket} staticIndicatorState={{pathname:null, ...}}>
[WebServer]       <AppDevOverlayErrorBoundary globalError={[...]}>
[WebServer]         <ReplaySsrOnlyErrors>
[WebServer]         <DevRootHTTPAccessFallbackBoundary>
[WebServer]           <HTTPAccessFallbackBoundary notFound={<NotAllowedRootHTTPFallbackError>}>
[WebServer]             <HTTPAccessFallbackErrorBoundary pathname="/" notFound={<NotAllowedRootHTTPFallbackError>} ...>
[WebServer]               <RedirectBoundary>
[WebServer]                 <RedirectErrorBoundary router={{...}}>
[WebServer]                   <Head>
[WebServer]                   <__next_root_layout_boundary__>
[WebServer]                     <SegmentViewNode type="layout" pagePath="layout.tsx">
[WebServer]                       <SegmentTrieNode>
[WebServer]                       <link>
[WebServer]                       <script>
[WebServer]                       <RootLayout>
[WebServer]                         <html lang="en" className="geist_a715..." suppressHydrationWarning={true}>
[WebServer]                           <head>
[WebServer]                           <body
[WebServer]                             style={{
[WebServer] +                             background: "#05070A"
[WebServer] -                             background-image: "initial"
[WebServer] -                             background-position-x: "initial"
[WebServer] -                             background-position-y: "initial"
[WebServer] -                             background-size: "initial"
[WebServer] -                             background-repeat: "initial"
[WebServer] -                             background-attachment: "initial"
[WebServer] -                             background-origin: "initial"
[WebServer] -                             background-clip: "initial"
[WebServer] -                             background-color: "rgb(5, 7, 10)"
[WebServer]                             }}
[WebServer]                           >
[WebServer]                             ...
[WebServer]                               <motion.div>
[WebServer]                               <motion.div>
[WebServer]                               <motion.div>
[WebServer]                               <motion.div>
[WebServer]                               <motion.div initial={{opacity:0,scale:0}} whileInView={{opacity:1,scale:1}} 
...>
[WebServer]                                 <div
[WebServer]                                   className="absolute group cursor-none"
[WebServer]                                   onMouseEnter={function AboutSection[techNodes.map() > 
<motion.div>.onMouseEnter]}
[WebServer]                                   onMouseLeave={function AboutSection[techNodes.map() > 
<motion.div>.onMouseLeave]}
[WebServer]                                   style={{
[WebServer] +                                   left: "calc(50% + -80.00000000000007px - 50px)"
[WebServer] -                                   left: "calc(50% - 130px)"
[WebServer] +                                   top: "calc(50% + -138.56406460551014px - 20px)"
[WebServer] -                                   top: "calc(50% - 158.564px)"
[WebServer] +                                   opacity: 0
[WebServer] -                                   opacity: "0"
[WebServer] +                                   transform: "scale(0)"
[WebServer] -                                   transform: "scale(0)"
[WebServer]                                   }}
[WebServer]                                   ref={function useMotionRef.useCallback}
[WebServer]                                 >
[WebServer]                                   <div>
[WebServer]                                   <svg
[WebServer]                                     className="absolute pointer-events-none"
[WebServer]                                     style={{
[WebServer] +                                     left: "50%"
[WebServer] -                                     left: "50%"
[WebServer] +                                     top: "50%"
[WebServer] -                                     top: "50%"
[WebServer] +                                     width: 100.00000000000007
[WebServer] -                                     width: "100px"
[WebServer] +                                     height: 158.56406460551014
[WebServer] -                                     height: "158.564px"
[WebServer] +                                     transform: "translate(-80.00000000000007px, -138.56406460551014px)"
[WebServer] -                                     transform: "translate(-80px, -138.564px)"
[WebServer]                                     }}
[WebServer]                                   >
[WebServer]                                     <line
[WebServer]                                       x1={80.00000000000007}
[WebServer] +                                     y1={138.56406460551014}
[WebServer] -                                     y1="138.56406460551017"
[WebServer]                                       x2={0}
[WebServer]                                       y2={0}
[WebServer]                                       stroke="rgba(56, 189, 248, 0.08)"
[WebServer]                                       strokeWidth="1"
[WebServer]                                     >
[WebServer]                               ...
[WebServer]                   ...
[WebServer]  
[WebServer] [browser] THREE.Clock: This module has been deprecated. Please use THREE.Timer instead.
  Γ£ô   14 [chromium] ΓÇ║ tests\functional.spec.ts:76:7 ΓÇ║ Sections ΓÇ║ all major sections exist (26.3s)
[WebServer] [browser] A tree hydrated but some attributes of the server rendered HTML didn't match the client 
properties. This won't be patched up. This can happen if a SSR-ed Client Component used:
[WebServer] 
[WebServer] - A server/client branch `if (typeof window !== 'undefined')`.
[WebServer] - Variable input such as `Date.now()` or `Math.random()` which changes each time it's called.
[WebServer] - Date formatting in a user's locale which doesn't match the server.
[WebServer] - External changing data without sending a snapshot of it along with the HTML.
[WebServer] - Invalid HTML tag nesting.
[WebServer] 
[WebServer] It can also happen if the client has a browser extension installed which messes with the HTML before React 
loaded.
[WebServer] 
[WebServer] https://react.dev/link/hydration-mismatch
[WebServer] 
[WebServer]   ...
[WebServer]     <HotReload globalError={[...]} webSocket={WebSocket} staticIndicatorState={{pathname:null, ...}}>
[WebServer]       <AppDevOverlayErrorBoundary globalError={[...]}>
[WebServer]         <ReplaySsrOnlyErrors>
[WebServer]         <DevRootHTTPAccessFallbackBoundary>
[WebServer]           <HTTPAccessFallbackBoundary notFound={<NotAllowedRootHTTPFallbackError>}>
[WebServer]             <HTTPAccessFallbackErrorBoundary pathname="/" notFound={<NotAllowedRootHTTPFallbackError>} ...>
[WebServer]               <RedirectBoundary>
[WebServer]                 <RedirectErrorBoundary router={{...}}>
[WebServer]                   <Head>
[WebServer]                   <__next_root_layout_boundary__>
[WebServer]                     <SegmentViewNode type="layout" pagePath="layout.tsx">
[WebServer]                       <SegmentTrieNode>
[WebServer]                       <link>
[WebServer]                       <script>
[WebServer]                       <RootLayout>
[WebServer]                         <html lang="en" className="geist_a715..." suppressHydrationWarning={true}>
[WebServer]                           <head>
[WebServer]                           <body
[WebServer]                             style={{
[WebServer] +                             background: "#05070A"
[WebServer] -                             background-image: "initial"
[WebServer] -                             background-position-x: "initial"
[WebServer] -                             background-position-y: "initial"
[WebServer] -                             background-size: "initial"
[WebServer] -                             background-repeat: "initial"
[WebServer] -                             background-attachment: "initial"
[WebServer] -                             background-origin: "initial"
[WebServer] -                             background-clip: "initial"
[WebServer] -                             background-color: "rgb(5, 7, 10)"
[WebServer]                             }}
[WebServer]                           >
[WebServer]                             ...
[WebServer]                               <motion.div>
[WebServer]                               <motion.div>
[WebServer]                               <motion.div>
[WebServer]                               <motion.div>
[WebServer]                               <motion.div initial={{opacity:0,scale:0}} whileInView={{opacity:1,scale:1}} 
...>
[WebServer]                                 <div
[WebServer]                                   className="absolute group cursor-none"
[WebServer]                                   onMouseEnter={function AboutSection[techNodes.map() > 
<motion.div>.onMouseEnter]}
[WebServer]                                   onMouseLeave={function AboutSection[techNodes.map() > 
<motion.div>.onMouseLeave]}
[WebServer]                                   style={{
[WebServer] +                                   left: "calc(50% + -80.00000000000007px - 50px)"
[WebServer] -                                   left: "calc(50% - 130px)"
[WebServer] +                                   top: "calc(50% + -138.56406460551014px - 20px)"
[WebServer] -                                   top: "calc(50% - 158.564px)"
[WebServer] +                                   opacity: 0
[WebServer] -                                   opacity: "0"
[WebServer] +                                   transform: "scale(0)"
[WebServer] -                                   transform: "scale(0)"
[WebServer]                                   }}
[WebServer]                                   ref={function useMotionRef.useCallback}
[WebServer]                                 >
[WebServer]                                   <div>
[WebServer]                                   <svg
[WebServer]                                     className="absolute pointer-events-none"
[WebServer]                                     style={{
[WebServer] +                                     left: "50%"
[WebServer] -                                     left: "50%"
[WebServer] +                                     top: "50%"
[WebServer] -                                     top: "50%"
[WebServer] +                                     width: 100.00000000000007
[WebServer] -                                     width: "100px"
[WebServer] +                                     height: 158.56406460551014
[WebServer] -                                     height: "158.564px"
[WebServer] +                                     transform: "translate(-80.00000000000007px, -138.56406460551014px)"
[WebServer] -                                     transform: "translate(-80px, -138.564px)"
[WebServer]                                     }}
[WebServer]                                   >
[WebServer]                                     <line
[WebServer]                                       x1={80.00000000000007}
[WebServer] +                                     y1={138.56406460551014}
[WebServer] -                                     y1="138.56406460551017"
[WebServer]                                       x2={0}
[WebServer]                                       y2={0}
[WebServer]                                       stroke="rgba(56, 189, 248, 0.08)"
[WebServer]                                       strokeWidth="1"
[WebServer]                                     >
[WebServer]                               ...
[WebServer]                   ...
[WebServer]  
[WebServer] [browser] THREE.Clock: This module has been deprecated. Please use THREE.Timer instead.
  Γ£ÿ   15 [chromium] ΓÇ║ tests\functional.spec.ts:88:7 ΓÇ║ Sections ΓÇ║ QA Lab section displays stages (27.5s)
  Γ£ÿ   12 [chromium] ΓÇ║ tests\functional.spec.ts:59:7 ΓÇ║ Contact form ΓÇ║ contact form accepts valid email (1.0m)
  Γ£ÿ   13 [chromium] ΓÇ║ tests\functional.spec.ts:45:7 ΓÇ║ Contact form ΓÇ║ contact form validates invalid email (1.0m)
  Γ£ô   16 [chromium] ΓÇ║ tests\functional.spec.ts:108:7 ΓÇ║ Branding ΓÇ║ Full Stack Developer is not present (1.9s)
[WebServer] [browser] A tree hydrated but some attributes of the server rendered HTML didn't match the client 
properties. This won't be patched up. This can happen if a SSR-ed Client Component used:
[WebServer] 
[WebServer] - A server/client branch `if (typeof window !== 'undefined')`.
[WebServer] - Variable input such as `Date.now()` or `Math.random()` which changes each time it's called.
[WebServer] - Date formatting in a user's locale which doesn't match the server.
[WebServer] - External changing data without sending a snapshot of it along with the HTML.
[WebServer] - Invalid HTML tag nesting.
[WebServer] 
[WebServer] It can also happen if the client has a browser extension installed which messes with the HTML before React 
loaded.
[WebServer] 
[WebServer] https://react.dev/link/hydration-mismatch
[WebServer] 
[WebServer]   ...
[WebServer]     <HotReload globalError={[...]} webSocket={WebSocket} staticIndicatorState={{pathname:null, ...}}>
[WebServer]       <AppDevOverlayErrorBoundary globalError={[...]}>
[WebServer]         <ReplaySsrOnlyErrors>
[WebServer]         <DevRootHTTPAccessFallbackBoundary>
[WebServer]           <HTTPAccessFallbackBoundary notFound={<NotAllowedRootHTTPFallbackError>}>
[WebServer]             <HTTPAccessFallbackErrorBoundary pathname="/" notFound={<NotAllowedRootHTTPFallbackError>} ...>
[WebServer]               <RedirectBoundary>
[WebServer]                 <RedirectErrorBoundary router={{...}}>
[WebServer]                   <Head>
[WebServer]                   <__next_root_layout_boundary__>
[WebServer]                     <SegmentViewNode type="layout" pagePath="layout.tsx">
[WebServer]                       <SegmentTrieNode>
[WebServer]                       <link>
[WebServer]                       <script>
[WebServer]                       <RootLayout>
[WebServer]                         <html lang="en" className="geist_a715..." suppressHydrationWarning={true}>
[WebServer]                           <head>
[WebServer]                           <body
[WebServer]                             style={{
[WebServer] +                             background: "#05070A"
[WebServer] -                             background-image: "initial"
[WebServer] -                             background-position-x: "initial"
[WebServer] -                             background-position-y: "initial"
[WebServer] -                             background-size: "initial"
[WebServer] -                             background-repeat: "initial"
[WebServer] -                             background-attachment: "initial"
[WebServer] -                             background-origin: "initial"
[WebServer] -                             background-clip: "initial"
[WebServer] -                             background-color: "rgb(5, 7, 10)"
[WebServer]                             }}
[WebServer]                           >
[WebServer]                             ...
[WebServer]                               <motion.div>
[WebServer]                               <motion.div>
[WebServer]                               <motion.div>
[WebServer]                               <motion.div>
[WebServer]                               <motion.div initial={{opacity:0,scale:0}} whileInView={{opacity:1,scale:1}} 
...>
[WebServer]                                 <div
[WebServer]                                   className="absolute group cursor-none"
[WebServer]                                   onMouseEnter={function AboutSection[techNodes.map() > 
<motion.div>.onMouseEnter]}
[WebServer]                                   onMouseLeave={function AboutSection[techNodes.map() > 
<motion.div>.onMouseLeave]}
[WebServer]                                   style={{
[WebServer] +                                   left: "calc(50% + -80.00000000000007px - 50px)"
[WebServer] -                                   left: "calc(50% - 130px)"
[WebServer] +                                   top: "calc(50% + -138.56406460551014px - 20px)"
[WebServer] -                                   top: "calc(50% - 158.564px)"
[WebServer] +                                   opacity: 0
[WebServer] -                                   opacity: "0"
[WebServer] +                                   transform: "scale(0)"
[WebServer] -                                   transform: "scale(0)"
[WebServer]                                   }}
[WebServer]                                   ref={function useMotionRef.useCallback}
[WebServer]                                 >
[WebServer]                                   <div>
[WebServer]                                   <svg
[WebServer]                                     className="absolute pointer-events-none"
[WebServer]                                     style={{
[WebServer] +                                     left: "50%"
[WebServer] -                                     left: "50%"
[WebServer] +                                     top: "50%"
[WebServer] -                                     top: "50%"
[WebServer] +                                     width: 100.00000000000007
[WebServer] -                                     width: "100px"
[WebServer] +                                     height: 158.56406460551014
[WebServer] -                                     height: "158.564px"
[WebServer] +                                     transform: "translate(-80.00000000000007px, -138.56406460551014px)"
[WebServer] -                                     transform: "translate(-80px, -138.564px)"
[WebServer]                                     }}
[WebServer]                                   >
[WebServer]                                     <line
[WebServer]                                       x1={80.00000000000007}
[WebServer] +                                     y1={138.56406460551014}
[WebServer] -                                     y1="138.56406460551017"
[WebServer]                                       x2={0}
[WebServer]                                       y2={0}
[WebServer]                                       stroke="rgba(56, 189, 248, 0.08)"
[WebServer]                                       strokeWidth="1"
[WebServer]                                     >
[WebServer]                               ...
[WebServer]                   ...
[WebServer]  
  Γ£ô   19 [chromium] ΓÇ║ tests\functional.spec.ts:125:7 ΓÇ║ 404 ΓÇ║ shows 404 for non-existent page (1.8s)
[WebServer] [browser] THREE.Clock: This module has been deprecated. Please use THREE.Timer instead.
[WebServer] [browser] A tree hydrated but some attributes of the server rendered HTML didn't match the client 
properties. This won't be patched up. This can happen if a SSR-ed Client Component used:
[WebServer] 
[WebServer] - A server/client branch `if (typeof window !== 'undefined')`.
[WebServer] - Variable input such as `Date.now()` or `Math.random()` which changes each time it's called.
[WebServer] - Date formatting in a user's locale which doesn't match the server.
[WebServer] - External changing data without sending a snapshot of it along with the HTML.
[WebServer] - Invalid HTML tag nesting.
[WebServer] 
[WebServer] It can also happen if the client has a browser extension installed which messes with the HTML before React 
loaded.
[WebServer] 
[WebServer] https://react.dev/link/hydration-mismatch
[WebServer] 
[WebServer]   ...
[WebServer]     <HotReload globalError={[...]} webSocket={WebSocket} staticIndicatorState={{pathname:null, ...}}>
[WebServer]       <AppDevOverlayErrorBoundary globalError={[...]}>
[WebServer]         <ReplaySsrOnlyErrors>
[WebServer]         <DevRootHTTPAccessFallbackBoundary>
[WebServer]           <HTTPAccessFallbackBoundary notFound={<NotAllowedRootHTTPFallbackError>}>
[WebServer]             <HTTPAccessFallbackErrorBoundary pathname="/" notFound={<NotAllowedRootHTTPFallbackError>} ...>
[WebServer]               <RedirectBoundary>
[WebServer]                 <RedirectErrorBoundary router={{...}}>
[WebServer]                   <Head>
[WebServer]                   <__next_root_layout_boundary__>
[WebServer]                     <SegmentViewNode type="layout" pagePath="layout.tsx">
[WebServer]                       <SegmentTrieNode>
[WebServer]                       <link>
[WebServer]                       <script>
[WebServer]                       <RootLayout>
[WebServer]                         <html lang="en" className="geist_a715..." suppressHydrationWarning={true}>
[WebServer]                           <head>
[WebServer]                           <body
[WebServer]                             style={{
[WebServer] +                             background: "#05070A"
[WebServer] -                             background-image: "initial"
[WebServer] -                             background-position-x: "initial"
[WebServer] -                             background-position-y: "initial"
[WebServer] -                             background-size: "initial"
[WebServer] -                             background-repeat: "initial"
[WebServer] -                             background-attachment: "initial"
[WebServer] -                             background-origin: "initial"
[WebServer] -                             background-clip: "initial"
[WebServer] -                             background-color: "rgb(5, 7, 10)"
[WebServer]                             }}
[WebServer]                           >
[WebServer]                             ...
[WebServer]                               <motion.div>
[WebServer]                               <motion.div>
[WebServer]                               <motion.div>
[WebServer]                               <motion.div>
[WebServer]                               <motion.div initial={{opacity:0,scale:0}} whileInView={{opacity:1,scale:1}} 
...>
[WebServer]                                 <div
[WebServer]                                   className="absolute group cursor-none"
[WebServer]                                   onMouseEnter={function AboutSection[techNodes.map() > 
<motion.div>.onMouseEnter]}
[WebServer]                                   onMouseLeave={function AboutSection[techNodes.map() > 
<motion.div>.onMouseLeave]}
[WebServer]                                   style={{
[WebServer] +                                   left: "calc(50% + -80.00000000000007px - 50px)"
[WebServer] -                                   left: "calc(50% - 130px)"
[WebServer] +                                   top: "calc(50% + -138.56406460551014px - 20px)"
[WebServer] -                                   top: "calc(50% - 158.564px)"
[WebServer] +                                   opacity: 0
[WebServer] -                                   opacity: "0"
[WebServer] +                                   transform: "scale(0)"
[WebServer] -                                   transform: "scale(0)"
[WebServer]                                   }}
[WebServer]                                   ref={function useMotionRef.useCallback}
[WebServer]                                 >
[WebServer]                                   <div>
[WebServer]                                   <svg
[WebServer]                                     className="absolute pointer-events-none"
[WebServer]                                     style={{
[WebServer] +                                     left: "50%"
[WebServer] -                                     left: "50%"
[WebServer] +                                     top: "50%"
[WebServer] -                                     top: "50%"
[WebServer] +                                     width: 100.00000000000007
[WebServer] -                                     width: "100px"
[WebServer] +                                     height: 158.56406460551014
[WebServer] -                                     height: "158.564px"
[WebServer] +                                     transform: "translate(-80.00000000000007px, -138.56406460551014px)"
[WebServer] -                                     transform: "translate(-80px, -138.564px)"
[WebServer]                                     }}
[WebServer]                                   >
[WebServer]                                     <line
[WebServer]                                       x1={80.00000000000007}
[WebServer] +                                     y1={138.56406460551014}
[WebServer] -                                     y1="138.56406460551017"
[WebServer]                                       x2={0}
[WebServer]                                       y2={0}
[WebServer]                                       stroke="rgba(56, 189, 248, 0.08)"
[WebServer]                                       strokeWidth="1"
[WebServer]                                     >
[WebServer]                               ...
[WebServer]                   ...
[WebServer]  
[WebServer] [browser] THREE.Clock: This module has been deprecated. Please use THREE.Timer instead.
  Γ£ô   20 [chromium] ΓÇ║ tests\navigation.spec.ts:11:7 ΓÇ║ Page load ΓÇ║ homepage loads with correct title (4.7s)
  Γ£ÿ   17 [chromium] ΓÇ║ tests\functional.spec.ts:98:7 ΓÇ║ Sections ΓÇ║ projects section shows project cards (9.2s)
  Γ£ÿ   18 [chromium] ΓÇ║ tests\functional.spec.ts:117:7 ΓÇ║ Branding ΓÇ║ QA Engineer is present (9.4s)
[WebServer] [browser] A tree hydrated but some attributes of the server rendered HTML didn't match the client 
properties. This won't be patched up. This can happen if a SSR-ed Client Component used:
[WebServer] 
[WebServer] - A server/client branch `if (typeof window !== 'undefined')`.
[WebServer] - Variable input such as `Date.now()` or `Math.random()` which changes each time it's called.
[WebServer] - Date formatting in a user's locale which doesn't match the server.
[WebServer] - External changing data without sending a snapshot of it along with the HTML.
[WebServer] - Invalid HTML tag nesting.
[WebServer] 
[WebServer] It can also happen if the client has a browser extension installed which messes with the HTML before React 
loaded.
[WebServer] 
[WebServer] https://react.dev/link/hydration-mismatch
[WebServer] 
[WebServer]   ...
[WebServer]     <HotReload globalError={[...]} webSocket={WebSocket} staticIndicatorState={{pathname:null, ...}}>
[WebServer]       <AppDevOverlayErrorBoundary globalError={[...]}>
[WebServer]         <ReplaySsrOnlyErrors>
[WebServer]         <DevRootHTTPAccessFallbackBoundary>
[WebServer]           <HTTPAccessFallbackBoundary notFound={<NotAllowedRootHTTPFallbackError>}>
[WebServer]             <HTTPAccessFallbackErrorBoundary pathname="/" notFound={<NotAllowedRootHTTPFallbackError>} ...>
[WebServer]               <RedirectBoundary>
[WebServer]                 <RedirectErrorBoundary router={{...}}>
[WebServer]                   <Head>
[WebServer]                   <__next_root_layout_boundary__>
[WebServer]                     <SegmentViewNode type="layout" pagePath="layout.tsx">
[WebServer]                       <SegmentTrieNode>
[WebServer]                       <link>
[WebServer]                       <script>
[WebServer]                       <RootLayout>
[WebServer]                         <html lang="en" className="geist_a715..." suppressHydrationWarning={true}>
[WebServer]                           <head>
[WebServer]                           <body
[WebServer]                             style={{
[WebServer] +                             background: "#05070A"
[WebServer] -                             background-image: "initial"
[WebServer] -                             background-position-x: "initial"
[WebServer] -                             background-position-y: "initial"
[WebServer] -                             background-size: "initial"
[WebServer] -                             background-repeat: "initial"
[WebServer] -                             background-attachment: "initial"
[WebServer] -                             background-origin: "initial"
[WebServer] -                             background-clip: "initial"
[WebServer] -                             background-color: "rgb(5, 7, 10)"
[WebServer]                             }}
[WebServer]                           >
[WebServer]                             ...
[WebServer]                               <motion.div>
[WebServer]                               <motion.div>
[WebServer]                               <motion.div>
[WebServer]                               <motion.div>
[WebServer]                               <motion.div initial={{opacity:0,scale:0}} whileInView={{opacity:1,scale:1}} 
...>
[WebServer]                                 <div
[WebServer]                                   className="absolute group cursor-none"
[WebServer]                                   onMouseEnter={function AboutSection[techNodes.map() > 
<motion.div>.onMouseEnter]}
[WebServer]                                   onMouseLeave={function AboutSection[techNodes.map() > 
<motion.div>.onMouseLeave]}
[WebServer]                                   style={{
[WebServer] +                                   left: "calc(50% + -80.00000000000007px - 50px)"
[WebServer] -                                   left: "calc(50% - 130px)"
[WebServer] +                                   top: "calc(50% + -138.56406460551014px - 20px)"
[WebServer] -                                   top: "calc(50% - 158.564px)"
[WebServer] +                                   opacity: 0
[WebServer] -                                   opacity: "0"
[WebServer] +                                   transform: "scale(0)"
[WebServer] -                                   transform: "scale(0)"
[WebServer]                                   }}
[WebServer]                                   ref={function useMotionRef.useCallback}
[WebServer]                                 >
[WebServer]                                   <div>
[WebServer]                                   <svg
[WebServer]                                     className="absolute pointer-events-none"
[WebServer]                                     style={{
[WebServer] +                                     left: "50%"
[WebServer] -                                     left: "50%"
[WebServer] +                                     top: "50%"
[WebServer] -                                     top: "50%"
[WebServer] +                                     width: 100.00000000000007
[WebServer] -                                     width: "100px"
[WebServer] +                                     height: 158.56406460551014
[WebServer] -                                     height: "158.564px"
[WebServer] +                                     transform: "translate(-80.00000000000007px, -138.56406460551014px)"
[WebServer] -                                     transform: "translate(-80px, -138.564px)"
[WebServer]                                     }}
[WebServer]                                   >
[WebServer]                                     <line
[WebServer]                                       x1={80.00000000000007}
[WebServer] +                                     y1={138.56406460551014}
[WebServer] -                                     y1="138.56406460551017"
[WebServer]                                       x2={0}
[WebServer]                                       y2={0}
[WebServer]                                       stroke="rgba(56, 189, 248, 0.08)"
[WebServer]                                       strokeWidth="1"
[WebServer]                                     >
[WebServer]                               ...
[WebServer]                   ...
[WebServer]  
[WebServer] [browser] THREE.Clock: This module has been deprecated. Please use THREE.Timer instead.
  Γ£ô   21 [chromium] ΓÇ║ tests\navigation.spec.ts:16:7 ΓÇ║ Page load ΓÇ║ hero section is visible with name and title (7.6s)
  Γ£ô   22 [chromium] ΓÇ║ tests\navigation.spec.ts:26:7 ΓÇ║ Page load ΓÇ║ main landmark is present (3.0s)
  Γ£ô   24 [chromium] ΓÇ║ tests\navigation.spec.ts:41:7 ΓÇ║ Scroll ΓÇ║ no horizontal overflow on desktop (3.0s)
  Γ£ô   23 [chromium] ΓÇ║ tests\navigation.spec.ts:33:7 ΓÇ║ Scroll ΓÇ║ page can scroll down (3.1s)
[WebServer] [browser] A tree hydrated but some attributes of the server rendered HTML didn't match the client 
properties. This won't be patched up. This can happen if a SSR-ed Client Component used:
[WebServer] 
[WebServer] - A server/client branch `if (typeof window !== 'undefined')`.
[WebServer] - Variable input such as `Date.now()` or `Math.random()` which changes each time it's called.
[WebServer] - Date formatting in a user's locale which doesn't match the server.
[WebServer] - External changing data without sending a snapshot of it along with the HTML.
[WebServer] - Invalid HTML tag nesting.
[WebServer] 
[WebServer] It can also happen if the client has a browser extension installed which messes with the HTML before React 
loaded.
[WebServer] 
[WebServer] https://react.dev/link/hydration-mismatch
[WebServer] 
[WebServer]   ...
[WebServer]     <ClientPageRoot Component={function Home} serverProvidedParams={{...}}>
[WebServer]       <Home params={Promise} searchParams={Promise}>
[WebServer]         <CursorProvider>
[WebServer]           <BootSequence>
[WebServer]           <CustomCursor>
[WebServer]           <div>
[WebServer]           <Scene>
[WebServer]           <NavigationHUD>
[WebServer]           <ScrollIndicator>
[WebServer]           <main className="content-layer" style={{opacity:0, ...}}>
[WebServer]             <HeroSection>
[WebServer]             <AboutSection>
[WebServer]               <section id="about" className="relative p...">
[WebServer]                 <div>
[WebServer]                 <div className="relative z...">
[WebServer]                   <SectionLabel>
[WebServer]                   <div className="grid grid-...">
[WebServer]                     <motion.div>
[WebServer]                     <motion.div initial={{opacity:0,x:30}} whileInView={{opacity:1,x:0}} 
viewport={{once:true}} ...>
[WebServer]                       <div className="relative h..." style={{opacity:0, ...}} ref={function 
useMotionRef.useCallback}>
[WebServer]                         <div>
[WebServer]                         <motion.div>
[WebServer]                         <motion.div>
[WebServer]                         <motion.div>
[WebServer]                         <motion.div>
[WebServer]                         <motion.div initial={{opacity:0,scale:0}} whileInView={{opacity:1,scale:1}} ...>
[WebServer]                           <div
[WebServer]                             className="absolute group cursor-none"
[WebServer]                             onMouseEnter={function AboutSection[techNodes.map() > 
<motion.div>.onMouseEnter]}
[WebServer]                             onMouseLeave={function AboutSection[techNodes.map() > 
<motion.div>.onMouseLeave]}
[WebServer]                             style={{
[WebServer] +                             left: "calc(50% + -80.00000000000007px - 50px)"
[WebServer] -                             left: "calc(50% - 130px)"
[WebServer] +                             top: "calc(50% + -138.56406460551014px - 20px)"
[WebServer] -                             top: "calc(50% - 158.564px)"
[WebServer] +                             opacity: 0
[WebServer] -                             opacity: "0"
[WebServer] +                             transform: "scale(0)"
[WebServer] -                             transform: "scale(0)"
[WebServer]                             }}
[WebServer]                             ref={function useMotionRef.useCallback}
[WebServer]                           >
[WebServer]                             <div>
[WebServer]                             <svg
[WebServer]                               className="absolute pointer-events-none"
[WebServer]                               style={{
[WebServer] +                               left: "50%"
[WebServer] -                               left: "50%"
[WebServer] +                               top: "50%"
[WebServer] -                               top: "50%"
[WebServer] +                               width: 100.00000000000007
[WebServer] -                               width: "100px"
[WebServer] +                               height: 158.56406460551014
[WebServer] -                               height: "158.564px"
[WebServer] +                               transform: "translate(-80.00000000000007px, -138.56406460551014px)"
[WebServer] -                               transform: "translate(-80px, -138.564px)"
[WebServer]                               }}
[WebServer]                             >
[WebServer]                               <line
[WebServer]                                 x1={80.00000000000007}
[WebServer] +                               y1={138.56406460551014}
[WebServer] -                               y1="138.56406460551017"
[WebServer]                                 x2={0}
[WebServer]                                 y2={0}
[WebServer]                                 stroke="rgba(56, 189, 248, 0.08)"
[WebServer]                                 strokeWidth="1"
[WebServer]                               >
[WebServer]                         ...
[WebServer]                     ...
[WebServer]             ...
[WebServer]  
[WebServer] [browser] THREE.Clock: This module has been deprecated. Please use THREE.Timer instead.
  Γ£ô   25 [chromium] ΓÇ║ tests\navigation.spec.ts:52:7 ΓÇ║ Desktop navigation ΓÇ║ desktop nav is visible (7.8s)
[WebServer] [browser] A tree hydrated but some attributes of the server rendered HTML didn't match the client 
properties. This won't be patched up. This can happen if a SSR-ed Client Component used:
[WebServer] 
[WebServer] - A server/client branch `if (typeof window !== 'undefined')`.
[WebServer] - Variable input such as `Date.now()` or `Math.random()` which changes each time it's called.
[WebServer] - Date formatting in a user's locale which doesn't match the server.
[WebServer] - External changing data without sending a snapshot of it along with the HTML.
[WebServer] - Invalid HTML tag nesting.
[WebServer] 
[WebServer] It can also happen if the client has a browser extension installed which messes with the HTML before React 
loaded.
[WebServer] 
[WebServer] https://react.dev/link/hydration-mismatch
[WebServer] 
[WebServer]   ...
[WebServer]     <ClientPageRoot Component={function Home} serverProvidedParams={{...}}>
[WebServer]       <Home params={Promise} searchParams={Promise}>
[WebServer]         <CursorProvider>
[WebServer]           <BootSequence>
[WebServer]           <CustomCursor>
[WebServer]           <div>
[WebServer]           <Scene>
[WebServer]           <NavigationHUD>
[WebServer]           <ScrollIndicator>
[WebServer]           <main className="content-layer" style={{opacity:0, ...}}>
[WebServer]             <HeroSection>
[WebServer]             <AboutSection>
[WebServer]               <section id="about" className="relative p...">
[WebServer]                 <div>
[WebServer]                 <div className="relative z...">
[WebServer]                   <SectionLabel>
[WebServer]                   <div className="grid grid-...">
[WebServer]                     <motion.div>
[WebServer]                     <motion.div initial={{opacity:0,x:30}} whileInView={{opacity:1,x:0}} 
viewport={{once:true}} ...>
[WebServer]                       <div className="relative h..." style={{opacity:0, ...}} ref={function 
useMotionRef.useCallback}>
[WebServer]                         <div>
[WebServer]                         <motion.div>
[WebServer]                         <motion.div>
[WebServer]                         <motion.div>
[WebServer]                         <motion.div>
[WebServer]                         <motion.div initial={{opacity:0,scale:0}} whileInView={{opacity:1,scale:1}} ...>
[WebServer]                           <div
[WebServer]                             className="absolute group cursor-none"
[WebServer]                             onMouseEnter={function AboutSection[techNodes.map() > 
<motion.div>.onMouseEnter]}
[WebServer]                             onMouseLeave={function AboutSection[techNodes.map() > 
<motion.div>.onMouseLeave]}
[WebServer]                             style={{
[WebServer] +                             left: "calc(50% + -80.00000000000007px - 50px)"
[WebServer] -                             left: "calc(50% - 130px)"
[WebServer] +                             top: "calc(50% + -138.56406460551014px - 20px)"
[WebServer] -                             top: "calc(50% - 158.564px)"
[WebServer] +                             opacity: 0
[WebServer] -                             opacity: "0"
[WebServer] +                             transform: "scale(0)"
[WebServer] -                             transform: "scale(0)"
[WebServer]                             }}
[WebServer]                             ref={function useMotionRef.useCallback}
[WebServer]                           >
[WebServer]                             <div>
[WebServer]                             <svg
[WebServer]                               className="absolute pointer-events-none"
[WebServer]                               style={{
[WebServer] +                               left: "50%"
[WebServer] -                               left: "50%"
[WebServer] +                               top: "50%"
[WebServer] -                               top: "50%"
[WebServer] +                               width: 100.00000000000007
[WebServer] -                               width: "100px"
[WebServer] +                               height: 158.56406460551014
[WebServer] -                               height: "158.564px"
[WebServer] +                               transform: "translate(-80.00000000000007px, -138.56406460551014px)"
[WebServer] -                               transform: "translate(-80px, -138.564px)"
[WebServer]                               }}
[WebServer]                             >
[WebServer]                               <line
[WebServer]                                 x1={80.00000000000007}
[WebServer] +                               y1={138.56406460551014}
[WebServer] -                               y1="138.56406460551017"
[WebServer]                                 x2={0}
[WebServer]                                 y2={0}
[WebServer]                                 stroke="rgba(56, 189, 248, 0.08)"
[WebServer]                                 strokeWidth="1"
[WebServer]                               >
[WebServer]                         ...
[WebServer]                     ...
[WebServer]             ...
[WebServer]  
[WebServer] [browser] A tree hydrated but some attributes of the server rendered HTML didn't match the client 
properties. This won't be patched up. This can happen if a SSR-ed Client Component used:
[WebServer] 
[WebServer] - A server/client branch `if (typeof window !== 'undefined')`.
[WebServer] - Variable input such as `Date.now()` or `Math.random()` which changes each time it's called.
[WebServer] - Date formatting in a user's locale which doesn't match the server.
[WebServer] - External changing data without sending a snapshot of it along with the HTML.
[WebServer] - Invalid HTML tag nesting.
[WebServer] 
[WebServer] It can also happen if the client has a browser extension installed which messes with the HTML before React 
loaded.
[WebServer] 
[WebServer] https://react.dev/link/hydration-mismatch
[WebServer] 
[WebServer]   ...
[WebServer]     <ClientPageRoot Component={function Home} serverProvidedParams={{...}}>
[WebServer]       <Home params={Promise} searchParams={Promise}>
[WebServer]         <CursorProvider>
[WebServer]           <BootSequence>
[WebServer]           <CustomCursor>
[WebServer]           <div>
[WebServer]           <Scene>
[WebServer]           <NavigationHUD>
[WebServer]           <ScrollIndicator>
[WebServer]           <main className="content-layer" style={{opacity:0, ...}}>
[WebServer]             <HeroSection>
[WebServer]             <AboutSection>
[WebServer]               <section id="about" className="relative p...">
[WebServer]                 <div>
[WebServer]                 <div className="relative z...">
[WebServer]                   <SectionLabel>
[WebServer]                   <div className="grid grid-...">
[WebServer]                     <motion.div>
[WebServer]                     <motion.div initial={{opacity:0,x:30}} whileInView={{opacity:1,x:0}} 
viewport={{once:true}} ...>
[WebServer]                       <div className="relative h..." style={{opacity:0, ...}} ref={function 
useMotionRef.useCallback}>
[WebServer]                         <div>
[WebServer]                         <motion.div>
[WebServer]                         <motion.div>
[WebServer]                         <motion.div>
[WebServer]                         <motion.div>
[WebServer]                         <motion.div initial={{opacity:0,scale:0}} whileInView={{opacity:1,scale:1}} ...>
[WebServer]                           <div
[WebServer]                             className="absolute group cursor-none"
[WebServer]                             onMouseEnter={function AboutSection[techNodes.map() > 
<motion.div>.onMouseEnter]}
[WebServer]                             onMouseLeave={function AboutSection[techNodes.map() > 
<motion.div>.onMouseLeave]}
[WebServer]                             style={{
[WebServer] +                             left: "calc(50% + -80.00000000000007px - 50px)"
[WebServer] -                             left: "calc(50% - 130px)"
[WebServer] +                             top: "calc(50% + -138.56406460551014px - 20px)"
[WebServer] -                             top: "calc(50% - 158.564px)"
[WebServer] +                             opacity: 0
[WebServer] -                             opacity: "0"
[WebServer] +                             transform: "scale(0)"
[WebServer] -                             transform: "scale(0)"
[WebServer]                             }}
[WebServer]                             ref={function useMotionRef.useCallback}
[WebServer]                           >
[WebServer]                             <div>
[WebServer]                             <svg
[WebServer]                               className="absolute pointer-events-none"
[WebServer]                               style={{
[WebServer] +                               left: "50%"
[WebServer] -                               left: "50%"
[WebServer] +                               top: "50%"
[WebServer] -                               top: "50%"
[WebServer] +                               width: 100.00000000000007
[WebServer] -                               width: "100px"
[WebServer] +                               height: 158.56406460551014
[WebServer] -                               height: "158.564px"
[WebServer] +                               transform: "translate(-80.00000000000007px, -138.56406460551014px)"
[WebServer] -                               transform: "translate(-80px, -138.564px)"
[WebServer]                               }}
[WebServer]                             >
[WebServer]                               <line
[WebServer]                                 x1={80.00000000000007}
[WebServer] +                               y1={138.56406460551014}
[WebServer] -                               y1="138.56406460551017"
[WebServer]                                 x2={0}
[WebServer]                                 y2={0}
[WebServer]                                 stroke="rgba(56, 189, 248, 0.08)"
[WebServer]                                 strokeWidth="1"
[WebServer]                               >
[WebServer]                         ...
[WebServer]                     ...
[WebServer]             ...
[WebServer]  
[WebServer] [browser] THREE.Clock: This module has been deprecated. Please use THREE.Timer instead.
[WebServer] [browser] THREE.Clock: This module has been deprecated. Please use THREE.Timer instead.
[WebServer] [browser] A tree hydrated but some attributes of the server rendered HTML didn't match the client 
properties. This won't be patched up. This can happen if a SSR-ed Client Component used:
[WebServer] 
[WebServer] - A server/client branch `if (typeof window !== 'undefined')`.
[WebServer] - Variable input such as `Date.now()` or `Math.random()` which changes each time it's called.
[WebServer] - Date formatting in a user's locale which doesn't match the server.
[WebServer] - External changing data without sending a snapshot of it along with the HTML.
[WebServer] - Invalid HTML tag nesting.
[WebServer] 
[WebServer] It can also happen if the client has a browser extension installed which messes with the HTML before React 
loaded.
[WebServer] 
[WebServer] https://react.dev/link/hydration-mismatch
[WebServer] 
[WebServer]   ...
[WebServer]     <HotReload globalError={[...]} webSocket={WebSocket} staticIndicatorState={{pathname:null, ...}}>
[WebServer]       <AppDevOverlayErrorBoundary globalError={[...]}>
[WebServer]         <ReplaySsrOnlyErrors>
[WebServer]         <DevRootHTTPAccessFallbackBoundary>
[WebServer]           <HTTPAccessFallbackBoundary notFound={<NotAllowedRootHTTPFallbackError>}>
[WebServer]             <HTTPAccessFallbackErrorBoundary pathname="/" notFound={<NotAllowedRootHTTPFallbackError>} ...>
[WebServer]               <RedirectBoundary>
[WebServer]                 <RedirectErrorBoundary router={{...}}>
[WebServer]                   <Head>
[WebServer]                   <__next_root_layout_boundary__>
[WebServer]                     <SegmentViewNode type="layout" pagePath="layout.tsx">
[WebServer]                       <SegmentTrieNode>
[WebServer]                       <link>
[WebServer]                       <script>
[WebServer]                       <RootLayout>
[WebServer]                         <html lang="en" className="geist_a715..." suppressHydrationWarning={true}>
[WebServer]                           <head>
[WebServer]                           <body
[WebServer]                             style={{
[WebServer] +                             background: "#05070A"
[WebServer] -                             background-image: "initial"
[WebServer] -                             background-position-x: "initial"
[WebServer] -                             background-position-y: "initial"
[WebServer] -                             background-size: "initial"
[WebServer] -                             background-repeat: "initial"
[WebServer] -                             background-attachment: "initial"
[WebServer] -                             background-origin: "initial"
[WebServer] -                             background-clip: "initial"
[WebServer] -                             background-color: "rgb(5, 7, 10)"
[WebServer]                             }}
[WebServer]                           >
[WebServer]                             ...
[WebServer]                               <motion.div>
[WebServer]                               <motion.div>
[WebServer]                               <motion.div>
[WebServer]                               <motion.div>
[WebServer]                               <motion.div initial={{opacity:0,scale:0}} whileInView={{opacity:1,scale:1}} 
...>
[WebServer]                                 <div
[WebServer]                                   className="absolute group cursor-none"
[WebServer]                                   onMouseEnter={function AboutSection[techNodes.map() > 
<motion.div>.onMouseEnter]}
[WebServer]                                   onMouseLeave={function AboutSection[techNodes.map() > 
<motion.div>.onMouseLeave]}
[WebServer]                                   style={{
[WebServer] +                                   left: "calc(50% + -80.00000000000007px - 50px)"
[WebServer] -                                   left: "calc(50% - 130px)"
[WebServer] +                                   top: "calc(50% + -138.56406460551014px - 20px)"
[WebServer] -                                   top: "calc(50% - 158.564px)"
[WebServer] +                                   opacity: 0
[WebServer] -                                   opacity: "0"
[WebServer] +                                   transform: "scale(0)"
[WebServer] -                                   transform: "scale(0)"
[WebServer]                                   }}
[WebServer]                                   ref={function useMotionRef.useCallback}
[WebServer]                                 >
[WebServer]                                   <div>
[WebServer]                                   <svg
[WebServer]                                     className="absolute pointer-events-none"
[WebServer]                                     style={{
[WebServer] +                                     left: "50%"
[WebServer] -                                     left: "50%"
[WebServer] +                                     top: "50%"
[WebServer] -                                     top: "50%"
[WebServer] +                                     width: 100.00000000000007
[WebServer] -                                     width: "100px"
[WebServer] +                                     height: 158.56406460551014
[WebServer] -                                     height: "158.564px"
[WebServer] +                                     transform: "translate(-80.00000000000007px, -138.56406460551014px)"
[WebServer] -                                     transform: "translate(-80px, -138.564px)"
[WebServer]                                     }}
[WebServer]                                   >
[WebServer]                                     <line
[WebServer]                                       x1={80.00000000000007}
[WebServer] +                                     y1={138.56406460551014}
[WebServer] -                                     y1="138.56406460551017"
[WebServer]                                       x2={0}
[WebServer]                                       y2={0}
[WebServer]                                       stroke="rgba(56, 189, 248, 0.08)"
[WebServer]                                       strokeWidth="1"
[WebServer]                                     >
[WebServer]                               ...
[WebServer]                   ...
[WebServer]  
  Γ£ô   27 [chromium] ΓÇ║ tests\navigation.spec.ts:71:7 ΓÇ║ Desktop navigation ΓÇ║ desktop resume link is present (10.6s)
  Γ£ô   26 [chromium] ΓÇ║ tests\navigation.spec.ts:59:7 ΓÇ║ Desktop navigation ΓÇ║ desktop nav has all section links (11.1s)
[WebServer] [browser] THREE.Clock: This module has been deprecated. Please use THREE.Timer instead.
  Γ£ô   28 [chromium] ΓÇ║ tests\navigation.spec.ts:78:7 ΓÇ║ Desktop navigation ΓÇ║ desktop nav scrolls to section (9.2s)
[WebServer] [browser] A tree hydrated but some attributes of the server rendered HTML didn't match the client 
properties. This won't be patched up. This can happen if a SSR-ed Client Component used:
[WebServer] 
[WebServer] - A server/client branch `if (typeof window !== 'undefined')`.
[WebServer] - Variable input such as `Date.now()` or `Math.random()` which changes each time it's called.
[WebServer] - Date formatting in a user's locale which doesn't match the server.
[WebServer] - External changing data without sending a snapshot of it along with the HTML.
[WebServer] - Invalid HTML tag nesting.
[WebServer] 
[WebServer] It can also happen if the client has a browser extension installed which messes with the HTML before React 
loaded.
[WebServer] 
[WebServer] https://react.dev/link/hydration-mismatch
[WebServer] 
[WebServer]   ...
[WebServer]     <ClientPageRoot Component={function Home} serverProvidedParams={{...}}>
[WebServer]       <Home params={Promise} searchParams={Promise}>
[WebServer]         <CursorProvider>
[WebServer]           <BootSequence>
[WebServer]           <CustomCursor>
[WebServer]           <div>
[WebServer]           <Scene>
[WebServer]           <NavigationHUD>
[WebServer]           <ScrollIndicator>
[WebServer]           <main className="content-layer" style={{opacity:0, ...}}>
[WebServer]             <HeroSection>
[WebServer]             <AboutSection>
[WebServer]               <section id="about" className="relative p...">
[WebServer]                 <div>
[WebServer]                 <div className="relative z...">
[WebServer]                   <SectionLabel>
[WebServer]                   <div className="grid grid-...">
[WebServer]                     <motion.div>
[WebServer]                     <motion.div initial={{opacity:0,x:30}} whileInView={{opacity:1,x:0}} 
viewport={{once:true}} ...>
[WebServer]                       <div className="relative h..." style={{opacity:0, ...}} ref={function 
useMotionRef.useCallback}>
[WebServer]                         <div>
[WebServer]                         <motion.div>
[WebServer]                         <motion.div>
[WebServer]                         <motion.div>
[WebServer]                         <motion.div>
[WebServer]                         <motion.div initial={{opacity:0,scale:0}} whileInView={{opacity:1,scale:1}} ...>
[WebServer]                           <div
[WebServer]                             className="absolute group cursor-none"
[WebServer]                             onMouseEnter={function AboutSection[techNodes.map() > 
<motion.div>.onMouseEnter]}
[WebServer]                             onMouseLeave={function AboutSection[techNodes.map() > 
<motion.div>.onMouseLeave]}
[WebServer]                             style={{
[WebServer] +                             left: "calc(50% + -80.00000000000007px - 50px)"
[WebServer] -                             left: "calc(50% - 130px)"
[WebServer] +                             top: "calc(50% + -138.56406460551014px - 20px)"
[WebServer] -                             top: "calc(50% - 158.564px)"
[WebServer] +                             opacity: 0
[WebServer] -                             opacity: "0"
[WebServer] +                             transform: "scale(0)"
[WebServer] -                             transform: "scale(0)"
[WebServer]                             }}
[WebServer]                             ref={function useMotionRef.useCallback}
[WebServer]                           >
[WebServer]                             <div>
[WebServer]                             <svg
[WebServer]                               className="absolute pointer-events-none"
[WebServer]                               style={{
[WebServer] +                               left: "50%"
[WebServer] -                               left: "50%"
[WebServer] +                               top: "50%"
[WebServer] -                               top: "50%"
[WebServer] +                               width: 100.00000000000007
[WebServer] -                               width: "100px"
[WebServer] +                               height: 158.56406460551014
[WebServer] -                               height: "158.564px"
[WebServer] +                               transform: "translate(-80.00000000000007px, -138.56406460551014px)"
[WebServer] -                               transform: "translate(-80px, -138.564px)"
[WebServer]                               }}
[WebServer]                             >
[WebServer]                               <line
[WebServer]                                 x1={80.00000000000007}
[WebServer] +                               y1={138.56406460551014}
[WebServer] -                               y1="138.56406460551017"
[WebServer]                                 x2={0}
[WebServer]                                 y2={0}
[WebServer]                                 stroke="rgba(56, 189, 248, 0.08)"
[WebServer]                                 strokeWidth="1"
[WebServer]                               >
[WebServer]                         ...
[WebServer]                     ...
[WebServer]             ...
[WebServer]  
[WebServer] [browser] A tree hydrated but some attributes of the server rendered HTML didn't match the client 
properties. This won't be patched up. This can happen if a SSR-ed Client Component used:
[WebServer] 
[WebServer] - A server/client branch `if (typeof window !== 'undefined')`.
[WebServer] - Variable input such as `Date.now()` or `Math.random()` which changes each time it's called.
[WebServer] - Date formatting in a user's locale which doesn't match the server.
[WebServer] - External changing data without sending a snapshot of it along with the HTML.
[WebServer] - Invalid HTML tag nesting.
[WebServer] 
[WebServer] It can also happen if the client has a browser extension installed which messes with the HTML before React 
loaded.
[WebServer] 
[WebServer] https://react.dev/link/hydration-mismatch
[WebServer] 
[WebServer]   ...
[WebServer]     <HotReload globalError={[...]} webSocket={WebSocket} staticIndicatorState={{pathname:null, ...}}>
[WebServer]       <AppDevOverlayErrorBoundary globalError={[...]}>
[WebServer]         <ReplaySsrOnlyErrors>
[WebServer]         <DevRootHTTPAccessFallbackBoundary>
[WebServer]           <HTTPAccessFallbackBoundary notFound={<NotAllowedRootHTTPFallbackError>}>
[WebServer]             <HTTPAccessFallbackErrorBoundary pathname="/" notFound={<NotAllowedRootHTTPFallbackError>} ...>
[WebServer]               <RedirectBoundary>
[WebServer]                 <RedirectErrorBoundary router={{...}}>
[WebServer]                   <Head>
[WebServer]                   <__next_root_layout_boundary__>
[WebServer]                     <SegmentViewNode type="layout" pagePath="layout.tsx">
[WebServer]                       <SegmentTrieNode>
[WebServer]                       <link>
[WebServer]                       <script>
[WebServer]                       <RootLayout>
[WebServer]                         <html lang="en" className="geist_a715..." suppressHydrationWarning={true}>
[WebServer]                           <head>
[WebServer]                           <body
[WebServer]                             style={{
[WebServer] +                             background: "#05070A"
[WebServer] -                             background-image: "initial"
[WebServer] -                             background-position-x: "initial"
[WebServer] -                             background-position-y: "initial"
[WebServer] -                             background-size: "initial"
[WebServer] -                             background-repeat: "initial"
[WebServer] -                             background-attachment: "initial"
[WebServer] -                             background-origin: "initial"
[WebServer] -                             background-clip: "initial"
[WebServer] -                             background-color: "rgb(5, 7, 10)"
[WebServer]                             }}
[WebServer]                           >
[WebServer]                             ...
[WebServer]                               <motion.div>
[WebServer]                               <motion.div>
[WebServer]                               <motion.div>
[WebServer]                               <motion.div>
[WebServer]                               <motion.div initial={{opacity:0,scale:0}} whileInView={{opacity:1,scale:1}} 
...>
[WebServer]                                 <div
[WebServer]                                   className="absolute group cursor-none"
[WebServer]                                   onMouseEnter={function AboutSection[techNodes.map() > 
<motion.div>.onMouseEnter]}
[WebServer]                                   onMouseLeave={function AboutSection[techNodes.map() > 
<motion.div>.onMouseLeave]}
[WebServer]                                   style={{
[WebServer] +                                   left: "calc(50% + -80.00000000000007px - 50px)"
[WebServer] -                                   left: "calc(50% - 130px)"
[WebServer] +                                   top: "calc(50% + -138.56406460551014px - 20px)"
[WebServer] -                                   top: "calc(50% - 158.564px)"
[WebServer] +                                   opacity: 0
[WebServer] -                                   opacity: "0"
[WebServer] +                                   transform: "scale(0)"
[WebServer] -                                   transform: "scale(0)"
[WebServer]                                   }}
[WebServer]                                   ref={function useMotionRef.useCallback}
[WebServer]                                 >
[WebServer]                                   <div>
[WebServer]                                   <svg
[WebServer]                                     className="absolute pointer-events-none"
[WebServer]                                     style={{
[WebServer] +                                     left: "50%"
[WebServer] -                                     left: "50%"
[WebServer] +                                     top: "50%"
[WebServer] -                                     top: "50%"
[WebServer] +                                     width: 100.00000000000007
[WebServer] -                                     width: "100px"
[WebServer] +                                     height: 158.56406460551014
[WebServer] -                                     height: "158.564px"
[WebServer] +                                     transform: "translate(-80.00000000000007px, -138.56406460551014px)"
[WebServer] -                                     transform: "translate(-80px, -138.564px)"
[WebServer]                                     }}
[WebServer]                                   >
[WebServer]                                     <line
[WebServer]                                       x1={80.00000000000007}
[WebServer] +                                     y1={138.56406460551014}
[WebServer] -                                     y1="138.56406460551017"
[WebServer]                                       x2={0}
[WebServer]                                       y2={0}
[WebServer]                                       stroke="rgba(56, 189, 248, 0.08)"
[WebServer]                                       strokeWidth="1"
[WebServer]                                     >
[WebServer]                               ...
[WebServer]                   ...
[WebServer]  
[WebServer] [browser] THREE.Clock: This module has been deprecated. Please use THREE.Timer instead.
[WebServer] [browser] THREE.Clock: This module has been deprecated. Please use THREE.Timer instead.
[WebServer] [browser] A tree hydrated but some attributes of the server rendered HTML didn't match the client 
properties. This won't be patched up. This can happen if a SSR-ed Client Component used:
[WebServer] 
[WebServer] - A server/client branch `if (typeof window !== 'undefined')`.
[WebServer] - Variable input such as `Date.now()` or `Math.random()` which changes each time it's called.
[WebServer] - Date formatting in a user's locale which doesn't match the server.
[WebServer] - External changing data without sending a snapshot of it along with the HTML.
[WebServer] - Invalid HTML tag nesting.
[WebServer] 
[WebServer] It can also happen if the client has a browser extension installed which messes with the HTML before React 
loaded.
[WebServer] 
[WebServer] https://react.dev/link/hydration-mismatch
[WebServer] 
[WebServer]   ...
[WebServer]     <HotReload globalError={[...]} webSocket={WebSocket} staticIndicatorState={{pathname:null, ...}}>
[WebServer]       <AppDevOverlayErrorBoundary globalError={[...]}>
[WebServer]         <ReplaySsrOnlyErrors>
[WebServer]         <DevRootHTTPAccessFallbackBoundary>
[WebServer]           <HTTPAccessFallbackBoundary notFound={<NotAllowedRootHTTPFallbackError>}>
[WebServer]             <HTTPAccessFallbackErrorBoundary pathname="/" notFound={<NotAllowedRootHTTPFallbackError>} ...>
[WebServer]               <RedirectBoundary>
[WebServer]                 <RedirectErrorBoundary router={{...}}>
[WebServer]                   <Head>
[WebServer]                   <__next_root_layout_boundary__>
[WebServer]                     <SegmentViewNode type="layout" pagePath="layout.tsx">
[WebServer]                       <SegmentTrieNode>
[WebServer]                       <link>
[WebServer]                       <script>
[WebServer]                       <RootLayout>
[WebServer]                         <html lang="en" className="geist_a715..." suppressHydrationWarning={true}>
[WebServer]                           <head>
[WebServer]                           <body
[WebServer]                             style={{
[WebServer] +                             background: "#05070A"
[WebServer] -                             background-image: "initial"
[WebServer] -                             background-position-x: "initial"
[WebServer] -                             background-position-y: "initial"
[WebServer] -                             background-size: "initial"
[WebServer] -                             background-repeat: "initial"
[WebServer] -                             background-attachment: "initial"
[WebServer] -                             background-origin: "initial"
[WebServer] -                             background-clip: "initial"
[WebServer] -                             background-color: "rgb(5, 7, 10)"
[WebServer]                             }}
[WebServer]                           >
[WebServer]                             ...
[WebServer]                               <motion.div>
[WebServer]                               <motion.div>
[WebServer]                               <motion.div>
[WebServer]                               <motion.div>
[WebServer]                               <motion.div initial={{opacity:0,scale:0}} whileInView={{opacity:1,scale:1}} 
...>
[WebServer]                                 <div
[WebServer]                                   className="absolute group cursor-none"
[WebServer]                                   onMouseEnter={function AboutSection[techNodes.map() > 
<motion.div>.onMouseEnter]}
[WebServer]                                   onMouseLeave={function AboutSection[techNodes.map() > 
<motion.div>.onMouseLeave]}
[WebServer]                                   style={{
[WebServer] +                                   left: "calc(50% + -80.00000000000007px - 50px)"
[WebServer] -                                   left: "calc(50% - 130px)"
[WebServer] +                                   top: "calc(50% + -138.56406460551014px - 20px)"
[WebServer] -                                   top: "calc(50% - 158.564px)"
[WebServer] +                                   opacity: 0
[WebServer] -                                   opacity: "0"
[WebServer] +                                   transform: "scale(0)"
[WebServer] -                                   transform: "scale(0)"
[WebServer]                                   }}
[WebServer]                                   ref={function useMotionRef.useCallback}
[WebServer]                                 >
[WebServer]                                   <div>
[WebServer]                                   <svg
[WebServer]                                     className="absolute pointer-events-none"
[WebServer]                                     style={{
[WebServer] +                                     left: "50%"
[WebServer] -                                     left: "50%"
[WebServer] +                                     top: "50%"
[WebServer] -                                     top: "50%"
[WebServer] +                                     width: 100.00000000000007
[WebServer] -                                     width: "100px"
[WebServer] +                                     height: 158.56406460551014
[WebServer] -                                     height: "158.564px"
[WebServer] +                                     transform: "translate(-80.00000000000007px, -138.56406460551014px)"
[WebServer] -                                     transform: "translate(-80px, -138.564px)"
[WebServer]                                     }}
[WebServer]                                   >
[WebServer]                                     <line
[WebServer]                                       x1={80.00000000000007}
[WebServer] +                                     y1={138.56406460551014}
[WebServer] -                                     y1="138.56406460551017"
[WebServer]                                       x2={0}
[WebServer]                                       y2={0}
[WebServer]                                       stroke="rgba(56, 189, 248, 0.08)"
[WebServer]                                       strokeWidth="1"
[WebServer]                                     >
[WebServer]                               ...
[WebServer]                   ...
[WebServer]  
  Γ£ô   29 [chromium] ΓÇ║ tests\navigation.spec.ts:91:7 ΓÇ║ Mobile sidebar ΓÇ║ mobile menu button is visible (8.5s)
  Γ£ô   30 [chromium] ΓÇ║ tests\navigation.spec.ts:98:7 ΓÇ║ Mobile sidebar ΓÇ║ mobile sidebar opens on menu click (8.8s)
[WebServer] [browser] THREE.Clock: This module has been deprecated. Please use THREE.Timer instead.
  Γ£ô   31 [chromium] ΓÇ║ tests\navigation.spec.ts:106:7 ΓÇ║ Mobile sidebar ΓÇ║ mobile sidebar has nav links (6.8s)
[WebServer] [browser] A tree hydrated but some attributes of the server rendered HTML didn't match the client 
properties. This won't be patched up. This can happen if a SSR-ed Client Component used:
[WebServer] 
[WebServer] - A server/client branch `if (typeof window !== 'undefined')`.
[WebServer] - Variable input such as `Date.now()` or `Math.random()` which changes each time it's called.
[WebServer] - Date formatting in a user's locale which doesn't match the server.
[WebServer] - External changing data without sending a snapshot of it along with the HTML.
[WebServer] - Invalid HTML tag nesting.
[WebServer] 
[WebServer] It can also happen if the client has a browser extension installed which messes with the HTML before React 
loaded.
[WebServer] 
[WebServer] https://react.dev/link/hydration-mismatch
[WebServer] 
[WebServer]   ...
[WebServer]     <HotReload globalError={[...]} webSocket={WebSocket} staticIndicatorState={{pathname:null, ...}}>
[WebServer]       <AppDevOverlayErrorBoundary globalError={[...]}>
[WebServer]         <ReplaySsrOnlyErrors>
[WebServer]         <DevRootHTTPAccessFallbackBoundary>
[WebServer]           <HTTPAccessFallbackBoundary notFound={<NotAllowedRootHTTPFallbackError>}>
[WebServer]             <HTTPAccessFallbackErrorBoundary pathname="/" notFound={<NotAllowedRootHTTPFallbackError>} ...>
[WebServer]               <RedirectBoundary>
[WebServer]                 <RedirectErrorBoundary router={{...}}>
[WebServer]                   <Head>
[WebServer]                   <__next_root_layout_boundary__>
[WebServer]                     <SegmentViewNode type="layout" pagePath="layout.tsx">
[WebServer]                       <SegmentTrieNode>
[WebServer]                       <link>
[WebServer]                       <script>
[WebServer]                       <RootLayout>
[WebServer]                         <html lang="en" className="geist_a715..." suppressHydrationWarning={true}>
[WebServer]                           <head>
[WebServer]                           <body
[WebServer]                             style={{
[WebServer] +                             background: "#05070A"
[WebServer] -                             background-image: "initial"
[WebServer] -                             background-position-x: "initial"
[WebServer] -                             background-position-y: "initial"
[WebServer] -                             background-size: "initial"
[WebServer] -                             background-repeat: "initial"
[WebServer] -                             background-attachment: "initial"
[WebServer] -                             background-origin: "initial"
[WebServer] -                             background-clip: "initial"
[WebServer] -                             background-color: "rgb(5, 7, 10)"
[WebServer]                             }}
[WebServer]                           >
[WebServer]                             ...
[WebServer]                               <motion.div>
[WebServer]                               <motion.div>
[WebServer]                               <motion.div>
[WebServer]                               <motion.div>
[WebServer]                               <motion.div initial={{opacity:0,scale:0}} whileInView={{opacity:1,scale:1}} 
...>
[WebServer]                                 <div
[WebServer]                                   className="absolute group cursor-none"
[WebServer]                                   onMouseEnter={function AboutSection[techNodes.map() > 
<motion.div>.onMouseEnter]}
[WebServer]                                   onMouseLeave={function AboutSection[techNodes.map() > 
<motion.div>.onMouseLeave]}
[WebServer]                                   style={{
[WebServer] +                                   left: "calc(50% + -80.00000000000007px - 50px)"
[WebServer] -                                   left: "calc(50% - 130px)"
[WebServer] +                                   top: "calc(50% + -138.56406460551014px - 20px)"
[WebServer] -                                   top: "calc(50% - 158.564px)"
[WebServer] +                                   opacity: 0
[WebServer] -                                   opacity: "0"
[WebServer] +                                   transform: "scale(0)"
[WebServer] -                                   transform: "scale(0)"
[WebServer]                                   }}
[WebServer]                                   ref={function useMotionRef.useCallback}
[WebServer]                                 >
[WebServer]                                   <div>
[WebServer]                                   <svg
[WebServer]                                     className="absolute pointer-events-none"
[WebServer]                                     style={{
[WebServer] +                                     left: "50%"
[WebServer] -                                     left: "50%"
[WebServer] +                                     top: "50%"
[WebServer] -                                     top: "50%"
[WebServer] +                                     width: 100.00000000000007
[WebServer] -                                     width: "100px"
[WebServer] +                                     height: 158.56406460551014
[WebServer] -                                     height: "158.564px"
[WebServer] +                                     transform: "translate(-80.00000000000007px, -138.56406460551014px)"
[WebServer] -                                     transform: "translate(-80px, -138.564px)"
[WebServer]                                     }}
[WebServer]                                   >
[WebServer]                                     <line
[WebServer]                                       x1={80.00000000000007}
[WebServer] +                                     y1={138.56406460551014}
[WebServer] -                                     y1="138.56406460551017"
[WebServer]                                       x2={0}
[WebServer]                                       y2={0}
[WebServer]                                       stroke="rgba(56, 189, 248, 0.08)"
[WebServer]                                       strokeWidth="1"
[WebServer]                                     >
[WebServer]                               ...
[WebServer]                   ...
[WebServer]  
[WebServer] [browser] A tree hydrated but some attributes of the server rendered HTML didn't match the client 
properties. This won't be patched up. This can happen if a SSR-ed Client Component used:
[WebServer] 
[WebServer] - A server/client branch `if (typeof window !== 'undefined')`.
[WebServer] - Variable input such as `Date.now()` or `Math.random()` which changes each time it's called.
[WebServer] - Date formatting in a user's locale which doesn't match the server.
[WebServer] - External changing data without sending a snapshot of it along with the HTML.
[WebServer] - Invalid HTML tag nesting.
[WebServer] 
[WebServer] It can also happen if the client has a browser extension installed which messes with the HTML before React 
loaded.
[WebServer] 
[WebServer] https://react.dev/link/hydration-mismatch
[WebServer] 
[WebServer]   ...
[WebServer]     <HotReload globalError={[...]} webSocket={WebSocket} staticIndicatorState={{pathname:null, ...}}>
[WebServer]       <AppDevOverlayErrorBoundary globalError={[...]}>
[WebServer]         <ReplaySsrOnlyErrors>
[WebServer]         <DevRootHTTPAccessFallbackBoundary>
[WebServer]           <HTTPAccessFallbackBoundary notFound={<NotAllowedRootHTTPFallbackError>}>
[WebServer]             <HTTPAccessFallbackErrorBoundary pathname="/" notFound={<NotAllowedRootHTTPFallbackError>} ...>
[WebServer]               <RedirectBoundary>
[WebServer]                 <RedirectErrorBoundary router={{...}}>
[WebServer]                   <Head>
[WebServer]                   <__next_root_layout_boundary__>
[WebServer]                     <SegmentViewNode type="layout" pagePath="layout.tsx">
[WebServer]                       <SegmentTrieNode>
[WebServer]                       <link>
[WebServer]                       <script>
[WebServer]                       <RootLayout>
[WebServer]                         <html lang="en" className="geist_a715..." suppressHydrationWarning={true}>
[WebServer]                           <head>
[WebServer]                           <body
[WebServer]                             style={{
[WebServer] +                             background: "#05070A"
[WebServer] -                             background-image: "initial"
[WebServer] -                             background-position-x: "initial"
[WebServer] -                             background-position-y: "initial"
[WebServer] -                             background-size: "initial"
[WebServer] -                             background-repeat: "initial"
[WebServer] -                             background-attachment: "initial"
[WebServer] -                             background-origin: "initial"
[WebServer] -                             background-clip: "initial"
[WebServer] -                             background-color: "rgb(5, 7, 10)"
[WebServer]                             }}
[WebServer]                           >
[WebServer]                             ...
[WebServer]                               <motion.div>
[WebServer]                               <motion.div>
[WebServer]                               <motion.div>
[WebServer]                               <motion.div>
[WebServer]                               <motion.div initial={{opacity:0,scale:0}} whileInView={{opacity:1,scale:1}} 
...>
[WebServer]                                 <div
[WebServer]                                   className="absolute group cursor-none"
[WebServer]                                   onMouseEnter={function AboutSection[techNodes.map() > 
<motion.div>.onMouseEnter]}
[WebServer]                                   onMouseLeave={function AboutSection[techNodes.map() > 
<motion.div>.onMouseLeave]}
[WebServer]                                   style={{
[WebServer] +                                   left: "calc(50% + -80.00000000000007px - 50px)"
[WebServer] -                                   left: "calc(50% - 130px)"
[WebServer] +                                   top: "calc(50% + -138.56406460551014px - 20px)"
[WebServer] -                                   top: "calc(50% - 158.564px)"
[WebServer] +                                   opacity: 0
[WebServer] -                                   opacity: "0"
[WebServer] +                                   transform: "scale(0)"
[WebServer] -                                   transform: "scale(0)"
[WebServer]                                   }}
[WebServer]                                   ref={function useMotionRef.useCallback}
[WebServer]                                 >
[WebServer]                                   <div>
[WebServer]                                   <svg
[WebServer]                                     className="absolute pointer-events-none"
[WebServer]                                     style={{
[WebServer] +                                     left: "50%"
[WebServer] -                                     left: "50%"
[WebServer] +                                     top: "50%"
[WebServer] -                                     top: "50%"
[WebServer] +                                     width: 100.00000000000007
[WebServer] -                                     width: "100px"
[WebServer] +                                     height: 158.56406460551014
[WebServer] -                                     height: "158.564px"
[WebServer] +                                     transform: "translate(-80.00000000000007px, -138.56406460551014px)"
[WebServer] -                                     transform: "translate(-80px, -138.564px)"
[WebServer]                                     }}
[WebServer]                                   >
[WebServer]                                     <line
[WebServer]                                       x1={80.00000000000007}
[WebServer] +                                     y1={138.56406460551014}
[WebServer] -                                     y1="138.56406460551017"
[WebServer]                                       x2={0}
[WebServer]                                       y2={0}
[WebServer]                                       stroke="rgba(56, 189, 248, 0.08)"
[WebServer]                                       strokeWidth="1"
[WebServer]                                     >
[WebServer]                               ...
[WebServer]                   ...
[WebServer]  
[WebServer] [browser] THREE.Clock: This module has been deprecated. Please use THREE.Timer instead.
[WebServer] [browser] A tree hydrated but some attributes of the server rendered HTML didn't match the client 
properties. This won't be patched up. This can happen if a SSR-ed Client Component used:
[WebServer] 
[WebServer] - A server/client branch `if (typeof window !== 'undefined')`.
[WebServer] - Variable input such as `Date.now()` or `Math.random()` which changes each time it's called.
[WebServer] - Date formatting in a user's locale which doesn't match the server.
[WebServer] - External changing data without sending a snapshot of it along with the HTML.
[WebServer] - Invalid HTML tag nesting.
[WebServer] 
[WebServer] It can also happen if the client has a browser extension installed which messes with the HTML before React 
loaded.
[WebServer] 
[WebServer] https://react.dev/link/hydration-mismatch
[WebServer] 
[WebServer]   ...
[WebServer]     <HotReload globalError={[...]} webSocket={WebSocket} staticIndicatorState={{pathname:null, ...}}>
[WebServer]       <AppDevOverlayErrorBoundary globalError={[...]}>
[WebServer]         <ReplaySsrOnlyErrors>
[WebServer]         <DevRootHTTPAccessFallbackBoundary>
[WebServer]           <HTTPAccessFallbackBoundary notFound={<NotAllowedRootHTTPFallbackError>}>
[WebServer]             <HTTPAccessFallbackErrorBoundary pathname="/" notFound={<NotAllowedRootHTTPFallbackError>} ...>
[WebServer]               <RedirectBoundary>
[WebServer]                 <RedirectErrorBoundary router={{...}}>
[WebServer]                   <Head>
[WebServer]                   <__next_root_layout_boundary__>
[WebServer]                     <SegmentViewNode type="layout" pagePath="layout.tsx">
[WebServer]                       <SegmentTrieNode>
[WebServer]                       <link>
[WebServer]                       <script>
[WebServer]                       <RootLayout>
[WebServer]                         <html lang="en" className="geist_a715..." suppressHydrationWarning={true}>
[WebServer]                           <head>
[WebServer]                           <body
[WebServer]                             style={{
[WebServer] +                             background: "#05070A"
[WebServer] -                             background-image: "initial"
[WebServer] -                             background-position-x: "initial"
[WebServer] -                             background-position-y: "initial"
[WebServer] -                             background-size: "initial"
[WebServer] -                             background-repeat: "initial"
[WebServer] -                             background-attachment: "initial"
[WebServer] -                             background-origin: "initial"
[WebServer] -                             background-clip: "initial"
[WebServer] -                             background-color: "rgb(5, 7, 10)"
[WebServer]                             }}
[WebServer]                           >
[WebServer]                             ...
[WebServer]                               <motion.div>
[WebServer]                               <motion.div>
[WebServer]                               <motion.div>
[WebServer]                               <motion.div>
[WebServer]                               <motion.div initial={{opacity:0,scale:0}} whileInView={{opacity:1,scale:1}} 
...>
[WebServer]                                 <div
[WebServer]                                   className="absolute group cursor-none"
[WebServer]                                   onMouseEnter={function AboutSection[techNodes.map() > 
<motion.div>.onMouseEnter]}
[WebServer]                                   onMouseLeave={function AboutSection[techNodes.map() > 
<motion.div>.onMouseLeave]}
[WebServer]                                   style={{
[WebServer] +                                   left: "calc(50% + -80.00000000000007px - 50px)"
[WebServer] -                                   left: "calc(50% - 130px)"
[WebServer] +                                   top: "calc(50% + -138.56406460551014px - 20px)"
[WebServer] -                                   top: "calc(50% - 158.564px)"
[WebServer] +                                   opacity: 0
[WebServer] -                                   opacity: "0"
[WebServer] +                                   transform: "scale(0)"
[WebServer] -                                   transform: "scale(0)"
[WebServer]                                   }}
[WebServer]                                   ref={function useMotionRef.useCallback}
[WebServer]                                 >
[WebServer]                                   <div>
[WebServer]                                   <svg
[WebServer]                                     className="absolute pointer-events-none"
[WebServer]                                     style={{
[WebServer] +                                     left: "50%"
[WebServer] -                                     left: "50%"
[WebServer] +                                     top: "50%"
[WebServer] -                                     top: "50%"
[WebServer] +                                     width: 100.00000000000007
[WebServer] -                                     width: "100px"
[WebServer] +                                     height: 158.56406460551014
[WebServer] -                                     height: "158.564px"
[WebServer] +                                     transform: "translate(-80.00000000000007px, -138.56406460551014px)"
[WebServer] -                                     transform: "translate(-80px, -138.564px)"
[WebServer]                                     }}
[WebServer]                                   >
[WebServer]                                     <line
[WebServer]                                       x1={80.00000000000007}
[WebServer] +                                     y1={138.56406460551014}
[WebServer] -                                     y1="138.56406460551017"
[WebServer]                                       x2={0}
[WebServer]                                       y2={0}
[WebServer]                                       stroke="rgba(56, 189, 248, 0.08)"
[WebServer]                                       strokeWidth="1"
[WebServer]                                     >
[WebServer]                               ...
[WebServer]                   ...
[WebServer]  
[WebServer] [browser] THREE.Clock: This module has been deprecated. Please use THREE.Timer instead.
[WebServer] [browser] THREE.Clock: This module has been deprecated. Please use THREE.Timer instead.
  Γ£ô   32 [chromium] ΓÇ║ tests\navigation.spec.ts:117:7 ΓÇ║ Mobile sidebar ΓÇ║ mobile sidebar has resume link (9.9s)
  Γ£ô   34 [chromium] ΓÇ║ tests\navigation.spec.ts:134:7 ΓÇ║ Mobile sidebar ΓÇ║ mobile sidebar closes on Escape key (8.5s)
[WebServer] [browser] A tree hydrated but some attributes of the server rendered HTML didn't match the client 
properties. This won't be patched up. This can happen if a SSR-ed Client Component used:
[WebServer] 
[WebServer] - A server/client branch `if (typeof window !== 'undefined')`.
[WebServer] - Variable input such as `Date.now()` or `Math.random()` which changes each time it's called.
[WebServer] - Date formatting in a user's locale which doesn't match the server.
[WebServer] - External changing data without sending a snapshot of it along with the HTML.
[WebServer] - Invalid HTML tag nesting.
[WebServer] 
[WebServer] It can also happen if the client has a browser extension installed which messes with the HTML before React 
loaded.
[WebServer] 
[WebServer] https://react.dev/link/hydration-mismatch
[WebServer] 
[WebServer]   ...
[WebServer]     <HotReload globalError={[...]} webSocket={WebSocket} staticIndicatorState={{pathname:null, ...}}>
[WebServer]       <AppDevOverlayErrorBoundary globalError={[...]}>
[WebServer]         <ReplaySsrOnlyErrors>
[WebServer]         <DevRootHTTPAccessFallbackBoundary>
[WebServer]           <HTTPAccessFallbackBoundary notFound={<NotAllowedRootHTTPFallbackError>}>
[WebServer]             <HTTPAccessFallbackErrorBoundary pathname="/" notFound={<NotAllowedRootHTTPFallbackError>} ...>
[WebServer]               <RedirectBoundary>
[WebServer]                 <RedirectErrorBoundary router={{...}}>
[WebServer]                   <Head>
[WebServer]                   <__next_root_layout_boundary__>
[WebServer]                     <SegmentViewNode type="layout" pagePath="layout.tsx">
[WebServer]                       <SegmentTrieNode>
[WebServer]                       <link>
[WebServer]                       <script>
[WebServer]                       <RootLayout>
[WebServer]                         <html lang="en" className="geist_a715..." suppressHydrationWarning={true}>
[WebServer]                           <head>
[WebServer]                           <body
[WebServer]                             style={{
[WebServer] +                             background: "#05070A"
[WebServer] -                             background-image: "initial"
[WebServer] -                             background-position-x: "initial"
[WebServer] -                             background-position-y: "initial"
[WebServer] -                             background-size: "initial"
[WebServer] -                             background-repeat: "initial"
[WebServer] -                             background-attachment: "initial"
[WebServer] -                             background-origin: "initial"
[WebServer] -                             background-clip: "initial"
[WebServer] -                             background-color: "rgb(5, 7, 10)"
[WebServer]                             }}
[WebServer]                           >
[WebServer]                             ...
[WebServer]                               <motion.div>
[WebServer]                               <motion.div>
[WebServer]                               <motion.div>
[WebServer]                               <motion.div>
[WebServer]                               <motion.div initial={{opacity:0,scale:0}} whileInView={{opacity:1,scale:1}} 
...>
[WebServer]                                 <div
[WebServer]                                   className="absolute group cursor-none"
[WebServer]                                   onMouseEnter={function AboutSection[techNodes.map() > 
<motion.div>.onMouseEnter]}
[WebServer]                                   onMouseLeave={function AboutSection[techNodes.map() > 
<motion.div>.onMouseLeave]}
[WebServer]                                   style={{
[WebServer] +                                   left: "calc(50% + -80.00000000000007px - 50px)"
[WebServer] -                                   left: "calc(50% - 130px)"
[WebServer] +                                   top: "calc(50% + -138.56406460551014px - 20px)"
[WebServer] -                                   top: "calc(50% - 158.564px)"
[WebServer] +                                   opacity: 0
[WebServer] -                                   opacity: "0"
[WebServer] +                                   transform: "scale(0)"
[WebServer] -                                   transform: "scale(0)"
[WebServer]                                   }}
[WebServer]                                   ref={function useMotionRef.useCallback}
[WebServer]                                 >
[WebServer]                                   <div>
[WebServer]                                   <svg
[WebServer]                                     className="absolute pointer-events-none"
[WebServer]                                     style={{
[WebServer] +                                     left: "50%"
[WebServer] -                                     left: "50%"
[WebServer] +                                     top: "50%"
[WebServer] -                                     top: "50%"
[WebServer] +                                     width: 100.00000000000007
[WebServer] -                                     width: "100px"
[WebServer] +                                     height: 158.56406460551014
[WebServer] -                                     height: "158.564px"
[WebServer] +                                     transform: "translate(-80.00000000000007px, -138.56406460551014px)"
[WebServer] -                                     transform: "translate(-80px, -138.564px)"
[WebServer]                                     }}
[WebServer]                                   >
[WebServer]                                     <line
[WebServer]                                       x1={80.00000000000007}
[WebServer] +                                     y1={138.56406460551014}
[WebServer] -                                     y1="138.56406460551017"
[WebServer]                                       x2={0}
[WebServer]                                       y2={0}
[WebServer]                                       stroke="rgba(56, 189, 248, 0.08)"
[WebServer]                                       strokeWidth="1"
[WebServer]                                     >
[WebServer]                               ...
[WebServer]                   ...
[WebServer]  
  Γ£ÿ   33 [chromium] ΓÇ║ tests\navigation.spec.ts:125:7 ΓÇ║ Mobile sidebar ΓÇ║ mobile sidebar closes on close button (10.5s)
[WebServer] [browser] A tree hydrated but some attributes of the server rendered HTML didn't match the client 
properties. This won't be patched up. This can happen if a SSR-ed Client Component used:
[WebServer] 
[WebServer] - A server/client branch `if (typeof window !== 'undefined')`.
[WebServer] - Variable input such as `Date.now()` or `Math.random()` which changes each time it's called.
[WebServer] - Date formatting in a user's locale which doesn't match the server.
[WebServer] - External changing data without sending a snapshot of it along with the HTML.
[WebServer] - Invalid HTML tag nesting.
[WebServer] 
[WebServer] It can also happen if the client has a browser extension installed which messes with the HTML before React 
loaded.
[WebServer] 
[WebServer] https://react.dev/link/hydration-mismatch
[WebServer] 
[WebServer]   ...
[WebServer]     <HotReload globalError={[...]} webSocket={WebSocket} staticIndicatorState={{pathname:null, ...}}>
[WebServer]       <AppDevOverlayErrorBoundary globalError={[...]}>
[WebServer]         <ReplaySsrOnlyErrors>
[WebServer]         <DevRootHTTPAccessFallbackBoundary>
[WebServer]           <HTTPAccessFallbackBoundary notFound={<NotAllowedRootHTTPFallbackError>}>
[WebServer]             <HTTPAccessFallbackErrorBoundary pathname="/" notFound={<NotAllowedRootHTTPFallbackError>} ...>
[WebServer]               <RedirectBoundary>
[WebServer]                 <RedirectErrorBoundary router={{...}}>
[WebServer]                   <Head>
[WebServer]                   <__next_root_layout_boundary__>
[WebServer]                     <SegmentViewNode type="layout" pagePath="layout.tsx">
[WebServer]                       <SegmentTrieNode>
[WebServer]                       <link>
[WebServer]                       <script>
[WebServer]                       <RootLayout>
[WebServer]                         <html lang="en" className="geist_a715..." suppressHydrationWarning={true}>
[WebServer]                           <head>
[WebServer]                           <body
[WebServer]                             style={{
[WebServer] +                             background: "#05070A"
[WebServer] -                             background-image: "initial"
[WebServer] -                             background-position-x: "initial"
[WebServer] -                             background-position-y: "initial"
[WebServer] -                             background-size: "initial"
[WebServer] -                             background-repeat: "initial"
[WebServer] -                             background-attachment: "initial"
[WebServer] -                             background-origin: "initial"
[WebServer] -                             background-clip: "initial"
[WebServer] -                             background-color: "rgb(5, 7, 10)"
[WebServer]                             }}
[WebServer]                           >
[WebServer]                             ...
[WebServer]                               <motion.div>
[WebServer]                               <motion.div>
[WebServer]                               <motion.div>
[WebServer]                               <motion.div>
[WebServer]                               <motion.div initial={{opacity:0,scale:0}} whileInView={{opacity:1,scale:1}} 
...>
[WebServer]                                 <div
[WebServer]                                   className="absolute group cursor-none"
[WebServer]                                   onMouseEnter={function AboutSection[techNodes.map() > 
<motion.div>.onMouseEnter]}
[WebServer]                                   onMouseLeave={function AboutSection[techNodes.map() > 
<motion.div>.onMouseLeave]}
[WebServer]                                   style={{
[WebServer] +                                   left: "calc(50% + -80.00000000000007px - 50px)"
[WebServer] -                                   left: "calc(50% - 130px)"
[WebServer] +                                   top: "calc(50% + -138.56406460551014px - 20px)"
[WebServer] -                                   top: "calc(50% - 158.564px)"
[WebServer] +                                   opacity: 0
[WebServer] -                                   opacity: "0"
[WebServer] +                                   transform: "scale(0)"
[WebServer] -                                   transform: "scale(0)"
[WebServer]                                   }}
[WebServer]                                   ref={function useMotionRef.useCallback}
[WebServer]                                 >
[WebServer]                                   <div>
[WebServer]                                   <svg
[WebServer]                                     className="absolute pointer-events-none"
[WebServer]                                     style={{
[WebServer] +                                     left: "50%"
[WebServer] -                                     left: "50%"
[WebServer] +                                     top: "50%"
[WebServer] -                                     top: "50%"
[WebServer] +                                     width: 100.00000000000007
[WebServer] -                                     width: "100px"
[WebServer] +                                     height: 158.56406460551014
[WebServer] -                                     height: "158.564px"
[WebServer] +                                     transform: "translate(-80.00000000000007px, -138.56406460551014px)"
[WebServer] -                                     transform: "translate(-80px, -138.564px)"
[WebServer]                                     }}
[WebServer]                                   >
[WebServer]                                     <line
[WebServer]                                       x1={80.00000000000007}
[WebServer] +                                     y1={138.56406460551014}
[WebServer] -                                     y1="138.56406460551017"
[WebServer]                                       x2={0}
[WebServer]                                       y2={0}
[WebServer]                                       stroke="rgba(56, 189, 248, 0.08)"
[WebServer]                                       strokeWidth="1"
[WebServer]                                     >
[WebServer]                               ...
[WebServer]                   ...
[WebServer]  
[WebServer] [browser] THREE.Clock: This module has been deprecated. Please use THREE.Timer instead.
[WebServer] [browser] THREE.Clock: This module has been deprecated. Please use THREE.Timer instead.
  Γ£ô   35 [chromium] ΓÇ║ tests\navigation.spec.ts:144:7 ΓÇ║ Mobile sidebar ΓÇ║ mobile sidebar closes on backdrop click (8.9s)
  Γ£ô   36 [chromium] ΓÇ║ tests\navigation.spec.ts:155:7 ΓÇ║ Mobile sidebar ΓÇ║ mobile sidebar nav link scrolls to section and closes (9.4s)
  Γ£ô   38 [chromium] ΓÇ║ tests\navigation.spec.ts:176:7 ΓÇ║ Tablet ΓÇ║ no horizontal overflow on tablet (3.2s)
  Γ£ô   37 [chromium] ΓÇ║ tests\navigation.spec.ts:165:7 ΓÇ║ Mobile sidebar ΓÇ║ no horizontal overflow on mobile (2.6s)
  Γ£ô   39 [chromium] ΓÇ║ tests\responsive.spec.ts:11:7 ΓÇ║ Responsive - Mobile ΓÇ║ hero heading is visible (2.8s)
[WebServer] [browser] A tree hydrated but some attributes of the server rendered HTML didn't match the client 
properties. This won't be patched up. This can happen if a SSR-ed Client Component used:
[WebServer] 
[WebServer] - A server/client branch `if (typeof window !== 'undefined')`.
[WebServer] - Variable input such as `Date.now()` or `Math.random()` which changes each time it's called.
[WebServer] - Date formatting in a user's locale which doesn't match the server.
[WebServer] - External changing data without sending a snapshot of it along with the HTML.
[WebServer] - Invalid HTML tag nesting.
[WebServer] 
[WebServer] It can also happen if the client has a browser extension installed which messes with the HTML before React 
loaded.
[WebServer] 
[WebServer] https://react.dev/link/hydration-mismatch
[WebServer] 
[WebServer]   ...
[WebServer]     <HotReload globalError={[...]} webSocket={WebSocket} staticIndicatorState={{pathname:null, ...}}>
[WebServer]       <AppDevOverlayErrorBoundary globalError={[...]}>
[WebServer]         <ReplaySsrOnlyErrors>
[WebServer]         <DevRootHTTPAccessFallbackBoundary>
[WebServer]           <HTTPAccessFallbackBoundary notFound={<NotAllowedRootHTTPFallbackError>}>
[WebServer]             <HTTPAccessFallbackErrorBoundary pathname="/" notFound={<NotAllowedRootHTTPFallbackError>} ...>
[WebServer]               <RedirectBoundary>
[WebServer]                 <RedirectErrorBoundary router={{...}}>
[WebServer]                   <Head>
[WebServer]                   <__next_root_layout_boundary__>
[WebServer]                     <SegmentViewNode type="layout" pagePath="layout.tsx">
[WebServer]                       <SegmentTrieNode>
[WebServer]                       <link>
[WebServer]                       <script>
[WebServer]                       <RootLayout>
[WebServer]                         <html lang="en" className="geist_a715..." suppressHydrationWarning={true}>
[WebServer]                           <head>
[WebServer]                           <body
[WebServer]                             style={{
[WebServer] +                             background: "#05070A"
[WebServer] -                             background-image: "initial"
[WebServer] -                             background-position-x: "initial"
[WebServer] -                             background-position-y: "initial"
[WebServer] -                             background-size: "initial"
[WebServer] -                             background-repeat: "initial"
[WebServer] -                             background-attachment: "initial"
[WebServer] -                             background-origin: "initial"
[WebServer] -                             background-clip: "initial"
[WebServer] -                             background-color: "rgb(5, 7, 10)"
[WebServer]                             }}
[WebServer]                           >
[WebServer]                             ...
[WebServer]                               <motion.div>
[WebServer]                               <motion.div>
[WebServer]                               <motion.div>
[WebServer]                               <motion.div>
[WebServer]                               <motion.div initial={{opacity:0,scale:0}} whileInView={{opacity:1,scale:1}} 
...>
[WebServer]                                 <div
[WebServer]                                   className="absolute group cursor-none"
[WebServer]                                   onMouseEnter={function AboutSection[techNodes.map() > 
<motion.div>.onMouseEnter]}
[WebServer]                                   onMouseLeave={function AboutSection[techNodes.map() > 
<motion.div>.onMouseLeave]}
[WebServer]                                   style={{
[WebServer] +                                   left: "calc(50% + -80.00000000000007px - 50px)"
[WebServer] -                                   left: "calc(50% - 130px)"
[WebServer] +                                   top: "calc(50% + -138.56406460551014px - 20px)"
[WebServer] -                                   top: "calc(50% - 158.564px)"
[WebServer] +                                   opacity: 0
[WebServer] -                                   opacity: "0"
[WebServer] +                                   transform: "scale(0)"
[WebServer] -                                   transform: "scale(0)"
[WebServer]                                   }}
[WebServer]                                   ref={function useMotionRef.useCallback}
[WebServer]                                 >
[WebServer]                                   <div>
[WebServer]                                   <svg
[WebServer]                                     className="absolute pointer-events-none"
[WebServer]                                     style={{
[WebServer] +                                     left: "50%"
[WebServer] -                                     left: "50%"
[WebServer] +                                     top: "50%"
[WebServer] -                                     top: "50%"
[WebServer] +                                     width: 100.00000000000007
[WebServer] -                                     width: "100px"
[WebServer] +                                     height: 158.56406460551014
[WebServer] -                                     height: "158.564px"
[WebServer] +                                     transform: "translate(-80.00000000000007px, -138.56406460551014px)"
[WebServer] -                                     transform: "translate(-80px, -138.564px)"
[WebServer]                                     }}
[WebServer]                                   >
[WebServer]                                     <line
[WebServer]                                       x1={80.00000000000007}
[WebServer] +                                     y1={138.56406460551014}
[WebServer] -                                     y1="138.56406460551017"
[WebServer]                                       x2={0}
[WebServer]                                       y2={0}
[WebServer]                                       stroke="rgba(56, 189, 248, 0.08)"
[WebServer]                                       strokeWidth="1"
[WebServer]                                     >
[WebServer]                               ...
[WebServer]                   ...
[WebServer]  
  Γ£ô   40 [chromium] ΓÇ║ tests\responsive.spec.ts:16:7 ΓÇ║ Responsive - Mobile ΓÇ║ no horizontal overflow on mobile (3.3s)
  Γ£ô   42 [chromium] ΓÇ║ tests\responsive.spec.ts:33:7 ΓÇ║ Responsive - Mobile ΓÇ║ page scrolls on mobile (3.2s)
[WebServer] [browser] THREE.Clock: This module has been deprecated. Please use THREE.Timer instead.
  Γ£ô   43 [chromium] ΓÇ║ tests\responsive.spec.ts:45:7 ΓÇ║ Responsive - Tablet ΓÇ║ no horizontal overflow on tablet (4.0s)
  Γ£ô   44 [chromium] ΓÇ║ tests\responsive.spec.ts:52:7 ΓÇ║ Responsive - Tablet ΓÇ║ hero heading is visible on tablet (4.2s)
  Γ£ô   41 [chromium] ΓÇ║ tests\responsive.spec.ts:23:7 ΓÇ║ Responsive - Mobile ΓÇ║ mobile menu button opens sidebar (8.2s)
  Γ£ô   46 [chromium] ΓÇ║ tests\responsive.spec.ts:68:7 ΓÇ║ Responsive - Desktop ΓÇ║ desktop navigation is visible (2.2s)
  Γ£ô   45 [chromium] ΓÇ║ tests\responsive.spec.ts:61:7 ΓÇ║ Responsive - Desktop ΓÇ║ no horizontal overflow on desktop (3.9s)
  Γ£ô   47 [tablet] ΓÇ║ tests\accessibility.spec.ts:9:7 ΓÇ║ Accessibility ΓÇ║ page has lang attribute (1.8s)
  Γ£ô   48 [tablet] ΓÇ║ tests\accessibility.spec.ts:14:7 ΓÇ║ Accessibility ΓÇ║ main landmark is present (1.7s)
  Γ£ô   49 [tablet] ΓÇ║ tests\accessibility.spec.ts:24:7 ΓÇ║ Accessibility ΓÇ║ headings are hierarchical (2.4s)
[WebServer] [browser] A tree hydrated but some attributes of the server rendered HTML didn't match the client 
properties. This won't be patched up. This can happen if a SSR-ed Client Component used:
[WebServer] 
[WebServer] - A server/client branch `if (typeof window !== 'undefined')`.
[WebServer] - Variable input such as `Date.now()` or `Math.random()` which changes each time it's called.
[WebServer] - Date formatting in a user's locale which doesn't match the server.
[WebServer] - External changing data without sending a snapshot of it along with the HTML.
[WebServer] - Invalid HTML tag nesting.
[WebServer] 
[WebServer] It can also happen if the client has a browser extension installed which messes with the HTML before React 
loaded.
[WebServer] 
[WebServer] https://react.dev/link/hydration-mismatch
[WebServer] 
[WebServer]   ...
[WebServer]     <HotReload globalError={[...]} webSocket={WebSocket} staticIndicatorState={{pathname:null, ...}}>
[WebServer]       <AppDevOverlayErrorBoundary globalError={[...]}>
[WebServer]         <ReplaySsrOnlyErrors>
[WebServer]         <DevRootHTTPAccessFallbackBoundary>
[WebServer]           <HTTPAccessFallbackBoundary notFound={<NotAllowedRootHTTPFallbackError>}>
[WebServer]             <HTTPAccessFallbackErrorBoundary pathname="/" notFound={<NotAllowedRootHTTPFallbackError>} ...>
[WebServer]               <RedirectBoundary>
[WebServer]                 <RedirectErrorBoundary router={{...}}>
[WebServer]                   <Head>
[WebServer]                   <__next_root_layout_boundary__>
[WebServer]                     <SegmentViewNode type="layout" pagePath="layout.tsx">
[WebServer]                       <SegmentTrieNode>
[WebServer]                       <link>
[WebServer]                       <script>
[WebServer]                       <RootLayout>
[WebServer]                         <html lang="en" className="geist_a715..." suppressHydrationWarning={true}>
[WebServer]                           <head>
[WebServer]                           <body
[WebServer]                             style={{
[WebServer] +                             background: "#05070A"
[WebServer] -                             background-image: "initial"
[WebServer] -                             background-position-x: "initial"
[WebServer] -                             background-position-y: "initial"
[WebServer] -                             background-size: "initial"
[WebServer] -                             background-repeat: "initial"
[WebServer] -                             background-attachment: "initial"
[WebServer] -                             background-origin: "initial"
[WebServer] -                             background-clip: "initial"
[WebServer] -                             background-color: "rgb(5, 7, 10)"
[WebServer]                             }}
[WebServer]                           >
[WebServer]                             ...
[WebServer]                               <motion.div>
[WebServer]                               <motion.div>
[WebServer]                               <motion.div>
[WebServer]                               <motion.div>
[WebServer]                               <motion.div initial={{opacity:0,scale:0}} whileInView={{opacity:1,scale:1}} 
...>
[WebServer]                                 <div
[WebServer]                                   className="absolute group cursor-none"
[WebServer]                                   onMouseEnter={function AboutSection[techNodes.map() > 
<motion.div>.onMouseEnter]}
[WebServer]                                   onMouseLeave={function AboutSection[techNodes.map() > 
<motion.div>.onMouseLeave]}
[WebServer]                                   style={{
[WebServer] +                                   left: "calc(50% + -80.00000000000007px - 50px)"
[WebServer] -                                   left: "calc(50% - 130px)"
[WebServer] +                                   top: "calc(50% + -138.56406460551014px - 20px)"
[WebServer] -                                   top: "calc(50% - 158.564px)"
[WebServer] +                                   opacity: 0
[WebServer] -                                   opacity: "0"
[WebServer] +                                   transform: "scale(0)"
[WebServer] -                                   transform: "scale(0)"
[WebServer]                                   }}
[WebServer]                                   ref={function useMotionRef.useCallback}
[WebServer]                                 >
[WebServer]                                   <div>
[WebServer]                                   <svg
[WebServer]                                     className="absolute pointer-events-none"
[WebServer]                                     style={{
[WebServer] +                                     left: "50%"
[WebServer] -                                     left: "50%"
[WebServer] +                                     top: "50%"
[WebServer] -                                     top: "50%"
[WebServer] +                                     width: 100.00000000000007
[WebServer] -                                     width: "100px"
[WebServer] +                                     height: 158.56406460551014
[WebServer] -                                     height: "158.564px"
[WebServer] +                                     transform: "translate(-80.00000000000007px, -138.56406460551014px)"
[WebServer] -                                     transform: "translate(-80px, -138.564px)"
[WebServer]                                     }}
[WebServer]                                   >
[WebServer]                                     <line
[WebServer]                                       x1={80.00000000000007}
[WebServer] +                                     y1={138.56406460551014}
[WebServer] -                                     y1="138.56406460551017"
[WebServer]                                       x2={0}
[WebServer]                                       y2={0}
[WebServer]                                       stroke="rgba(56, 189, 248, 0.08)"
[WebServer]                                       strokeWidth="1"
[WebServer]                                     >
[WebServer]                               ...
[WebServer]                   ...
[WebServer]  
  Γ£ô   50 [tablet] ΓÇ║ tests\accessibility.spec.ts:19:7 ΓÇ║ Accessibility ΓÇ║ navigation landmark is present (3.0s)
[WebServer] [browser] THREE.Clock: This module has been deprecated. Please use THREE.Timer instead.
[WebServer] [browser] A tree hydrated but some attributes of the server rendered HTML didn't match the client 
properties. This won't be patched up. This can happen if a SSR-ed Client Component used:
[WebServer] 
[WebServer] - A server/client branch `if (typeof window !== 'undefined')`.
[WebServer] - Variable input such as `Date.now()` or `Math.random()` which changes each time it's called.
[WebServer] - Date formatting in a user's locale which doesn't match the server.
[WebServer] - External changing data without sending a snapshot of it along with the HTML.
[WebServer] - Invalid HTML tag nesting.
[WebServer] 
[WebServer] It can also happen if the client has a browser extension installed which messes with the HTML before React 
loaded.
[WebServer] 
[WebServer] https://react.dev/link/hydration-mismatch
[WebServer] 
[WebServer]   ...
[WebServer]     <HotReload globalError={[...]} webSocket={WebSocket} staticIndicatorState={{pathname:null, ...}}>
[WebServer]       <AppDevOverlayErrorBoundary globalError={[...]}>
[WebServer]         <ReplaySsrOnlyErrors>
[WebServer]         <DevRootHTTPAccessFallbackBoundary>
[WebServer]           <HTTPAccessFallbackBoundary notFound={<NotAllowedRootHTTPFallbackError>}>
[WebServer]             <HTTPAccessFallbackErrorBoundary pathname="/" notFound={<NotAllowedRootHTTPFallbackError>} ...>
[WebServer]               <RedirectBoundary>
[WebServer]                 <RedirectErrorBoundary router={{...}}>
[WebServer]                   <Head>
[WebServer]                   <__next_root_layout_boundary__>
[WebServer]                     <SegmentViewNode type="layout" pagePath="layout.tsx">
[WebServer]                       <SegmentTrieNode>
[WebServer]                       <link>
[WebServer]                       <script>
[WebServer]                       <RootLayout>
[WebServer]                         <html lang="en" className="geist_a715..." suppressHydrationWarning={true}>
[WebServer]                           <head>
[WebServer]                           <body
[WebServer]                             style={{
[WebServer] +                             background: "#05070A"
[WebServer] -                             background-image: "initial"
[WebServer] -                             background-position-x: "initial"
[WebServer] -                             background-position-y: "initial"
[WebServer] -                             background-size: "initial"
[WebServer] -                             background-repeat: "initial"
[WebServer] -                             background-attachment: "initial"
[WebServer] -                             background-origin: "initial"
[WebServer] -                             background-clip: "initial"
[WebServer] -                             background-color: "rgb(5, 7, 10)"
[WebServer]                             }}
[WebServer]                           >
[WebServer]                             ...
[WebServer]                               <motion.div>
[WebServer]                               <motion.div>
[WebServer]                               <motion.div>
[WebServer]                               <motion.div>
[WebServer]                               <motion.div initial={{opacity:0,scale:0}} whileInView={{opacity:1,scale:1}} 
...>
[WebServer]                                 <div
[WebServer]                                   className="absolute group cursor-none"
[WebServer]                                   onMouseEnter={function AboutSection[techNodes.map() > 
<motion.div>.onMouseEnter]}
[WebServer]                                   onMouseLeave={function AboutSection[techNodes.map() > 
<motion.div>.onMouseLeave]}
[WebServer]                                   style={{
[WebServer] +                                   left: "calc(50% + -80.00000000000007px - 50px)"
[WebServer] -                                   left: "calc(50% - 130px)"
[WebServer] +                                   top: "calc(50% + -138.56406460551014px - 20px)"
[WebServer] -                                   top: "calc(50% - 158.564px)"
[WebServer] +                                   opacity: 0
[WebServer] -                                   opacity: "0"
[WebServer] +                                   transform: "scale(0)"
[WebServer] -                                   transform: "scale(0)"
[WebServer]                                   }}
[WebServer]                                   ref={function useMotionRef.useCallback}
[WebServer]                                 >
[WebServer]                                   <div>
[WebServer]                                   <svg
[WebServer]                                     className="absolute pointer-events-none"
[WebServer]                                     style={{
[WebServer] +                                     left: "50%"
[WebServer] -                                     left: "50%"
[WebServer] +                                     top: "50%"
[WebServer] -                                     top: "50%"
[WebServer] +                                     width: 100.00000000000007
[WebServer] -                                     width: "100px"
[WebServer] +                                     height: 158.56406460551014
[WebServer] -                                     height: "158.564px"
[WebServer] +                                     transform: "translate(-80.00000000000007px, -138.56406460551014px)"
[WebServer] -                                     transform: "translate(-80px, -138.564px)"
[WebServer]                                     }}
[WebServer]                                   >
[WebServer]                                     <line
[WebServer]                                       x1={80.00000000000007}
[WebServer] +                                     y1={138.56406460551014}
[WebServer] -                                     y1="138.56406460551017"
[WebServer]                                       x2={0}
[WebServer]                                       y2={0}
[WebServer]                                       stroke="rgba(56, 189, 248, 0.08)"
[WebServer]                                       strokeWidth="1"
[WebServer]                                     >
[WebServer]                               ...
[WebServer]                   ...
[WebServer]  
  Γ£ô   52 [tablet] ΓÇ║ tests\accessibility.spec.ts:41:7 ΓÇ║ Accessibility ΓÇ║ interactive elements are keyboard accessible (3.2s)
[WebServer] [browser] A tree hydrated but some attributes of the server rendered HTML didn't match the client 
properties. This won't be patched up. This can happen if a SSR-ed Client Component used:
[WebServer] 
[WebServer] - A server/client branch `if (typeof window !== 'undefined')`.
[WebServer] - Variable input such as `Date.now()` or `Math.random()` which changes each time it's called.
[WebServer] - Date formatting in a user's locale which doesn't match the server.
[WebServer] - External changing data without sending a snapshot of it along with the HTML.
[WebServer] - Invalid HTML tag nesting.
[WebServer] 
[WebServer] It can also happen if the client has a browser extension installed which messes with the HTML before React 
loaded.
[WebServer] 
[WebServer] https://react.dev/link/hydration-mismatch
[WebServer] 
[WebServer]   ...
[WebServer]     <HotReload globalError={[...]} webSocket={WebSocket} staticIndicatorState={{pathname:null, ...}}>
[WebServer]       <AppDevOverlayErrorBoundary globalError={[...]}>
[WebServer]         <ReplaySsrOnlyErrors>
[WebServer]         <DevRootHTTPAccessFallbackBoundary>
[WebServer]           <HTTPAccessFallbackBoundary notFound={<NotAllowedRootHTTPFallbackError>}>
[WebServer]             <HTTPAccessFallbackErrorBoundary pathname="/" notFound={<NotAllowedRootHTTPFallbackError>} ...>
[WebServer]               <RedirectBoundary>
[WebServer]                 <RedirectErrorBoundary router={{...}}>
[WebServer]                   <Head>
[WebServer]                   <__next_root_layout_boundary__>
[WebServer]                     <SegmentViewNode type="layout" pagePath="layout.tsx">
[WebServer]                       <SegmentTrieNode>
[WebServer]                       <link>
[WebServer]                       <script>
[WebServer]                       <RootLayout>
[WebServer]                         <html lang="en" className="geist_a715..." suppressHydrationWarning={true}>
[WebServer]                           <head>
[WebServer]                           <body
[WebServer]                             style={{
[WebServer] +                             background: "#05070A"
[WebServer] -                             background-image: "initial"
[WebServer] -                             background-position-x: "initial"
[WebServer] -                             background-position-y: "initial"
[WebServer] -                             background-size: "initial"
[WebServer] -                             background-repeat: "initial"
[WebServer] -                             background-attachment: "initial"
[WebServer] -                             background-origin: "initial"
[WebServer] -                             background-clip: "initial"
[WebServer] -                             background-color: "rgb(5, 7, 10)"
[WebServer]                             }}
[WebServer]                           >
[WebServer]                             ...
[WebServer]                               <motion.div>
[WebServer]                               <motion.div>
[WebServer]                               <motion.div>
[WebServer]                               <motion.div>
[WebServer]                               <motion.div initial={{opacity:0,scale:0}} whileInView={{opacity:1,scale:1}} 
...>
[WebServer]                                 <div
[WebServer]                                   className="absolute group cursor-none"
[WebServer]                                   onMouseEnter={function AboutSection[techNodes.map() > 
<motion.div>.onMouseEnter]}
[WebServer]                                   onMouseLeave={function AboutSection[techNodes.map() > 
<motion.div>.onMouseLeave]}
[WebServer]                                   style={{
[WebServer] +                                   left: "calc(50% + -80.00000000000007px - 50px)"
[WebServer] -                                   left: "calc(50% - 130px)"
[WebServer] +                                   top: "calc(50% + -138.56406460551014px - 20px)"
[WebServer] -                                   top: "calc(50% - 158.564px)"
[WebServer] +                                   opacity: 0
[WebServer] -                                   opacity: "0"
[WebServer] +                                   transform: "scale(0)"
[WebServer] -                                   transform: "scale(0)"
[WebServer]                                   }}
[WebServer]                                   ref={function useMotionRef.useCallback}
[WebServer]                                 >
[WebServer]                                   <div>
[WebServer]                                   <svg
[WebServer]                                     className="absolute pointer-events-none"
[WebServer]                                     style={{
[WebServer] +                                     left: "50%"
[WebServer] -                                     left: "50%"
[WebServer] +                                     top: "50%"
[WebServer] -                                     top: "50%"
[WebServer] +                                     width: 100.00000000000007
[WebServer] -                                     width: "100px"
[WebServer] +                                     height: 158.56406460551014
[WebServer] -                                     height: "158.564px"
[WebServer] +                                     transform: "translate(-80.00000000000007px, -138.56406460551014px)"
[WebServer] -                                     transform: "translate(-80px, -138.564px)"
[WebServer]                                     }}
[WebServer]                                   >
[WebServer]                                     <line
[WebServer]                                       x1={80.00000000000007}
[WebServer] +                                     y1={138.56406460551014}
[WebServer] -                                     y1="138.56406460551017"
[WebServer]                                       x2={0}
[WebServer]                                       y2={0}
[WebServer]                                       stroke="rgba(56, 189, 248, 0.08)"
[WebServer]                                       strokeWidth="1"
[WebServer]                                     >
[WebServer]                               ...
[WebServer]                   ...
[WebServer]  
  Γ£ô   54 [tablet] ΓÇ║ tests\functional.spec.ts:9:7 ΓÇ║ Resume ΓÇ║ resume link exists in desktop nav (3.7s)
[WebServer] [browser] THREE.Clock: This module has been deprecated. Please use THREE.Timer instead.
  Γ£ÿ   55 [tablet] ΓÇ║ tests\functional.spec.ts:17:7 ΓÇ║ Resume ΓÇ║ resume PDF is accessible (2.8s)
  Γ£ÿ   51 [tablet] ΓÇ║ tests\accessibility.spec.ts:30:7 ΓÇ║ Accessibility ΓÇ║ form fields have labels (13.0s)
  Γ£ÿ   53 [tablet] ΓÇ║ tests\accessibility.spec.ts:51:7 ΓÇ║ Accessibility ΓÇ║ mobile sidebar has aria attributes (13.6s)
[WebServer] [browser] A tree hydrated but some attributes of the server rendered HTML didn't match the client 
properties. This won't be patched up. This can happen if a SSR-ed Client Component used:
[WebServer] 
[WebServer] - A server/client branch `if (typeof window !== 'undefined')`.
[WebServer] - Variable input such as `Date.now()` or `Math.random()` which changes each time it's called.
[WebServer] - Date formatting in a user's locale which doesn't match the server.
[WebServer] - External changing data without sending a snapshot of it along with the HTML.
[WebServer] - Invalid HTML tag nesting.
[WebServer] 
[WebServer] It can also happen if the client has a browser extension installed which messes with the HTML before React 
loaded.
[WebServer] 
[WebServer] https://react.dev/link/hydration-mismatch
[WebServer] 
[WebServer]   ...
[WebServer]     <HotReload globalError={[...]} webSocket={WebSocket} staticIndicatorState={{pathname:null, ...}}>
[WebServer]       <AppDevOverlayErrorBoundary globalError={[...]}>
[WebServer]         <ReplaySsrOnlyErrors>
[WebServer]         <DevRootHTTPAccessFallbackBoundary>
[WebServer]           <HTTPAccessFallbackBoundary notFound={<NotAllowedRootHTTPFallbackError>}>
[WebServer]             <HTTPAccessFallbackErrorBoundary pathname="/" notFound={<NotAllowedRootHTTPFallbackError>} ...>
[WebServer]               <RedirectBoundary>
[WebServer]                 <RedirectErrorBoundary router={{...}}>
[WebServer]                   <Head>
[WebServer]                   <__next_root_layout_boundary__>
[WebServer]                     <SegmentViewNode type="layout" pagePath="layout.tsx">
[WebServer]                       <SegmentTrieNode>
[WebServer]                       <link>
[WebServer]                       <script>
[WebServer]                       <RootLayout>
[WebServer]                         <html lang="en" className="geist_a715..." suppressHydrationWarning={true}>
[WebServer]                           <head>
[WebServer]                           <body
[WebServer]                             style={{
[WebServer] +                             background: "#05070A"
[WebServer] -                             background-image: "initial"
[WebServer] -                             background-position-x: "initial"
[WebServer] -                             background-position-y: "initial"
[WebServer] -                             background-size: "initial"
[WebServer] -                             background-repeat: "initial"
[WebServer] -                             background-attachment: "initial"
[WebServer] -                             background-origin: "initial"
[WebServer] -                             background-clip: "initial"
[WebServer] -                             background-color: "rgb(5, 7, 10)"
[WebServer]                             }}
[WebServer]                           >
[WebServer]                             ...
[WebServer]                               <motion.div>
[WebServer]                               <motion.div>
[WebServer]                               <motion.div>
[WebServer]                               <motion.div>
[WebServer]                               <motion.div initial={{opacity:0,scale:0}} whileInView={{opacity:1,scale:1}} 
...>
[WebServer]                                 <div
[WebServer]                                   className="absolute group cursor-none"
[WebServer]                                   onMouseEnter={function AboutSection[techNodes.map() > 
<motion.div>.onMouseEnter]}
[WebServer]                                   onMouseLeave={function AboutSection[techNodes.map() > 
<motion.div>.onMouseLeave]}
[WebServer]                                   style={{
[WebServer] +                                   left: "calc(50% + -80.00000000000007px - 50px)"
[WebServer] -                                   left: "calc(50% - 130px)"
[WebServer] +                                   top: "calc(50% + -138.56406460551014px - 20px)"
[WebServer] -                                   top: "calc(50% - 158.564px)"
[WebServer] +                                   opacity: 0
[WebServer] -                                   opacity: "0"
[WebServer] +                                   transform: "scale(0)"
[WebServer] -                                   transform: "scale(0)"
[WebServer]                                   }}
[WebServer]                                   ref={function useMotionRef.useCallback}
[WebServer]                                 >
[WebServer]                                   <div>
[WebServer]                                   <svg
[WebServer]                                     className="absolute pointer-events-none"
[WebServer]                                     style={{
[WebServer] +                                     left: "50%"
[WebServer] -                                     left: "50%"
[WebServer] +                                     top: "50%"
[WebServer] -                                     top: "50%"
[WebServer] +                                     width: 100.00000000000007
[WebServer] -                                     width: "100px"
[WebServer] +                                     height: 158.56406460551014
[WebServer] -                                     height: "158.564px"
[WebServer] +                                     transform: "translate(-80.00000000000007px, -138.56406460551014px)"
[WebServer] -                                     transform: "translate(-80px, -138.564px)"
[WebServer]                                     }}
[WebServer]                                   >
[WebServer]                                     <line
[WebServer]                                       x1={80.00000000000007}
[WebServer] +                                     y1={138.56406460551014}
[WebServer] -                                     y1="138.56406460551017"
[WebServer]                                       x2={0}
[WebServer]                                       y2={0}
[WebServer]                                       stroke="rgba(56, 189, 248, 0.08)"
[WebServer]                                       strokeWidth="1"
[WebServer]                                     >
[WebServer]                               ...
[WebServer]                   ...
[WebServer]  
[WebServer] [browser] A tree hydrated but some attributes of the server rendered HTML didn't match the client 
properties. This won't be patched up. This can happen if a SSR-ed Client Component used:
[WebServer] 
[WebServer] - A server/client branch `if (typeof window !== 'undefined')`.
[WebServer] - Variable input such as `Date.now()` or `Math.random()` which changes each time it's called.
[WebServer] - Date formatting in a user's locale which doesn't match the server.
[WebServer] - External changing data without sending a snapshot of it along with the HTML.
[WebServer] - Invalid HTML tag nesting.
[WebServer] 
[WebServer] It can also happen if the client has a browser extension installed which messes with the HTML before React 
loaded.
[WebServer] 
[WebServer] https://react.dev/link/hydration-mismatch
[WebServer] 
[WebServer]   ...
[WebServer]     <ClientPageRoot Component={function Home} serverProvidedParams={{...}}>
[WebServer]       <Home params={Promise} searchParams={Promise}>
[WebServer]         <CursorProvider>
[WebServer]           <BootSequence>
[WebServer]           <CustomCursor>
[WebServer]           <div>
[WebServer]           <Scene>
[WebServer]           <NavigationHUD>
[WebServer]           <ScrollIndicator>
[WebServer]           <main className="content-layer" style={{opacity:0, ...}}>
[WebServer]             <HeroSection>
[WebServer]             <AboutSection>
[WebServer]               <section id="about" className="relative p...">
[WebServer]                 <div>
[WebServer]                 <div className="relative z...">
[WebServer]                   <SectionLabel>
[WebServer]                   <div className="grid grid-...">
[WebServer]                     <motion.div>
[WebServer]                     <motion.div initial={{opacity:0,x:30}} whileInView={{opacity:1,x:0}} 
viewport={{once:true}} ...>
[WebServer]                       <div className="relative h..." style={{opacity:0, ...}} ref={function 
useMotionRef.useCallback}>
[WebServer]                         <div>
[WebServer]                         <motion.div>
[WebServer]                         <motion.div>
[WebServer]                         <motion.div>
[WebServer]                         <motion.div>
[WebServer]                         <motion.div initial={{opacity:0,scale:0}} whileInView={{opacity:1,scale:1}} ...>
[WebServer]                           <div
[WebServer]                             className="absolute group cursor-none"
[WebServer]                             onMouseEnter={function AboutSection[techNodes.map() > 
<motion.div>.onMouseEnter]}
[WebServer]                             onMouseLeave={function AboutSection[techNodes.map() > 
<motion.div>.onMouseLeave]}
[WebServer]                             style={{
[WebServer] +                             left: "calc(50% + -80.00000000000007px - 50px)"
[WebServer] -                             left: "calc(50% - 130px)"
[WebServer] +                             top: "calc(50% + -138.56406460551014px - 20px)"
[WebServer] -                             top: "calc(50% - 158.564px)"
[WebServer] +                             opacity: 0
[WebServer] -                             opacity: "0"
[WebServer] +                             transform: "scale(0)"
[WebServer] -                             transform: "scale(0)"
[WebServer]                             }}
[WebServer]                             ref={function useMotionRef.useCallback}
[WebServer]                           >
[WebServer]                             <div>
[WebServer]                             <svg
[WebServer]                               className="absolute pointer-events-none"
[WebServer]                               style={{
[WebServer] +                               left: "50%"
[WebServer] -                               left: "50%"
[WebServer] +                               top: "50%"
[WebServer] -                               top: "50%"
[WebServer] +                               width: 100.00000000000007
[WebServer] -                               width: "100px"
[WebServer] +                               height: 158.56406460551014
[WebServer] -                               height: "158.564px"
[WebServer] +                               transform: "translate(-80.00000000000007px, -138.56406460551014px)"
[WebServer] -                               transform: "translate(-80px, -138.564px)"
[WebServer]                               }}
[WebServer]                             >
[WebServer]                               <line
[WebServer]                                 x1={80.00000000000007}
[WebServer] +                               y1={138.56406460551014}
[WebServer] -                               y1="138.56406460551017"
[WebServer]                                 x2={0}
[WebServer]                                 y2={0}
[WebServer]                                 stroke="rgba(56, 189, 248, 0.08)"
[WebServer]                                 strokeWidth="1"
[WebServer]                               >
[WebServer]                         ...
[WebServer]                     ...
[WebServer]             ...
[WebServer]  
[WebServer] [browser] THREE.Clock: This module has been deprecated. Please use THREE.Timer instead.
[WebServer] [browser] THREE.Clock: This module has been deprecated. Please use THREE.Timer instead.
  Γ£ô   56 [tablet] ΓÇ║ tests\functional.spec.ts:35:7 ΓÇ║ Contact form ΓÇ║ contact form validates empty submission (12.9s)
[WebServer] [browser] A tree hydrated but some attributes of the server rendered HTML didn't match the client 
properties. This won't be patched up. This can happen if a SSR-ed Client Component used:
[WebServer] 
[WebServer] - A server/client branch `if (typeof window !== 'undefined')`.
[WebServer] - Variable input such as `Date.now()` or `Math.random()` which changes each time it's called.
[WebServer] - Date formatting in a user's locale which doesn't match the server.
[WebServer] - External changing data without sending a snapshot of it along with the HTML.
[WebServer] - Invalid HTML tag nesting.
[WebServer] 
[WebServer] It can also happen if the client has a browser extension installed which messes with the HTML before React 
loaded.
[WebServer] 
[WebServer] https://react.dev/link/hydration-mismatch
[WebServer] 
[WebServer]   ...
[WebServer]     <HotReload globalError={[...]} webSocket={WebSocket} staticIndicatorState={{pathname:null, ...}}>
[WebServer]       <AppDevOverlayErrorBoundary globalError={[...]}>
[WebServer]         <ReplaySsrOnlyErrors>
[WebServer]         <DevRootHTTPAccessFallbackBoundary>
[WebServer]           <HTTPAccessFallbackBoundary notFound={<NotAllowedRootHTTPFallbackError>}>
[WebServer]             <HTTPAccessFallbackErrorBoundary pathname="/" notFound={<NotAllowedRootHTTPFallbackError>} ...>
[WebServer]               <RedirectBoundary>
[WebServer]                 <RedirectErrorBoundary router={{...}}>
[WebServer]                   <Head>
[WebServer]                   <__next_root_layout_boundary__>
[WebServer]                     <SegmentViewNode type="layout" pagePath="layout.tsx">
[WebServer]                       <SegmentTrieNode>
[WebServer]                       <link>
[WebServer]                       <script>
[WebServer]                       <RootLayout>
[WebServer]                         <html lang="en" className="geist_a715..." suppressHydrationWarning={true}>
[WebServer]                           <head>
[WebServer]                           <body
[WebServer]                             style={{
[WebServer] +                             background: "#05070A"
[WebServer] -                             background-image: "initial"
[WebServer] -                             background-position-x: "initial"
[WebServer] -                             background-position-y: "initial"
[WebServer] -                             background-size: "initial"
[WebServer] -                             background-repeat: "initial"
[WebServer] -                             background-attachment: "initial"
[WebServer] -                             background-origin: "initial"
[WebServer] -                             background-clip: "initial"
[WebServer] -                             background-color: "rgb(5, 7, 10)"
[WebServer]                             }}
[WebServer]                           >
[WebServer]                             ...
[WebServer]                               <motion.div>
[WebServer]                               <motion.div>
[WebServer]                               <motion.div>
[WebServer]                               <motion.div>
[WebServer]                               <motion.div initial={{opacity:0,scale:0}} whileInView={{opacity:1,scale:1}} 
...>
[WebServer]                                 <div
[WebServer]                                   className="absolute group cursor-none"
[WebServer]                                   onMouseEnter={function AboutSection[techNodes.map() > 
<motion.div>.onMouseEnter]}
[WebServer]                                   onMouseLeave={function AboutSection[techNodes.map() > 
<motion.div>.onMouseLeave]}
[WebServer]                                   style={{
[WebServer] +                                   left: "calc(50% + -80.00000000000007px - 50px)"
[WebServer] -                                   left: "calc(50% - 130px)"
[WebServer] +                                   top: "calc(50% + -138.56406460551014px - 20px)"
[WebServer] -                                   top: "calc(50% - 158.564px)"
[WebServer] +                                   opacity: 0
[WebServer] -                                   opacity: "0"
[WebServer] +                                   transform: "scale(0)"
[WebServer] -                                   transform: "scale(0)"
[WebServer]                                   }}
[WebServer]                                   ref={function useMotionRef.useCallback}
[WebServer]                                 >
[WebServer]                                   <div>
[WebServer]                                   <svg
[WebServer]                                     className="absolute pointer-events-none"
[WebServer]                                     style={{
[WebServer] +                                     left: "50%"
[WebServer] -                                     left: "50%"
[WebServer] +                                     top: "50%"
[WebServer] -                                     top: "50%"
[WebServer] +                                     width: 100.00000000000007
[WebServer] -                                     width: "100px"
[WebServer] +                                     height: 158.56406460551014
[WebServer] -                                     height: "158.564px"
[WebServer] +                                     transform: "translate(-80.00000000000007px, -138.56406460551014px)"
[WebServer] -                                     transform: "translate(-80px, -138.564px)"
[WebServer]                                     }}
[WebServer]                                   >
[WebServer]                                     <line
[WebServer]                                       x1={80.00000000000007}
[WebServer] +                                     y1={138.56406460551014}
[WebServer] -                                     y1="138.56406460551017"
[WebServer]                                       x2={0}
[WebServer]                                       y2={0}
[WebServer]                                       stroke="rgba(56, 189, 248, 0.08)"
[WebServer]                                       strokeWidth="1"
[WebServer]                                     >
[WebServer]                               ...
[WebServer]                   ...
[WebServer]  
[WebServer] [browser] THREE.Clock: This module has been deprecated. Please use THREE.Timer instead.
[WebServer] [browser] A tree hydrated but some attributes of the server rendered HTML didn't match the client 
properties. This won't be patched up. This can happen if a SSR-ed Client Component used:
[WebServer] 
[WebServer] - A server/client branch `if (typeof window !== 'undefined')`.
[WebServer] - Variable input such as `Date.now()` or `Math.random()` which changes each time it's called.
[WebServer] - Date formatting in a user's locale which doesn't match the server.
[WebServer] - External changing data without sending a snapshot of it along with the HTML.
[WebServer] - Invalid HTML tag nesting.
[WebServer] 
[WebServer] It can also happen if the client has a browser extension installed which messes with the HTML before React 
loaded.
[WebServer] 
[WebServer] https://react.dev/link/hydration-mismatch
[WebServer] 
[WebServer]   ...
[WebServer]     <HotReload globalError={[...]} webSocket={WebSocket} staticIndicatorState={{pathname:null, ...}}>
[WebServer]       <AppDevOverlayErrorBoundary globalError={[...]}>
[WebServer]         <ReplaySsrOnlyErrors>
[WebServer]         <DevRootHTTPAccessFallbackBoundary>
[WebServer]           <HTTPAccessFallbackBoundary notFound={<NotAllowedRootHTTPFallbackError>}>
[WebServer]             <HTTPAccessFallbackErrorBoundary pathname="/" notFound={<NotAllowedRootHTTPFallbackError>} ...>
[WebServer]               <RedirectBoundary>
[WebServer]                 <RedirectErrorBoundary router={{...}}>
[WebServer]                   <Head>
[WebServer]                   <__next_root_layout_boundary__>
[WebServer]                     <SegmentViewNode type="layout" pagePath="layout.tsx">
[WebServer]                       <SegmentTrieNode>
[WebServer]                       <link>
[WebServer]                       <script>
[WebServer]                       <RootLayout>
[WebServer]                         <html lang="en" className="geist_a715..." suppressHydrationWarning={true}>
[WebServer]                           <head>
[WebServer]                           <body
[WebServer]                             style={{
[WebServer] +                             background: "#05070A"
[WebServer] -                             background-image: "initial"
[WebServer] -                             background-position-x: "initial"
[WebServer] -                             background-position-y: "initial"
[WebServer] -                             background-size: "initial"
[WebServer] -                             background-repeat: "initial"
[WebServer] -                             background-attachment: "initial"
[WebServer] -                             background-origin: "initial"
[WebServer] -                             background-clip: "initial"
[WebServer] -                             background-color: "rgb(5, 7, 10)"
[WebServer]                             }}
[WebServer]                           >
[WebServer]                             ...
[WebServer]                               <motion.div>
[WebServer]                               <motion.div>
[WebServer]                               <motion.div>
[WebServer]                               <motion.div>
[WebServer]                               <motion.div initial={{opacity:0,scale:0}} whileInView={{opacity:1,scale:1}} 
...>
[WebServer]                                 <div
[WebServer]                                   className="absolute group cursor-none"
[WebServer]                                   onMouseEnter={function AboutSection[techNodes.map() > 
<motion.div>.onMouseEnter]}
[WebServer]                                   onMouseLeave={function AboutSection[techNodes.map() > 
<motion.div>.onMouseLeave]}
[WebServer]                                   style={{
[WebServer] +                                   left: "calc(50% + -80.00000000000007px - 50px)"
[WebServer] -                                   left: "calc(50% - 130px)"
[WebServer] +                                   top: "calc(50% + -138.56406460551014px - 20px)"
[WebServer] -                                   top: "calc(50% - 158.564px)"
[WebServer] +                                   opacity: 0
[WebServer] -                                   opacity: "0"
[WebServer] +                                   transform: "scale(0)"
[WebServer] -                                   transform: "scale(0)"
[WebServer]                                   }}
[WebServer]                                   ref={function useMotionRef.useCallback}
[WebServer]                                 >
[WebServer]                                   <div>
[WebServer]                                   <svg
[WebServer]                                     className="absolute pointer-events-none"
[WebServer]                                     style={{
[WebServer] +                                     left: "50%"
[WebServer] -                                     left: "50%"
[WebServer] +                                     top: "50%"
[WebServer] -                                     top: "50%"
[WebServer] +                                     width: 100.00000000000007
[WebServer] -                                     width: "100px"
[WebServer] +                                     height: 158.56406460551014
[WebServer] -                                     height: "158.564px"
[WebServer] +                                     transform: "translate(-80.00000000000007px, -138.56406460551014px)"
[WebServer] -                                     transform: "translate(-80px, -138.564px)"
[WebServer]                                     }}
[WebServer]                                   >
[WebServer]                                     <line
[WebServer]                                       x1={80.00000000000007}
[WebServer] +                                     y1={138.56406460551014}
[WebServer] -                                     y1="138.56406460551017"
[WebServer]                                       x2={0}
[WebServer]                                       y2={0}
[WebServer]                                       stroke="rgba(56, 189, 248, 0.08)"
[WebServer]                                       strokeWidth="1"
[WebServer]                                     >
[WebServer]                               ...
[WebServer]                   ...
[WebServer]  
[WebServer] [browser] THREE.Clock: This module has been deprecated. Please use THREE.Timer instead.
  Γ£ÿ   57 [tablet] ΓÇ║ tests\functional.spec.ts:24:7 ΓÇ║ Contact form ΓÇ║ contact form is visible (19.0s)
  Γ£ÿ   58 [tablet] ΓÇ║ tests\functional.spec.ts:45:7 ΓÇ║ Contact form ΓÇ║ contact form validates invalid email (1.0m)
[WebServer] [browser] A tree hydrated but some attributes of the server rendered HTML didn't match the client 
properties. This won't be patched up. This can happen if a SSR-ed Client Component used:
[WebServer] 
[WebServer] - A server/client branch `if (typeof window !== 'undefined')`.
[WebServer] - Variable input such as `Date.now()` or `Math.random()` which changes each time it's called.
[WebServer] - Date formatting in a user's locale which doesn't match the server.
[WebServer] - External changing data without sending a snapshot of it along with the HTML.
[WebServer] - Invalid HTML tag nesting.
[WebServer] 
[WebServer] It can also happen if the client has a browser extension installed which messes with the HTML before React 
loaded.
[WebServer] 
[WebServer] https://react.dev/link/hydration-mismatch
[WebServer] 
[WebServer]   ...
[WebServer]     <HotReload globalError={[...]} webSocket={WebSocket} staticIndicatorState={{pathname:null, ...}}>
[WebServer]       <AppDevOverlayErrorBoundary globalError={[...]}>
[WebServer]         <ReplaySsrOnlyErrors>
[WebServer]         <DevRootHTTPAccessFallbackBoundary>
[WebServer]           <HTTPAccessFallbackBoundary notFound={<NotAllowedRootHTTPFallbackError>}>
[WebServer]             <HTTPAccessFallbackErrorBoundary pathname="/" notFound={<NotAllowedRootHTTPFallbackError>} ...>
[WebServer]               <RedirectBoundary>
[WebServer]                 <RedirectErrorBoundary router={{...}}>
[WebServer]                   <Head>
[WebServer]                   <__next_root_layout_boundary__>
[WebServer]                     <SegmentViewNode type="layout" pagePath="layout.tsx">
[WebServer]                       <SegmentTrieNode>
[WebServer]                       <link>
[WebServer]                       <script>
[WebServer]                       <RootLayout>
[WebServer]                         <html lang="en" className="geist_a715..." suppressHydrationWarning={true}>
[WebServer]                           <head>
[WebServer]                           <body
[WebServer]                             style={{
[WebServer] +                             background: "#05070A"
[WebServer] -                             background-image: "initial"
[WebServer] -                             background-position-x: "initial"
[WebServer] -                             background-position-y: "initial"
[WebServer] -                             background-size: "initial"
[WebServer] -                             background-repeat: "initial"
[WebServer] -                             background-attachment: "initial"
[WebServer] -                             background-origin: "initial"
[WebServer] -                             background-clip: "initial"
[WebServer] -                             background-color: "rgb(5, 7, 10)"
[WebServer]                             }}
[WebServer]                           >
[WebServer]                             ...
[WebServer]                               <motion.div>
[WebServer]                               <motion.div>
[WebServer]                               <motion.div>
[WebServer]                               <motion.div>
[WebServer]                               <motion.div initial={{opacity:0,scale:0}} whileInView={{opacity:1,scale:1}} 
...>
[WebServer]                                 <div
[WebServer]                                   className="absolute group cursor-none"
[WebServer]                                   onMouseEnter={function AboutSection[techNodes.map() > 
<motion.div>.onMouseEnter]}
[WebServer]                                   onMouseLeave={function AboutSection[techNodes.map() > 
<motion.div>.onMouseLeave]}
[WebServer]                                   style={{
[WebServer] +                                   left: "calc(50% + -80.00000000000007px - 50px)"
[WebServer] -                                   left: "calc(50% - 130px)"
[WebServer] +                                   top: "calc(50% + -138.56406460551014px - 20px)"
[WebServer] -                                   top: "calc(50% - 158.564px)"
[WebServer] +                                   opacity: 0
[WebServer] -                                   opacity: "0"
[WebServer] +                                   transform: "scale(0)"
[WebServer] -                                   transform: "scale(0)"
[WebServer]                                   }}
[WebServer]                                   ref={function useMotionRef.useCallback}
[WebServer]                                 >
[WebServer]                                   <div>
[WebServer]                                   <svg
[WebServer]                                     className="absolute pointer-events-none"
[WebServer]                                     style={{
[WebServer] +                                     left: "50%"
[WebServer] -                                     left: "50%"
[WebServer] +                                     top: "50%"
[WebServer] -                                     top: "50%"
[WebServer] +                                     width: 100.00000000000007
[WebServer] -                                     width: "100px"
[WebServer] +                                     height: 158.56406460551014
[WebServer] -                                     height: "158.564px"
[WebServer] +                                     transform: "translate(-80.00000000000007px, -138.56406460551014px)"
[WebServer] -                                     transform: "translate(-80px, -138.564px)"
[WebServer]                                     }}
[WebServer]                                   >
[WebServer]                                     <line
[WebServer]                                       x1={80.00000000000007}
[WebServer] +                                     y1={138.56406460551014}
[WebServer] -                                     y1="138.56406460551017"
[WebServer]                                       x2={0}
[WebServer]                                       y2={0}
[WebServer]                                       stroke="rgba(56, 189, 248, 0.08)"
[WebServer]                                       strokeWidth="1"
[WebServer]                                     >
[WebServer]                               ...
[WebServer]                   ...
[WebServer]  
  Γ£ÿ   59 [tablet] ΓÇ║ tests\functional.spec.ts:59:7 ΓÇ║ Contact form ΓÇ║ contact form accepts valid email (1.0m)
[WebServer] [browser] THREE.Clock: This module has been deprecated. Please use THREE.Timer instead.
  Γ£ô   60 [tablet] ΓÇ║ tests\functional.spec.ts:76:7 ΓÇ║ Sections ΓÇ║ all major sections exist (13.6s)
[WebServer] [browser] A tree hydrated but some attributes of the server rendered HTML didn't match the client 
properties. This won't be patched up. This can happen if a SSR-ed Client Component used:
[WebServer] 
[WebServer] - A server/client branch `if (typeof window !== 'undefined')`.
[WebServer] - Variable input such as `Date.now()` or `Math.random()` which changes each time it's called.
[WebServer] - Date formatting in a user's locale which doesn't match the server.
[WebServer] - External changing data without sending a snapshot of it along with the HTML.
[WebServer] - Invalid HTML tag nesting.
[WebServer] 
[WebServer] It can also happen if the client has a browser extension installed which messes with the HTML before React 
loaded.
[WebServer] 
[WebServer] https://react.dev/link/hydration-mismatch
[WebServer] 
[WebServer]   ...
[WebServer]     <ClientPageRoot Component={function Home} serverProvidedParams={{...}}>
[WebServer]       <Home params={Promise} searchParams={Promise}>
[WebServer]         <CursorProvider>
[WebServer]           <BootSequence>
[WebServer]           <CustomCursor>
[WebServer]           <div>
[WebServer]           <Scene>
[WebServer]           <NavigationHUD>
[WebServer]           <ScrollIndicator>
[WebServer]           <main className="content-layer" style={{opacity:0, ...}}>
[WebServer]             <HeroSection>
[WebServer]             <AboutSection>
[WebServer]               <section id="about" className="relative p...">
[WebServer]                 <div>
[WebServer]                 <div className="relative z...">
[WebServer]                   <SectionLabel>
[WebServer]                   <div className="grid grid-...">
[WebServer]                     <motion.div>
[WebServer]                     <motion.div initial={{opacity:0,x:30}} whileInView={{opacity:1,x:0}} 
viewport={{once:true}} ...>
[WebServer]                       <div className="relative h..." style={{opacity:0, ...}} ref={function 
useMotionRef.useCallback}>
[WebServer]                         <div>
[WebServer]                         <motion.div>
[WebServer]                         <motion.div>
[WebServer]                         <motion.div>
[WebServer]                         <motion.div>
[WebServer]                         <motion.div initial={{opacity:0,scale:0}} whileInView={{opacity:1,scale:1}} ...>
[WebServer]                           <div
[WebServer]                             className="absolute group cursor-none"
[WebServer]                             onMouseEnter={function AboutSection[techNodes.map() > 
<motion.div>.onMouseEnter]}
[WebServer]                             onMouseLeave={function AboutSection[techNodes.map() > 
<motion.div>.onMouseLeave]}
[WebServer]                             style={{
[WebServer] +                             left: "calc(50% + -80.00000000000007px - 50px)"
[WebServer] -                             left: "calc(50% - 130px)"
[WebServer] +                             top: "calc(50% + -138.56406460551014px - 20px)"
[WebServer] -                             top: "calc(50% - 158.564px)"
[WebServer] +                             opacity: 0
[WebServer] -                             opacity: "0"
[WebServer] +                             transform: "scale(0)"
[WebServer] -                             transform: "scale(0)"
[WebServer]                             }}
[WebServer]                             ref={function useMotionRef.useCallback}
[WebServer]                           >
[WebServer]                             <div>
[WebServer]                             <svg
[WebServer]                               className="absolute pointer-events-none"
[WebServer]                               style={{
[WebServer] +                               left: "50%"
[WebServer] -                               left: "50%"
[WebServer] +                               top: "50%"
[WebServer] -                               top: "50%"
[WebServer] +                               width: 100.00000000000007
[WebServer] -                               width: "100px"
[WebServer] +                               height: 158.56406460551014
[WebServer] -                               height: "158.564px"
[WebServer] +                               transform: "translate(-80.00000000000007px, -138.56406460551014px)"
[WebServer] -                               transform: "translate(-80px, -138.564px)"
[WebServer]                               }}
[WebServer]                             >
[WebServer]                               <line
[WebServer]                                 x1={80.00000000000007}
[WebServer] +                               y1={138.56406460551014}
[WebServer] -                               y1="138.56406460551017"
[WebServer]                                 x2={0}
[WebServer]                                 y2={0}
[WebServer]                                 stroke="rgba(56, 189, 248, 0.08)"
[WebServer]                                 strokeWidth="1"
[WebServer]                               >
[WebServer]                         ...
[WebServer]                     ...
[WebServer]             ...
[WebServer]  
[WebServer] [browser] THREE.Clock: This module has been deprecated. Please use THREE.Timer instead.
  Γ£ô   63 [tablet] ΓÇ║ tests\functional.spec.ts:108:7 ΓÇ║ Branding ΓÇ║ Full Stack Developer is not present (5.3s)
[WebServer] [browser] A tree hydrated but some attributes of the server rendered HTML didn't match the client 
properties. This won't be patched up. This can happen if a SSR-ed Client Component used:
[WebServer] 
[WebServer] - A server/client branch `if (typeof window !== 'undefined')`.
[WebServer] - Variable input such as `Date.now()` or `Math.random()` which changes each time it's called.
[WebServer] - Date formatting in a user's locale which doesn't match the server.
[WebServer] - External changing data without sending a snapshot of it along with the HTML.
[WebServer] - Invalid HTML tag nesting.
[WebServer] 
[WebServer] It can also happen if the client has a browser extension installed which messes with the HTML before React 
loaded.
[WebServer] 
[WebServer] https://react.dev/link/hydration-mismatch
[WebServer] 
[WebServer]   ...
[WebServer]     <ClientPageRoot Component={function Home} serverProvidedParams={{...}}>
[WebServer]       <Home params={Promise} searchParams={Promise}>
[WebServer]         <CursorProvider>
[WebServer]           <BootSequence>
[WebServer]           <CustomCursor>
[WebServer]           <div>
[WebServer]           <Scene>
[WebServer]           <NavigationHUD>
[WebServer]           <ScrollIndicator>
[WebServer]           <main className="content-layer" style={{opacity:0, ...}}>
[WebServer]             <HeroSection>
[WebServer]             <AboutSection>
[WebServer]               <section id="about" className="relative p...">
[WebServer]                 <div>
[WebServer]                 <div className="relative z...">
[WebServer]                   <SectionLabel>
[WebServer]                   <div className="grid grid-...">
[WebServer]                     <motion.div>
[WebServer]                     <motion.div initial={{opacity:0,x:30}} whileInView={{opacity:1,x:0}} 
viewport={{once:true}} ...>
[WebServer]                       <div className="relative h..." style={{opacity:0, ...}} ref={function 
useMotionRef.useCallback}>
[WebServer]                         <div>
[WebServer]                         <motion.div>
[WebServer]                         <motion.div>
[WebServer]                         <motion.div>
[WebServer]                         <motion.div>
[WebServer]                         <motion.div initial={{opacity:0,scale:0}} whileInView={{opacity:1,scale:1}} ...>
[WebServer]                           <div
[WebServer]                             className="absolute group cursor-none"
[WebServer]                             onMouseEnter={function AboutSection[techNodes.map() > 
<motion.div>.onMouseEnter]}
[WebServer]                             onMouseLeave={function AboutSection[techNodes.map() > 
<motion.div>.onMouseLeave]}
[WebServer]                             style={{
[WebServer] +                             left: "calc(50% + -80.00000000000007px - 50px)"
[WebServer] -                             left: "calc(50% - 130px)"
[WebServer] +                             top: "calc(50% + -138.56406460551014px - 20px)"
[WebServer] -                             top: "calc(50% - 158.564px)"
[WebServer] +                             opacity: 0
[WebServer] -                             opacity: "0"
[WebServer] +                             transform: "scale(0)"
[WebServer] -                             transform: "scale(0)"
[WebServer]                             }}
[WebServer]                             ref={function useMotionRef.useCallback}
[WebServer]                           >
[WebServer]                             <div>
[WebServer]                             <svg
[WebServer]                               className="absolute pointer-events-none"
[WebServer]                               style={{
[WebServer] +                               left: "50%"
[WebServer] -                               left: "50%"
[WebServer] +                               top: "50%"
[WebServer] -                               top: "50%"
[WebServer] +                               width: 100.00000000000007
[WebServer] -                               width: "100px"
[WebServer] +                               height: 158.56406460551014
[WebServer] -                               height: "158.564px"
[WebServer] +                               transform: "translate(-80.00000000000007px, -138.56406460551014px)"
[WebServer] -                               transform: "translate(-80px, -138.564px)"
[WebServer]                               }}
[WebServer]                             >
[WebServer]                               <line
[WebServer]                                 x1={80.00000000000007}
[WebServer] +                               y1={138.56406460551014}
[WebServer] -                               y1="138.56406460551017"
[WebServer]                                 x2={0}
[WebServer]                                 y2={0}
[WebServer]                                 stroke="rgba(56, 189, 248, 0.08)"
[WebServer]                                 strokeWidth="1"
[WebServer]                               >
[WebServer]                         ...
[WebServer]                     ...
[WebServer]             ...
[WebServer]  
[WebServer] [browser] A tree hydrated but some attributes of the server rendered HTML didn't match the client 
properties. This won't be patched up. This can happen if a SSR-ed Client Component used:
[WebServer] 
[WebServer] - A server/client branch `if (typeof window !== 'undefined')`.
[WebServer] - Variable input such as `Date.now()` or `Math.random()` which changes each time it's called.
[WebServer] - Date formatting in a user's locale which doesn't match the server.
[WebServer] - External changing data without sending a snapshot of it along with the HTML.
[WebServer] - Invalid HTML tag nesting.
[WebServer] 
[WebServer] It can also happen if the client has a browser extension installed which messes with the HTML before React 
loaded.
[WebServer] 
[WebServer] https://react.dev/link/hydration-mismatch
[WebServer] 
[WebServer]   ...
[WebServer]     <HotReload globalError={[...]} webSocket={WebSocket} staticIndicatorState={{pathname:null, ...}}>
[WebServer]       <AppDevOverlayErrorBoundary globalError={[...]}>
[WebServer]         <ReplaySsrOnlyErrors>
[WebServer]         <DevRootHTTPAccessFallbackBoundary>
[WebServer]           <HTTPAccessFallbackBoundary notFound={<NotAllowedRootHTTPFallbackError>}>
[WebServer]             <HTTPAccessFallbackErrorBoundary pathname="/" notFound={<NotAllowedRootHTTPFallbackError>} ...>
[WebServer]               <RedirectBoundary>
[WebServer]                 <RedirectErrorBoundary router={{...}}>
[WebServer]                   <Head>
[WebServer]                   <__next_root_layout_boundary__>
[WebServer]                     <SegmentViewNode type="layout" pagePath="layout.tsx">
[WebServer]                       <SegmentTrieNode>
[WebServer]                       <link>
[WebServer]                       <script>
[WebServer]                       <RootLayout>
[WebServer]                         <html lang="en" className="geist_a715..." suppressHydrationWarning={true}>
[WebServer]                           <head>
[WebServer]                           <body
[WebServer]                             style={{
[WebServer] +                             background: "#05070A"
[WebServer] -                             background-image: "initial"
[WebServer] -                             background-position-x: "initial"
[WebServer] -                             background-position-y: "initial"
[WebServer] -                             background-size: "initial"
[WebServer] -                             background-repeat: "initial"
[WebServer] -                             background-attachment: "initial"
[WebServer] -                             background-origin: "initial"
[WebServer] -                             background-clip: "initial"
[WebServer] -                             background-color: "rgb(5, 7, 10)"
[WebServer]                             }}
[WebServer]                           >
[WebServer]                             ...
[WebServer]                               <motion.div>
[WebServer]                               <motion.div>
[WebServer]                               <motion.div>
[WebServer]                               <motion.div>
[WebServer]                               <motion.div initial={{opacity:0,scale:0}} whileInView={{opacity:1,scale:1}} 
...>
[WebServer]                                 <div
[WebServer]                                   className="absolute group cursor-none"
[WebServer]                                   onMouseEnter={function AboutSection[techNodes.map() > 
<motion.div>.onMouseEnter]}
[WebServer]                                   onMouseLeave={function AboutSection[techNodes.map() > 
<motion.div>.onMouseLeave]}
[WebServer]                                   style={{
[WebServer] +                                   left: "calc(50% + -80.00000000000007px - 50px)"
[WebServer] -                                   left: "calc(50% - 130px)"
[WebServer] +                                   top: "calc(50% + -138.56406460551014px - 20px)"
[WebServer] -                                   top: "calc(50% - 158.564px)"
[WebServer] +                                   opacity: 0
[WebServer] -                                   opacity: "0"
[WebServer] +                                   transform: "scale(0)"
[WebServer] -                                   transform: "scale(0)"
[WebServer]                                   }}
[WebServer]                                   ref={function useMotionRef.useCallback}
[WebServer]                                 >
[WebServer]                                   <div>
[WebServer]                                   <svg
[WebServer]                                     className="absolute pointer-events-none"
[WebServer]                                     style={{
[WebServer] +                                     left: "50%"
[WebServer] -                                     left: "50%"
[WebServer] +                                     top: "50%"
[WebServer] -                                     top: "50%"
[WebServer] +                                     width: 100.00000000000007
[WebServer] -                                     width: "100px"
[WebServer] +                                     height: 158.56406460551014
[WebServer] -                                     height: "158.564px"
[WebServer] +                                     transform: "translate(-80.00000000000007px, -138.56406460551014px)"
[WebServer] -                                     transform: "translate(-80px, -138.564px)"
[WebServer]                                     }}
[WebServer]                                   >
[WebServer]                                     <line
[WebServer]                                       x1={80.00000000000007}
[WebServer] +                                     y1={138.56406460551014}
[WebServer] -                                     y1="138.56406460551017"
[WebServer]                                       x2={0}
[WebServer]                                       y2={0}
[WebServer]                                       stroke="rgba(56, 189, 248, 0.08)"
[WebServer]                                       strokeWidth="1"
[WebServer]                                     >
[WebServer]                               ...
[WebServer]                   ...
[WebServer]  
[WebServer] [browser] THREE.Clock: This module has been deprecated. Please use THREE.Timer instead.
[WebServer] [browser] THREE.Clock: This module has been deprecated. Please use THREE.Timer instead.
  Γ£ÿ   61 [tablet] ΓÇ║ tests\functional.spec.ts:98:7 ΓÇ║ Sections ΓÇ║ projects section shows project cards (9.8s)
  Γ£ÿ   62 [tablet] ΓÇ║ tests\functional.spec.ts:88:7 ΓÇ║ Sections ΓÇ║ QA Lab section displays stages (15.7s)
  Γ£ÿ   64 [tablet] ΓÇ║ tests\functional.spec.ts:117:7 ΓÇ║ Branding ΓÇ║ QA Engineer is present (9.5s)
  Γ£ô   65 [tablet] ΓÇ║ tests\functional.spec.ts:125:7 ΓÇ║ 404 ΓÇ║ shows 404 for non-existent page (2.3s)
  Γ£ô   66 [tablet] ΓÇ║ tests\navigation.spec.ts:11:7 ΓÇ║ Page load ΓÇ║ homepage loads with correct title (2.2s)
[WebServer] [browser] A tree hydrated but some attributes of the server rendered HTML didn't match the client 
properties. This won't be patched up. This can happen if a SSR-ed Client Component used:
[WebServer] 
[WebServer] - A server/client branch `if (typeof window !== 'undefined')`.
[WebServer] - Variable input such as `Date.now()` or `Math.random()` which changes each time it's called.
[WebServer] - Date formatting in a user's locale which doesn't match the server.
[WebServer] - External changing data without sending a snapshot of it along with the HTML.
[WebServer] - Invalid HTML tag nesting.
[WebServer] 
[WebServer] It can also happen if the client has a browser extension installed which messes with the HTML before React 
loaded.
[WebServer] 
[WebServer] https://react.dev/link/hydration-mismatch
[WebServer] 
[WebServer]   ...
[WebServer]     <HotReload globalError={[...]} webSocket={WebSocket} staticIndicatorState={{pathname:null, ...}}>
[WebServer]       <AppDevOverlayErrorBoundary globalError={[...]}>
[WebServer]         <ReplaySsrOnlyErrors>
[WebServer]         <DevRootHTTPAccessFallbackBoundary>
[WebServer]           <HTTPAccessFallbackBoundary notFound={<NotAllowedRootHTTPFallbackError>}>
[WebServer]             <HTTPAccessFallbackErrorBoundary pathname="/" notFound={<NotAllowedRootHTTPFallbackError>} ...>
[WebServer]               <RedirectBoundary>
[WebServer]                 <RedirectErrorBoundary router={{...}}>
[WebServer]                   <Head>
[WebServer]                   <__next_root_layout_boundary__>
[WebServer]                     <SegmentViewNode type="layout" pagePath="layout.tsx">
[WebServer]                       <SegmentTrieNode>
[WebServer]                       <link>
[WebServer]                       <script>
[WebServer]                       <RootLayout>
[WebServer]                         <html lang="en" className="geist_a715..." suppressHydrationWarning={true}>
[WebServer]                           <head>
[WebServer]                           <body
[WebServer]                             style={{
[WebServer] +                             background: "#05070A"
[WebServer] -                             background-image: "initial"
[WebServer] -                             background-position-x: "initial"
[WebServer] -                             background-position-y: "initial"
[WebServer] -                             background-size: "initial"
[WebServer] -                             background-repeat: "initial"
[WebServer] -                             background-attachment: "initial"
[WebServer] -                             background-origin: "initial"
[WebServer] -                             background-clip: "initial"
[WebServer] -                             background-color: "rgb(5, 7, 10)"
[WebServer]                             }}
[WebServer]                           >
[WebServer]                             ...
[WebServer]                               <motion.div>
[WebServer]                               <motion.div>
[WebServer]                               <motion.div>
[WebServer]                               <motion.div>
[WebServer]                               <motion.div initial={{opacity:0,scale:0}} whileInView={{opacity:1,scale:1}} 
...>
[WebServer]                                 <div
[WebServer]                                   className="absolute group cursor-none"
[WebServer]                                   onMouseEnter={function AboutSection[techNodes.map() > 
<motion.div>.onMouseEnter]}
[WebServer]                                   onMouseLeave={function AboutSection[techNodes.map() > 
<motion.div>.onMouseLeave]}
[WebServer]                                   style={{
[WebServer] +                                   left: "calc(50% + -80.00000000000007px - 50px)"
[WebServer] -                                   left: "calc(50% - 130px)"
[WebServer] +                                   top: "calc(50% + -138.56406460551014px - 20px)"
[WebServer] -                                   top: "calc(50% - 158.564px)"
[WebServer] +                                   opacity: 0
[WebServer] -                                   opacity: "0"
[WebServer] +                                   transform: "scale(0)"
[WebServer] -                                   transform: "scale(0)"
[WebServer]                                   }}
[WebServer]                                   ref={function useMotionRef.useCallback}
[WebServer]                                 >
[WebServer]                                   <div>
[WebServer]                                   <svg
[WebServer]                                     className="absolute pointer-events-none"
[WebServer]                                     style={{
[WebServer] +                                     left: "50%"
[WebServer] -                                     left: "50%"
[WebServer] +                                     top: "50%"
[WebServer] -                                     top: "50%"
[WebServer] +                                     width: 100.00000000000007
[WebServer] -                                     width: "100px"
[WebServer] +                                     height: 158.56406460551014
[WebServer] -                                     height: "158.564px"
[WebServer] +                                     transform: "translate(-80.00000000000007px, -138.56406460551014px)"
[WebServer] -                                     transform: "translate(-80px, -138.564px)"
[WebServer]                                     }}
[WebServer]                                   >
[WebServer]                                     <line
[WebServer]                                       x1={80.00000000000007}
[WebServer] +                                     y1={138.56406460551014}
[WebServer] -                                     y1="138.56406460551017"
[WebServer]                                       x2={0}
[WebServer]                                       y2={0}
[WebServer]                                       stroke="rgba(56, 189, 248, 0.08)"
[WebServer]                                       strokeWidth="1"
[WebServer]                                     >
[WebServer]                               ...
[WebServer]                   ...
[WebServer]  
[WebServer] [browser] THREE.Clock: This module has been deprecated. Please use THREE.Timer instead.
  Γ£ô   68 [tablet] ΓÇ║ tests\navigation.spec.ts:26:7 ΓÇ║ Page load ΓÇ║ main landmark is present (3.5s)
  Γ£ô   69 [tablet] ΓÇ║ tests\navigation.spec.ts:33:7 ΓÇ║ Scroll ΓÇ║ page can scroll down (4.2s)
  Γ£ô   67 [tablet] ΓÇ║ tests\navigation.spec.ts:16:7 ΓÇ║ Page load ΓÇ║ hero section is visible with name and title (6.5s)
[WebServer] [browser] A tree hydrated but some attributes of the server rendered HTML didn't match the client 
properties. This won't be patched up. This can happen if a SSR-ed Client Component used:
[WebServer] 
[WebServer] - A server/client branch `if (typeof window !== 'undefined')`.
[WebServer] - Variable input such as `Date.now()` or `Math.random()` which changes each time it's called.
[WebServer] - Date formatting in a user's locale which doesn't match the server.
[WebServer] - External changing data without sending a snapshot of it along with the HTML.
[WebServer] - Invalid HTML tag nesting.
[WebServer] 
[WebServer] It can also happen if the client has a browser extension installed which messes with the HTML before React 
loaded.
[WebServer] 
[WebServer] https://react.dev/link/hydration-mismatch
[WebServer] 
[WebServer]   ...
[WebServer]     <HotReload globalError={[...]} webSocket={WebSocket} staticIndicatorState={{pathname:null, ...}}>
[WebServer]       <AppDevOverlayErrorBoundary globalError={[...]}>
[WebServer]         <ReplaySsrOnlyErrors>
[WebServer]         <DevRootHTTPAccessFallbackBoundary>
[WebServer]           <HTTPAccessFallbackBoundary notFound={<NotAllowedRootHTTPFallbackError>}>
[WebServer]             <HTTPAccessFallbackErrorBoundary pathname="/" notFound={<NotAllowedRootHTTPFallbackError>} ...>
[WebServer]               <RedirectBoundary>
[WebServer]                 <RedirectErrorBoundary router={{...}}>
[WebServer]                   <Head>
[WebServer]                   <__next_root_layout_boundary__>
[WebServer]                     <SegmentViewNode type="layout" pagePath="layout.tsx">
[WebServer]                       <SegmentTrieNode>
[WebServer]                       <link>
[WebServer]                       <script>
[WebServer]                       <RootLayout>
[WebServer]                         <html lang="en" className="geist_a715..." suppressHydrationWarning={true}>
[WebServer]                           <head>
[WebServer]                           <body
[WebServer]                             style={{
[WebServer] +                             background: "#05070A"
[WebServer] -                             background-image: "initial"
[WebServer] -                             background-position-x: "initial"
[WebServer] -                             background-position-y: "initial"
[WebServer] -                             background-size: "initial"
[WebServer] -                             background-repeat: "initial"
[WebServer] -                             background-attachment: "initial"
[WebServer] -                             background-origin: "initial"
[WebServer] -                             background-clip: "initial"
[WebServer] -                             background-color: "rgb(5, 7, 10)"
[WebServer]                             }}
[WebServer]                           >
[WebServer]                             ...
[WebServer]                               <motion.div>
[WebServer]                               <motion.div>
[WebServer]                               <motion.div>
[WebServer]                               <motion.div>
[WebServer]                               <motion.div initial={{opacity:0,scale:0}} whileInView={{opacity:1,scale:1}} 
...>
[WebServer]                                 <div
[WebServer]                                   className="absolute group cursor-none"
[WebServer]                                   onMouseEnter={function AboutSection[techNodes.map() > 
<motion.div>.onMouseEnter]}
[WebServer]                                   onMouseLeave={function AboutSection[techNodes.map() > 
<motion.div>.onMouseLeave]}
[WebServer]                                   style={{
[WebServer] +                                   left: "calc(50% + -80.00000000000007px - 50px)"
[WebServer] -                                   left: "calc(50% - 130px)"
[WebServer] +                                   top: "calc(50% + -138.56406460551014px - 20px)"
[WebServer] -                                   top: "calc(50% - 158.564px)"
[WebServer] +                                   opacity: 0
[WebServer] -                                   opacity: "0"
[WebServer] +                                   transform: "scale(0)"
[WebServer] -                                   transform: "scale(0)"
[WebServer]                                   }}
[WebServer]                                   ref={function useMotionRef.useCallback}
[WebServer]                                 >
[WebServer]                                   <div>
[WebServer]                                   <svg
[WebServer]                                     className="absolute pointer-events-none"
[WebServer]                                     style={{
[WebServer] +                                     left: "50%"
[WebServer] -                                     left: "50%"
[WebServer] +                                     top: "50%"
[WebServer] -                                     top: "50%"
[WebServer] +                                     width: 100.00000000000007
[WebServer] -                                     width: "100px"
[WebServer] +                                     height: 158.56406460551014
[WebServer] -                                     height: "158.564px"
[WebServer] +                                     transform: "translate(-80.00000000000007px, -138.56406460551014px)"
[WebServer] -                                     transform: "translate(-80px, -138.564px)"
[WebServer]                                     }}
[WebServer]                                   >
[WebServer]                                     <line
[WebServer]                                       x1={80.00000000000007}
[WebServer] +                                     y1={138.56406460551014}
[WebServer] -                                     y1="138.56406460551017"
[WebServer]                                       x2={0}
[WebServer]                                       y2={0}
[WebServer]                                       stroke="rgba(56, 189, 248, 0.08)"
[WebServer]                                       strokeWidth="1"
[WebServer]                                     >
[WebServer]                               ...
[WebServer]                   ...
[WebServer]  
  Γ£ô   70 [tablet] ΓÇ║ tests\navigation.spec.ts:41:7 ΓÇ║ Scroll ΓÇ║ no horizontal overflow on desktop (5.7s)
[WebServer] [browser] A tree hydrated but some attributes of the server rendered HTML didn't match the client 
properties. This won't be patched up. This can happen if a SSR-ed Client Component used:
[WebServer] 
[WebServer] - A server/client branch `if (typeof window !== 'undefined')`.
[WebServer] - Variable input such as `Date.now()` or `Math.random()` which changes each time it's called.
[WebServer] - Date formatting in a user's locale which doesn't match the server.
[WebServer] - External changing data without sending a snapshot of it along with the HTML.
[WebServer] - Invalid HTML tag nesting.
[WebServer] 
[WebServer] It can also happen if the client has a browser extension installed which messes with the HTML before React 
loaded.
[WebServer] 
[WebServer] https://react.dev/link/hydration-mismatch
[WebServer] 
[WebServer]   ...
[WebServer]     <HotReload globalError={[...]} webSocket={WebSocket} staticIndicatorState={{pathname:null, ...}}>
[WebServer]       <AppDevOverlayErrorBoundary globalError={[...]}>
[WebServer]         <ReplaySsrOnlyErrors>
[WebServer]         <DevRootHTTPAccessFallbackBoundary>
[WebServer]           <HTTPAccessFallbackBoundary notFound={<NotAllowedRootHTTPFallbackError>}>
[WebServer]             <HTTPAccessFallbackErrorBoundary pathname="/" notFound={<NotAllowedRootHTTPFallbackError>} ...>
[WebServer]               <RedirectBoundary>
[WebServer]                 <RedirectErrorBoundary router={{...}}>
[WebServer]                   <Head>
[WebServer]                   <__next_root_layout_boundary__>
[WebServer]                     <SegmentViewNode type="layout" pagePath="layout.tsx">
[WebServer]                       <SegmentTrieNode>
[WebServer]                       <link>
[WebServer]                       <script>
[WebServer]                       <RootLayout>
[WebServer]                         <html lang="en" className="geist_a715..." suppressHydrationWarning={true}>
[WebServer]                           <head>
[WebServer]                           <body
[WebServer]                             style={{
[WebServer] +                             background: "#05070A"
[WebServer] -                             background-image: "initial"
[WebServer] -                             background-position-x: "initial"
[WebServer] -                             background-position-y: "initial"
[WebServer] -                             background-size: "initial"
[WebServer] -                             background-repeat: "initial"
[WebServer] -                             background-attachment: "initial"
[WebServer] -                             background-origin: "initial"
[WebServer] -                             background-clip: "initial"
[WebServer] -                             background-color: "rgb(5, 7, 10)"
[WebServer]                             }}
[WebServer]                           >
[WebServer]                             ...
[WebServer]                               <motion.div>
[WebServer]                               <motion.div>
[WebServer]                               <motion.div>
[WebServer]                               <motion.div>
[WebServer]                               <motion.div initial={{opacity:0,scale:0}} whileInView={{opacity:1,scale:1}} 
...>
[WebServer]                                 <div
[WebServer]                                   className="absolute group cursor-none"
[WebServer]                                   onMouseEnter={function AboutSection[techNodes.map() > 
<motion.div>.onMouseEnter]}
[WebServer]                                   onMouseLeave={function AboutSection[techNodes.map() > 
<motion.div>.onMouseLeave]}
[WebServer]                                   style={{
[WebServer] +                                   left: "calc(50% + -80.00000000000007px - 50px)"
[WebServer] -                                   left: "calc(50% - 130px)"
[WebServer] +                                   top: "calc(50% + -138.56406460551014px - 20px)"
[WebServer] -                                   top: "calc(50% - 158.564px)"
[WebServer] +                                   opacity: 0
[WebServer] -                                   opacity: "0"
[WebServer] +                                   transform: "scale(0)"
[WebServer] -                                   transform: "scale(0)"
[WebServer]                                   }}
[WebServer]                                   ref={function useMotionRef.useCallback}
[WebServer]                                 >
[WebServer]                                   <div>
[WebServer]                                   <svg
[WebServer]                                     className="absolute pointer-events-none"
[WebServer]                                     style={{
[WebServer] +                                     left: "50%"
[WebServer] -                                     left: "50%"
[WebServer] +                                     top: "50%"
[WebServer] -                                     top: "50%"
[WebServer] +                                     width: 100.00000000000007
[WebServer] -                                     width: "100px"
[WebServer] +                                     height: 158.56406460551014
[WebServer] -                                     height: "158.564px"
[WebServer] +                                     transform: "translate(-80.00000000000007px, -138.56406460551014px)"
[WebServer] -                                     transform: "translate(-80px, -138.564px)"
[WebServer]                                     }}
[WebServer]                                   >
[WebServer]                                     <line
[WebServer]                                       x1={80.00000000000007}
[WebServer] +                                     y1={138.56406460551014}
[WebServer] -                                     y1="138.56406460551017"
[WebServer]                                       x2={0}
[WebServer]                                       y2={0}
[WebServer]                                       stroke="rgba(56, 189, 248, 0.08)"
[WebServer]                                       strokeWidth="1"
[WebServer]                                     >
[WebServer]                               ...
[WebServer]                   ...
[WebServer]  
  Γ£ô   71 [tablet] ΓÇ║ tests\navigation.spec.ts:52:7 ΓÇ║ Desktop navigation ΓÇ║ desktop nav is visible (8.9s)
[WebServer] [browser] THREE.Clock: This module has been deprecated. Please use THREE.Timer instead.
  Γ£ô   72 [tablet] ΓÇ║ tests\navigation.spec.ts:59:7 ΓÇ║ Desktop navigation ΓÇ║ desktop nav has all section links (8.8s)
[WebServer] [browser] A tree hydrated but some attributes of the server rendered HTML didn't match the client 
properties. This won't be patched up. This can happen if a SSR-ed Client Component used:
[WebServer] 
[WebServer] - A server/client branch `if (typeof window !== 'undefined')`.
[WebServer] - Variable input such as `Date.now()` or `Math.random()` which changes each time it's called.
[WebServer] - Date formatting in a user's locale which doesn't match the server.
[WebServer] - External changing data without sending a snapshot of it along with the HTML.
[WebServer] - Invalid HTML tag nesting.
[WebServer] 
[WebServer] It can also happen if the client has a browser extension installed which messes with the HTML before React 
loaded.
[WebServer] 
[WebServer] https://react.dev/link/hydration-mismatch
[WebServer] 
[WebServer]   ...
[WebServer]     <HotReload globalError={[...]} webSocket={WebSocket} staticIndicatorState={{pathname:null, ...}}>
[WebServer]       <AppDevOverlayErrorBoundary globalError={[...]}>
[WebServer]         <ReplaySsrOnlyErrors>
[WebServer]         <DevRootHTTPAccessFallbackBoundary>
[WebServer]           <HTTPAccessFallbackBoundary notFound={<NotAllowedRootHTTPFallbackError>}>
[WebServer]             <HTTPAccessFallbackErrorBoundary pathname="/" notFound={<NotAllowedRootHTTPFallbackError>} ...>
[WebServer]               <RedirectBoundary>
[WebServer]                 <RedirectErrorBoundary router={{...}}>
[WebServer]                   <Head>
[WebServer]                   <__next_root_layout_boundary__>
[WebServer]                     <SegmentViewNode type="layout" pagePath="layout.tsx">
[WebServer]                       <SegmentTrieNode>
[WebServer]                       <link>
[WebServer]                       <script>
[WebServer]                       <RootLayout>
[WebServer]                         <html lang="en" className="geist_a715..." suppressHydrationWarning={true}>
[WebServer]                           <head>
[WebServer]                           <body
[WebServer]                             style={{
[WebServer] +                             background: "#05070A"
[WebServer] -                             background-image: "initial"
[WebServer] -                             background-position-x: "initial"
[WebServer] -                             background-position-y: "initial"
[WebServer] -                             background-size: "initial"
[WebServer] -                             background-repeat: "initial"
[WebServer] -                             background-attachment: "initial"
[WebServer] -                             background-origin: "initial"
[WebServer] -                             background-clip: "initial"
[WebServer] -                             background-color: "rgb(5, 7, 10)"
[WebServer]                             }}
[WebServer]                           >
[WebServer]                             ...
[WebServer]                               <motion.div>
[WebServer]                               <motion.div>
[WebServer]                               <motion.div>
[WebServer]                               <motion.div>
[WebServer]                               <motion.div initial={{opacity:0,scale:0}} whileInView={{opacity:1,scale:1}} 
...>
[WebServer]                                 <div
[WebServer]                                   className="absolute group cursor-none"
[WebServer]                                   onMouseEnter={function AboutSection[techNodes.map() > 
<motion.div>.onMouseEnter]}
[WebServer]                                   onMouseLeave={function AboutSection[techNodes.map() > 
<motion.div>.onMouseLeave]}
[WebServer]                                   style={{
[WebServer] +                                   left: "calc(50% + -80.00000000000007px - 50px)"
[WebServer] -                                   left: "calc(50% - 130px)"
[WebServer] +                                   top: "calc(50% + -138.56406460551014px - 20px)"
[WebServer] -                                   top: "calc(50% - 158.564px)"
[WebServer] +                                   opacity: 0
[WebServer] -                                   opacity: "0"
[WebServer] +                                   transform: "scale(0)"
[WebServer] -                                   transform: "scale(0)"
[WebServer]                                   }}
[WebServer]                                   ref={function useMotionRef.useCallback}
[WebServer]                                 >
[WebServer]                                   <div>
[WebServer]                                   <svg
[WebServer]                                     className="absolute pointer-events-none"
[WebServer]                                     style={{
[WebServer] +                                     left: "50%"
[WebServer] -                                     left: "50%"
[WebServer] +                                     top: "50%"
[WebServer] -                                     top: "50%"
[WebServer] +                                     width: 100.00000000000007
[WebServer] -                                     width: "100px"
[WebServer] +                                     height: 158.56406460551014
[WebServer] -                                     height: "158.564px"
[WebServer] +                                     transform: "translate(-80.00000000000007px, -138.56406460551014px)"
[WebServer] -                                     transform: "translate(-80px, -138.564px)"
[WebServer]                                     }}
[WebServer]                                   >
[WebServer]                                     <line
[WebServer]                                       x1={80.00000000000007}
[WebServer] +                                     y1={138.56406460551014}
[WebServer] -                                     y1="138.56406460551017"
[WebServer]                                       x2={0}
[WebServer]                                       y2={0}
[WebServer]                                       stroke="rgba(56, 189, 248, 0.08)"
[WebServer]                                       strokeWidth="1"
[WebServer]                                     >
[WebServer]                               ...
[WebServer]                   ...
[WebServer]  
[WebServer] [browser] A tree hydrated but some attributes of the server rendered HTML didn't match the client 
properties. This won't be patched up. This can happen if a SSR-ed Client Component used:
[WebServer] 
[WebServer] - A server/client branch `if (typeof window !== 'undefined')`.
[WebServer] - Variable input such as `Date.now()` or `Math.random()` which changes each time it's called.
[WebServer] - Date formatting in a user's locale which doesn't match the server.
[WebServer] - External changing data without sending a snapshot of it along with the HTML.
[WebServer] - Invalid HTML tag nesting.
[WebServer] 
[WebServer] It can also happen if the client has a browser extension installed which messes with the HTML before React 
loaded.
[WebServer] 
[WebServer] https://react.dev/link/hydration-mismatch
[WebServer] 
[WebServer]   ...
[WebServer]     <ClientPageRoot Component={function Home} serverProvidedParams={{...}}>
[WebServer]       <Home params={Promise} searchParams={Promise}>
[WebServer]         <CursorProvider>
[WebServer]           <BootSequence>
[WebServer]           <CustomCursor>
[WebServer]           <div>
[WebServer]           <Scene>
[WebServer]           <NavigationHUD>
[WebServer]           <ScrollIndicator>
[WebServer]           <main className="content-layer" style={{opacity:0, ...}}>
[WebServer]             <HeroSection>
[WebServer]             <AboutSection>
[WebServer]               <section id="about" className="relative p...">
[WebServer]                 <div>
[WebServer]                 <div className="relative z...">
[WebServer]                   <SectionLabel>
[WebServer]                   <div className="grid grid-...">
[WebServer]                     <motion.div>
[WebServer]                     <motion.div initial={{opacity:0,x:30}} whileInView={{opacity:1,x:0}} 
viewport={{once:true}} ...>
[WebServer]                       <div className="relative h..." style={{opacity:0, ...}} ref={function 
useMotionRef.useCallback}>
[WebServer]                         <div>
[WebServer]                         <motion.div>
[WebServer]                         <motion.div>
[WebServer]                         <motion.div>
[WebServer]                         <motion.div>
[WebServer]                         <motion.div initial={{opacity:0,scale:0}} whileInView={{opacity:1,scale:1}} ...>
[WebServer]                           <div
[WebServer]                             className="absolute group cursor-none"
[WebServer]                             onMouseEnter={function AboutSection[techNodes.map() > 
<motion.div>.onMouseEnter]}
[WebServer]                             onMouseLeave={function AboutSection[techNodes.map() > 
<motion.div>.onMouseLeave]}
[WebServer]                             style={{
[WebServer] +                             left: "calc(50% + -80.00000000000007px - 50px)"
[WebServer] -                             left: "calc(50% - 130px)"
[WebServer] +                             top: "calc(50% + -138.56406460551014px - 20px)"
[WebServer] -                             top: "calc(50% - 158.564px)"
[WebServer] +                             opacity: 0
[WebServer] -                             opacity: "0"
[WebServer] +                             transform: "scale(0)"
[WebServer] -                             transform: "scale(0)"
[WebServer]                             }}
[WebServer]                             ref={function useMotionRef.useCallback}
[WebServer]                           >
[WebServer]                             <div>
[WebServer]                             <svg
[WebServer]                               className="absolute pointer-events-none"
[WebServer]                               style={{
[WebServer] +                               left: "50%"
[WebServer] -                               left: "50%"
[WebServer] +                               top: "50%"
[WebServer] -                               top: "50%"
[WebServer] +                               width: 100.00000000000007
[WebServer] -                               width: "100px"
[WebServer] +                               height: 158.56406460551014
[WebServer] -                               height: "158.564px"
[WebServer] +                               transform: "translate(-80.00000000000007px, -138.56406460551014px)"
[WebServer] -                               transform: "translate(-80px, -138.564px)"
[WebServer]                               }}
[WebServer]                             >
[WebServer]                               <line
[WebServer]                                 x1={80.00000000000007}
[WebServer] +                               y1={138.56406460551014}
[WebServer] -                               y1="138.56406460551017"
[WebServer]                                 x2={0}
[WebServer]                                 y2={0}
[WebServer]                                 stroke="rgba(56, 189, 248, 0.08)"
[WebServer]                                 strokeWidth="1"
[WebServer]                               >
[WebServer]                         ...
[WebServer]                     ...
[WebServer]             ...
[WebServer]  
[WebServer] [browser] A tree hydrated but some attributes of the server rendered HTML didn't match the client 
properties. This won't be patched up. This can happen if a SSR-ed Client Component used:
[WebServer] 
[WebServer] - A server/client branch `if (typeof window !== 'undefined')`.
[WebServer] - Variable input such as `Date.now()` or `Math.random()` which changes each time it's called.
[WebServer] - Date formatting in a user's locale which doesn't match the server.
[WebServer] - External changing data without sending a snapshot of it along with the HTML.
[WebServer] - Invalid HTML tag nesting.
[WebServer] 
[WebServer] It can also happen if the client has a browser extension installed which messes with the HTML before React 
loaded.
[WebServer] 
[WebServer] https://react.dev/link/hydration-mismatch
[WebServer] 
[WebServer]   ...
[WebServer]     <HotReload globalError={[...]} webSocket={WebSocket} staticIndicatorState={{pathname:null, ...}}>
[WebServer]       <AppDevOverlayErrorBoundary globalError={[...]}>
[WebServer]         <ReplaySsrOnlyErrors>
[WebServer]         <DevRootHTTPAccessFallbackBoundary>
[WebServer]           <HTTPAccessFallbackBoundary notFound={<NotAllowedRootHTTPFallbackError>}>
[WebServer]             <HTTPAccessFallbackErrorBoundary pathname="/" notFound={<NotAllowedRootHTTPFallbackError>} ...>
[WebServer]               <RedirectBoundary>
[WebServer]                 <RedirectErrorBoundary router={{...}}>
[WebServer]                   <Head>
[WebServer]                   <__next_root_layout_boundary__>
[WebServer]                     <SegmentViewNode type="layout" pagePath="layout.tsx">
[WebServer]                       <SegmentTrieNode>
[WebServer]                       <link>
[WebServer]                       <script>
[WebServer]                       <RootLayout>
[WebServer]                         <html lang="en" className="geist_a715..." suppressHydrationWarning={true}>
[WebServer]                           <head>
[WebServer]                           <body
[WebServer]                             style={{
[WebServer] +                             background: "#05070A"
[WebServer] -                             background-image: "initial"
[WebServer] -                             background-position-x: "initial"
[WebServer] -                             background-position-y: "initial"
[WebServer] -                             background-size: "initial"
[WebServer] -                             background-repeat: "initial"
[WebServer] -                             background-attachment: "initial"
[WebServer] -                             background-origin: "initial"
[WebServer] -                             background-clip: "initial"
[WebServer] -                             background-color: "rgb(5, 7, 10)"
[WebServer]                             }}
[WebServer]                           >
[WebServer]                             ...
[WebServer]                               <motion.div>
[WebServer]                               <motion.div>
[WebServer]                               <motion.div>
[WebServer]                               <motion.div>
[WebServer]                               <motion.div initial={{opacity:0,scale:0}} whileInView={{opacity:1,scale:1}} 
...>
[WebServer]                                 <div
[WebServer]                                   className="absolute group cursor-none"
[WebServer]                                   onMouseEnter={function AboutSection[techNodes.map() > 
<motion.div>.onMouseEnter]}
[WebServer]                                   onMouseLeave={function AboutSection[techNodes.map() > 
<motion.div>.onMouseLeave]}
[WebServer]                                   style={{
[WebServer] +                                   left: "calc(50% + -80.00000000000007px - 50px)"
[WebServer] -                                   left: "calc(50% - 130px)"
[WebServer] +                                   top: "calc(50% + -138.56406460551014px - 20px)"
[WebServer] -                                   top: "calc(50% - 158.564px)"
[WebServer] +                                   opacity: 0
[WebServer] -                                   opacity: "0"
[WebServer] +                                   transform: "scale(0)"
[WebServer] -                                   transform: "scale(0)"
[WebServer]                                   }}
[WebServer]                                   ref={function useMotionRef.useCallback}
[WebServer]                                 >
[WebServer]                                   <div>
[WebServer]                                   <svg
[WebServer]                                     className="absolute pointer-events-none"
[WebServer]                                     style={{
[WebServer] +                                     left: "50%"
[WebServer] -                                     left: "50%"
[WebServer] +                                     top: "50%"
[WebServer] -                                     top: "50%"
[WebServer] +                                     width: 100.00000000000007
[WebServer] -                                     width: "100px"
[WebServer] +                                     height: 158.56406460551014
[WebServer] -                                     height: "158.564px"
[WebServer] +                                     transform: "translate(-80.00000000000007px, -138.56406460551014px)"
[WebServer] -                                     transform: "translate(-80px, -138.564px)"
[WebServer]                                     }}
[WebServer]                                   >
[WebServer]                                     <line
[WebServer]                                       x1={80.00000000000007}
[WebServer] +                                     y1={138.56406460551014}
[WebServer] -                                     y1="138.56406460551017"
[WebServer]                                       x2={0}
[WebServer]                                       y2={0}
[WebServer]                                       stroke="rgba(56, 189, 248, 0.08)"
[WebServer]                                       strokeWidth="1"
[WebServer]                                     >
[WebServer]                               ...
[WebServer]                   ...
[WebServer]  
[WebServer] [browser] THREE.Clock: This module has been deprecated. Please use THREE.Timer instead.
[WebServer] [browser] THREE.Clock: This module has been deprecated. Please use THREE.Timer instead.
[WebServer] [browser] THREE.Clock: This module has been deprecated. Please use THREE.Timer instead.
  Γ£ô   73 [tablet] ΓÇ║ tests\navigation.spec.ts:71:7 ΓÇ║ Desktop navigation ΓÇ║ desktop resume link is present (10.8s)
  Γ£ô   75 [tablet] ΓÇ║ tests\navigation.spec.ts:91:7 ΓÇ║ Mobile sidebar ΓÇ║ mobile menu button is visible (6.7s)
  Γ£ô   74 [tablet] ΓÇ║ tests\navigation.spec.ts:78:7 ΓÇ║ Desktop navigation ΓÇ║ desktop nav scrolls to section (8.8s)
[WebServer] [browser] A tree hydrated but some attributes of the server rendered HTML didn't match the client 
properties. This won't be patched up. This can happen if a SSR-ed Client Component used:
[WebServer] 
[WebServer] - A server/client branch `if (typeof window !== 'undefined')`.
[WebServer] - Variable input such as `Date.now()` or `Math.random()` which changes each time it's called.
[WebServer] - Date formatting in a user's locale which doesn't match the server.
[WebServer] - External changing data without sending a snapshot of it along with the HTML.
[WebServer] - Invalid HTML tag nesting.
[WebServer] 
[WebServer] It can also happen if the client has a browser extension installed which messes with the HTML before React 
loaded.
[WebServer] 
[WebServer] https://react.dev/link/hydration-mismatch
[WebServer] 
[WebServer]   ...
[WebServer]     <ClientPageRoot Component={function Home} serverProvidedParams={{...}}>
[WebServer]       <Home params={Promise} searchParams={Promise}>
[WebServer]         <CursorProvider>
[WebServer]           <BootSequence>
[WebServer]           <CustomCursor>
[WebServer]           <div>
[WebServer]           <Scene>
[WebServer]           <NavigationHUD>
[WebServer]           <ScrollIndicator>
[WebServer]           <main className="content-layer" style={{opacity:0, ...}}>
[WebServer]             <HeroSection>
[WebServer]             <AboutSection>
[WebServer]               <section id="about" className="relative p...">
[WebServer]                 <div>
[WebServer]                 <div className="relative z...">
[WebServer]                   <SectionLabel>
[WebServer]                   <div className="grid grid-...">
[WebServer]                     <motion.div>
[WebServer]                     <motion.div initial={{opacity:0,x:30}} whileInView={{opacity:1,x:0}} 
viewport={{once:true}} ...>
[WebServer]                       <div className="relative h..." style={{opacity:0, ...}} ref={function 
useMotionRef.useCallback}>
[WebServer]                         <div>
[WebServer]                         <motion.div>
[WebServer]                         <motion.div>
[WebServer]                         <motion.div>
[WebServer]                         <motion.div>
[WebServer]                         <motion.div initial={{opacity:0,scale:0}} whileInView={{opacity:1,scale:1}} ...>
[WebServer]                           <div
[WebServer]                             className="absolute group cursor-none"
[WebServer]                             onMouseEnter={function AboutSection[techNodes.map() > 
<motion.div>.onMouseEnter]}
[WebServer]                             onMouseLeave={function AboutSection[techNodes.map() > 
<motion.div>.onMouseLeave]}
[WebServer]                             style={{
[WebServer] +                             left: "calc(50% + -80.00000000000007px - 50px)"
[WebServer] -                             left: "calc(50% - 130px)"
[WebServer] +                             top: "calc(50% + -138.56406460551014px - 20px)"
[WebServer] -                             top: "calc(50% - 158.564px)"
[WebServer] +                             opacity: 0
[WebServer] -                             opacity: "0"
[WebServer] +                             transform: "scale(0)"
[WebServer] -                             transform: "scale(0)"
[WebServer]                             }}
[WebServer]                             ref={function useMotionRef.useCallback}
[WebServer]                           >
[WebServer]                             <div>
[WebServer]                             <svg
[WebServer]                               className="absolute pointer-events-none"
[WebServer]                               style={{
[WebServer] +                               left: "50%"
[WebServer] -                               left: "50%"
[WebServer] +                               top: "50%"
[WebServer] -                               top: "50%"
[WebServer] +                               width: 100.00000000000007
[WebServer] -                               width: "100px"
[WebServer] +                               height: 158.56406460551014
[WebServer] -                               height: "158.564px"
[WebServer] +                               transform: "translate(-80.00000000000007px, -138.56406460551014px)"
[WebServer] -                               transform: "translate(-80px, -138.564px)"
[WebServer]                               }}
[WebServer]                             >
[WebServer]                               <line
[WebServer]                                 x1={80.00000000000007}
[WebServer] +                               y1={138.56406460551014}
[WebServer] -                               y1="138.56406460551017"
[WebServer]                                 x2={0}
[WebServer]                                 y2={0}
[WebServer]                                 stroke="rgba(56, 189, 248, 0.08)"
[WebServer]                                 strokeWidth="1"
[WebServer]                               >
[WebServer]                         ...
[WebServer]                     ...
[WebServer]             ...
[WebServer]  
[WebServer] [browser] A tree hydrated but some attributes of the server rendered HTML didn't match the client 
properties. This won't be patched up. This can happen if a SSR-ed Client Component used:
[WebServer] 
[WebServer] - A server/client branch `if (typeof window !== 'undefined')`.
[WebServer] - Variable input such as `Date.now()` or `Math.random()` which changes each time it's called.
[WebServer] - Date formatting in a user's locale which doesn't match the server.
[WebServer] - External changing data without sending a snapshot of it along with the HTML.
[WebServer] - Invalid HTML tag nesting.
[WebServer] 
[WebServer] It can also happen if the client has a browser extension installed which messes with the HTML before React 
loaded.
[WebServer] 
[WebServer] https://react.dev/link/hydration-mismatch
[WebServer] 
[WebServer]   ...
[WebServer]     <ClientPageRoot Component={function Home} serverProvidedParams={{...}}>
[WebServer]       <Home params={Promise} searchParams={Promise}>
[WebServer]         <CursorProvider>
[WebServer]           <BootSequence>
[WebServer]           <CustomCursor>
[WebServer]           <div>
[WebServer]           <Scene>
[WebServer]           <NavigationHUD>
[WebServer]           <ScrollIndicator>
[WebServer]           <main className="content-layer" style={{opacity:0, ...}}>
[WebServer]             <HeroSection>
[WebServer]             <AboutSection>
[WebServer]               <section id="about" className="relative p...">
[WebServer]                 <div>
[WebServer]                 <div className="relative z...">
[WebServer]                   <SectionLabel>
[WebServer]                   <div className="grid grid-...">
[WebServer]                     <motion.div>
[WebServer]                     <motion.div initial={{opacity:0,x:30}} whileInView={{opacity:1,x:0}} 
viewport={{once:true}} ...>
[WebServer]                       <div className="relative h..." style={{opacity:0, ...}} ref={function 
useMotionRef.useCallback}>
[WebServer]                         <div>
[WebServer]                         <motion.div>
[WebServer]                         <motion.div>
[WebServer]                         <motion.div>
[WebServer]                         <motion.div>
[WebServer]                         <motion.div initial={{opacity:0,scale:0}} whileInView={{opacity:1,scale:1}} ...>
[WebServer]                           <div
[WebServer]                             className="absolute group cursor-none"
[WebServer]                             onMouseEnter={function AboutSection[techNodes.map() > 
<motion.div>.onMouseEnter]}
[WebServer]                             onMouseLeave={function AboutSection[techNodes.map() > 
<motion.div>.onMouseLeave]}
[WebServer]                             style={{
[WebServer] +                             left: "calc(50% + -80.00000000000007px - 50px)"
[WebServer] -                             left: "calc(50% - 130px)"
[WebServer] +                             top: "calc(50% + -138.56406460551014px - 20px)"
[WebServer] -                             top: "calc(50% - 158.564px)"
[WebServer] +                             opacity: 0
[WebServer] -                             opacity: "0"
[WebServer] +                             transform: "scale(0)"
[WebServer] -                             transform: "scale(0)"
[WebServer]                             }}
[WebServer]                             ref={function useMotionRef.useCallback}
[WebServer]                           >
[WebServer]                             <div>
[WebServer]                             <svg
[WebServer]                               className="absolute pointer-events-none"
[WebServer]                               style={{
[WebServer] +                               left: "50%"
[WebServer] -                               left: "50%"
[WebServer] +                               top: "50%"
[WebServer] -                               top: "50%"
[WebServer] +                               width: 100.00000000000007
[WebServer] -                               width: "100px"
[WebServer] +                               height: 158.56406460551014
[WebServer] -                               height: "158.564px"
[WebServer] +                               transform: "translate(-80.00000000000007px, -138.56406460551014px)"
[WebServer] -                               transform: "translate(-80px, -138.564px)"
[WebServer]                               }}
[WebServer]                             >
[WebServer]                               <line
[WebServer]                                 x1={80.00000000000007}
[WebServer] +                               y1={138.56406460551014}
[WebServer] -                               y1="138.56406460551017"
[WebServer]                                 x2={0}
[WebServer]                                 y2={0}
[WebServer]                                 stroke="rgba(56, 189, 248, 0.08)"
[WebServer]                                 strokeWidth="1"
[WebServer]                               >
[WebServer]                         ...
[WebServer]                     ...
[WebServer]             ...
[WebServer]  
[WebServer] [browser] THREE.Clock: This module has been deprecated. Please use THREE.Timer instead.
[WebServer] [browser] THREE.Clock: This module has been deprecated. Please use THREE.Timer instead.
[WebServer] [browser] A tree hydrated but some attributes of the server rendered HTML didn't match the client 
properties. This won't be patched up. This can happen if a SSR-ed Client Component used:
[WebServer] 
[WebServer] - A server/client branch `if (typeof window !== 'undefined')`.
[WebServer] - Variable input such as `Date.now()` or `Math.random()` which changes each time it's called.
[WebServer] - Date formatting in a user's locale which doesn't match the server.
[WebServer] - External changing data without sending a snapshot of it along with the HTML.
[WebServer] - Invalid HTML tag nesting.
[WebServer] 
[WebServer] It can also happen if the client has a browser extension installed which messes with the HTML before React 
loaded.
[WebServer] 
[WebServer] https://react.dev/link/hydration-mismatch
[WebServer] 
[WebServer]   ...
[WebServer]     <HotReload globalError={[...]} webSocket={WebSocket} staticIndicatorState={{pathname:null, ...}}>
[WebServer]       <AppDevOverlayErrorBoundary globalError={[...]}>
[WebServer]         <ReplaySsrOnlyErrors>
[WebServer]         <DevRootHTTPAccessFallbackBoundary>
[WebServer]           <HTTPAccessFallbackBoundary notFound={<NotAllowedRootHTTPFallbackError>}>
[WebServer]             <HTTPAccessFallbackErrorBoundary pathname="/" notFound={<NotAllowedRootHTTPFallbackError>} ...>
[WebServer]               <RedirectBoundary>
[WebServer]                 <RedirectErrorBoundary router={{...}}>
[WebServer]                   <Head>
[WebServer]                   <__next_root_layout_boundary__>
[WebServer]                     <SegmentViewNode type="layout" pagePath="layout.tsx">
[WebServer]                       <SegmentTrieNode>
[WebServer]                       <link>
[WebServer]                       <script>
[WebServer]                       <RootLayout>
[WebServer]                         <html lang="en" className="geist_a715..." suppressHydrationWarning={true}>
[WebServer]                           <head>
[WebServer]                           <body
[WebServer]                             style={{
[WebServer] +                             background: "#05070A"
[WebServer] -                             background-image: "initial"
[WebServer] -                             background-position-x: "initial"
[WebServer] -                             background-position-y: "initial"
[WebServer] -                             background-size: "initial"
[WebServer] -                             background-repeat: "initial"
[WebServer] -                             background-attachment: "initial"
[WebServer] -                             background-origin: "initial"
[WebServer] -                             background-clip: "initial"
[WebServer] -                             background-color: "rgb(5, 7, 10)"
[WebServer]                             }}
[WebServer]                           >
[WebServer]                             ...
[WebServer]                               <motion.div>
[WebServer]                               <motion.div>
[WebServer]                               <motion.div>
[WebServer]                               <motion.div>
[WebServer]                               <motion.div initial={{opacity:0,scale:0}} whileInView={{opacity:1,scale:1}} 
...>
[WebServer]                                 <div
[WebServer]                                   className="absolute group cursor-none"
[WebServer]                                   onMouseEnter={function AboutSection[techNodes.map() > 
<motion.div>.onMouseEnter]}
[WebServer]                                   onMouseLeave={function AboutSection[techNodes.map() > 
<motion.div>.onMouseLeave]}
[WebServer]                                   style={{
[WebServer] +                                   left: "calc(50% + -80.00000000000007px - 50px)"
[WebServer] -                                   left: "calc(50% - 130px)"
[WebServer] +                                   top: "calc(50% + -138.56406460551014px - 20px)"
[WebServer] -                                   top: "calc(50% - 158.564px)"
[WebServer] +                                   opacity: 0
[WebServer] -                                   opacity: "0"
[WebServer] +                                   transform: "scale(0)"
[WebServer] -                                   transform: "scale(0)"
[WebServer]                                   }}
[WebServer]                                   ref={function useMotionRef.useCallback}
[WebServer]                                 >
[WebServer]                                   <div>
[WebServer]                                   <svg
[WebServer]                                     className="absolute pointer-events-none"
[WebServer]                                     style={{
[WebServer] +                                     left: "50%"
[WebServer] -                                     left: "50%"
[WebServer] +                                     top: "50%"
[WebServer] -                                     top: "50%"
[WebServer] +                                     width: 100.00000000000007
[WebServer] -                                     width: "100px"
[WebServer] +                                     height: 158.56406460551014
[WebServer] -                                     height: "158.564px"
[WebServer] +                                     transform: "translate(-80.00000000000007px, -138.56406460551014px)"
[WebServer] -                                     transform: "translate(-80px, -138.564px)"
[WebServer]                                     }}
[WebServer]                                   >
[WebServer]                                     <line
[WebServer]                                       x1={80.00000000000007}
[WebServer] +                                     y1={138.56406460551014}
[WebServer] -                                     y1="138.56406460551017"
[WebServer]                                       x2={0}
[WebServer]                                       y2={0}
[WebServer]                                       stroke="rgba(56, 189, 248, 0.08)"
[WebServer]                                       strokeWidth="1"
[WebServer]                                     >
[WebServer]                               ...
[WebServer]                   ...
[WebServer]  
  Γ£ô   77 [tablet] ΓÇ║ tests\navigation.spec.ts:106:7 ΓÇ║ Mobile sidebar ΓÇ║ mobile sidebar has nav links (8.9s)
  Γ£ô   76 [tablet] ΓÇ║ tests\navigation.spec.ts:98:7 ΓÇ║ Mobile sidebar ΓÇ║ mobile sidebar opens on menu click (9.4s)
[WebServer] [browser] THREE.Clock: This module has been deprecated. Please use THREE.Timer instead.
  Γ£ô   78 [tablet] ΓÇ║ tests\navigation.spec.ts:117:7 ΓÇ║ Mobile sidebar ΓÇ║ mobile sidebar has resume link (10.7s)
[WebServer] [browser] A tree hydrated but some attributes of the server rendered HTML didn't match the client 
properties. This won't be patched up. This can happen if a SSR-ed Client Component used:
[WebServer] 
[WebServer] - A server/client branch `if (typeof window !== 'undefined')`.
[WebServer] - Variable input such as `Date.now()` or `Math.random()` which changes each time it's called.
[WebServer] - Date formatting in a user's locale which doesn't match the server.
[WebServer] - External changing data without sending a snapshot of it along with the HTML.
[WebServer] - Invalid HTML tag nesting.
[WebServer] 
[WebServer] It can also happen if the client has a browser extension installed which messes with the HTML before React 
loaded.
[WebServer] 
[WebServer] https://react.dev/link/hydration-mismatch
[WebServer] 
[WebServer]   ...
[WebServer]     <ClientPageRoot Component={function Home} serverProvidedParams={{...}}>
[WebServer]       <Home params={Promise} searchParams={Promise}>
[WebServer]         <CursorProvider>
[WebServer]           <BootSequence>
[WebServer]           <CustomCursor>
[WebServer]           <div>
[WebServer]           <Scene>
[WebServer]           <NavigationHUD>
[WebServer]           <ScrollIndicator>
[WebServer]           <main className="content-layer" style={{opacity:0, ...}}>
[WebServer]             <HeroSection>
[WebServer]             <AboutSection>
[WebServer]               <section id="about" className="relative p...">
[WebServer]                 <div>
[WebServer]                 <div className="relative z...">
[WebServer]                   <SectionLabel>
[WebServer]                   <div className="grid grid-...">
[WebServer]                     <motion.div>
[WebServer]                     <motion.div initial={{opacity:0,x:30}} whileInView={{opacity:1,x:0}} 
viewport={{once:true}} ...>
[WebServer]                       <div className="relative h..." style={{opacity:0, ...}} ref={function 
useMotionRef.useCallback}>
[WebServer]                         <div>
[WebServer]                         <motion.div>
[WebServer]                         <motion.div>
[WebServer]                         <motion.div>
[WebServer]                         <motion.div>
[WebServer]                         <motion.div initial={{opacity:0,scale:0}} whileInView={{opacity:1,scale:1}} ...>
[WebServer]                           <div
[WebServer]                             className="absolute group cursor-none"
[WebServer]                             onMouseEnter={function AboutSection[techNodes.map() > 
<motion.div>.onMouseEnter]}
[WebServer]                             onMouseLeave={function AboutSection[techNodes.map() > 
<motion.div>.onMouseLeave]}
[WebServer]                             style={{
[WebServer] +                             left: "calc(50% + -80.00000000000007px - 50px)"
[WebServer] -                             left: "calc(50% - 130px)"
[WebServer] +                             top: "calc(50% + -138.56406460551014px - 20px)"
[WebServer] -                             top: "calc(50% - 158.564px)"
[WebServer] +                             opacity: 0
[WebServer] -                             opacity: "0"
[WebServer] +                             transform: "scale(0)"
[WebServer] -                             transform: "scale(0)"
[WebServer]                             }}
[WebServer]                             ref={function useMotionRef.useCallback}
[WebServer]                           >
[WebServer]                             <div>
[WebServer]                             <svg
[WebServer]                               className="absolute pointer-events-none"
[WebServer]                               style={{
[WebServer] +                               left: "50%"
[WebServer] -                               left: "50%"
[WebServer] +                               top: "50%"
[WebServer] -                               top: "50%"
[WebServer] +                               width: 100.00000000000007
[WebServer] -                               width: "100px"
[WebServer] +                               height: 158.56406460551014
[WebServer] -                               height: "158.564px"
[WebServer] +                               transform: "translate(-80.00000000000007px, -138.56406460551014px)"
[WebServer] -                               transform: "translate(-80px, -138.564px)"
[WebServer]                               }}
[WebServer]                             >
[WebServer]                               <line
[WebServer]                                 x1={80.00000000000007}
[WebServer] +                               y1={138.56406460551014}
[WebServer] -                               y1="138.56406460551017"
[WebServer]                                 x2={0}
[WebServer]                                 y2={0}
[WebServer]                                 stroke="rgba(56, 189, 248, 0.08)"
[WebServer]                                 strokeWidth="1"
[WebServer]                               >
[WebServer]                         ...
[WebServer]                     ...
[WebServer]             ...
[WebServer]  
[WebServer] [browser] A tree hydrated but some attributes of the server rendered HTML didn't match the client 
properties. This won't be patched up. This can happen if a SSR-ed Client Component used:
[WebServer] 
[WebServer] - A server/client branch `if (typeof window !== 'undefined')`.
[WebServer] - Variable input such as `Date.now()` or `Math.random()` which changes each time it's called.
[WebServer] - Date formatting in a user's locale which doesn't match the server.
[WebServer] - External changing data without sending a snapshot of it along with the HTML.
[WebServer] - Invalid HTML tag nesting.
[WebServer] 
[WebServer] It can also happen if the client has a browser extension installed which messes with the HTML before React 
loaded.
[WebServer] 
[WebServer] https://react.dev/link/hydration-mismatch
[WebServer] 
[WebServer]   ...
[WebServer]     <HotReload globalError={[...]} webSocket={WebSocket} staticIndicatorState={{pathname:null, ...}}>
[WebServer]       <AppDevOverlayErrorBoundary globalError={[...]}>
[WebServer]         <ReplaySsrOnlyErrors>
[WebServer]         <DevRootHTTPAccessFallbackBoundary>
[WebServer]           <HTTPAccessFallbackBoundary notFound={<NotAllowedRootHTTPFallbackError>}>
[WebServer]             <HTTPAccessFallbackErrorBoundary pathname="/" notFound={<NotAllowedRootHTTPFallbackError>} ...>
[WebServer]               <RedirectBoundary>
[WebServer]                 <RedirectErrorBoundary router={{...}}>
[WebServer]                   <Head>
[WebServer]                   <__next_root_layout_boundary__>
[WebServer]                     <SegmentViewNode type="layout" pagePath="layout.tsx">
[WebServer]                       <SegmentTrieNode>
[WebServer]                       <link>
[WebServer]                       <script>
[WebServer]                       <RootLayout>
[WebServer]                         <html lang="en" className="geist_a715..." suppressHydrationWarning={true}>
[WebServer]                           <head>
[WebServer]                           <body
[WebServer]                             style={{
[WebServer] +                             background: "#05070A"
[WebServer] -                             background-image: "initial"
[WebServer] -                             background-position-x: "initial"
[WebServer] -                             background-position-y: "initial"
[WebServer] -                             background-size: "initial"
[WebServer] -                             background-repeat: "initial"
[WebServer] -                             background-attachment: "initial"
[WebServer] -                             background-origin: "initial"
[WebServer] -                             background-clip: "initial"
[WebServer] -                             background-color: "rgb(5, 7, 10)"
[WebServer]                             }}
[WebServer]                           >
[WebServer]                             ...
[WebServer]                               <motion.div>
[WebServer]                               <motion.div>
[WebServer]                               <motion.div>
[WebServer]                               <motion.div>
[WebServer]                               <motion.div initial={{opacity:0,scale:0}} whileInView={{opacity:1,scale:1}} 
...>
[WebServer]                                 <div
[WebServer]                                   className="absolute group cursor-none"
[WebServer]                                   onMouseEnter={function AboutSection[techNodes.map() > 
<motion.div>.onMouseEnter]}
[WebServer]                                   onMouseLeave={function AboutSection[techNodes.map() > 
<motion.div>.onMouseLeave]}
[WebServer]                                   style={{
[WebServer] +                                   left: "calc(50% + -80.00000000000007px - 50px)"
[WebServer] -                                   left: "calc(50% - 130px)"
[WebServer] +                                   top: "calc(50% + -138.56406460551014px - 20px)"
[WebServer] -                                   top: "calc(50% - 158.564px)"
[WebServer] +                                   opacity: 0
[WebServer] -                                   opacity: "0"
[WebServer] +                                   transform: "scale(0)"
[WebServer] -                                   transform: "scale(0)"
[WebServer]                                   }}
[WebServer]                                   ref={function useMotionRef.useCallback}
[WebServer]                                 >
[WebServer]                                   <div>
[WebServer]                                   <svg
[WebServer]                                     className="absolute pointer-events-none"
[WebServer]                                     style={{
[WebServer] +                                     left: "50%"
[WebServer] -                                     left: "50%"
[WebServer] +                                     top: "50%"
[WebServer] -                                     top: "50%"
[WebServer] +                                     width: 100.00000000000007
[WebServer] -                                     width: "100px"
[WebServer] +                                     height: 158.56406460551014
[WebServer] -                                     height: "158.564px"
[WebServer] +                                     transform: "translate(-80.00000000000007px, -138.56406460551014px)"
[WebServer] -                                     transform: "translate(-80px, -138.564px)"
[WebServer]                                     }}
[WebServer]                                   >
[WebServer]                                     <line
[WebServer]                                       x1={80.00000000000007}
[WebServer] +                                     y1={138.56406460551014}
[WebServer] -                                     y1="138.56406460551017"
[WebServer]                                       x2={0}
[WebServer]                                       y2={0}
[WebServer]                                       stroke="rgba(56, 189, 248, 0.08)"
[WebServer]                                       strokeWidth="1"
[WebServer]                                     >
[WebServer]                               ...
[WebServer]                   ...
[WebServer]  
[WebServer] [browser] THREE.Clock: This module has been deprecated. Please use THREE.Timer instead.
[WebServer] [browser] THREE.Clock: This module has been deprecated. Please use THREE.Timer instead.
  Γ£ô   80 [tablet] ΓÇ║ tests\navigation.spec.ts:134:7 ΓÇ║ Mobile sidebar ΓÇ║ mobile sidebar closes on Escape key (8.9s)
[WebServer] [browser] A tree hydrated but some attributes of the server rendered HTML didn't match the client 
properties. This won't be patched up. This can happen if a SSR-ed Client Component used:
[WebServer] 
[WebServer] - A server/client branch `if (typeof window !== 'undefined')`.
[WebServer] - Variable input such as `Date.now()` or `Math.random()` which changes each time it's called.
[WebServer] - Date formatting in a user's locale which doesn't match the server.
[WebServer] - External changing data without sending a snapshot of it along with the HTML.
[WebServer] - Invalid HTML tag nesting.
[WebServer] 
[WebServer] It can also happen if the client has a browser extension installed which messes with the HTML before React 
loaded.
[WebServer] 
[WebServer] https://react.dev/link/hydration-mismatch
[WebServer] 
[WebServer]   ...
[WebServer]     <HotReload globalError={[...]} webSocket={WebSocket} staticIndicatorState={{pathname:null, ...}}>
[WebServer]       <AppDevOverlayErrorBoundary globalError={[...]}>
[WebServer]         <ReplaySsrOnlyErrors>
[WebServer]         <DevRootHTTPAccessFallbackBoundary>
[WebServer]           <HTTPAccessFallbackBoundary notFound={<NotAllowedRootHTTPFallbackError>}>
[WebServer]             <HTTPAccessFallbackErrorBoundary pathname="/" notFound={<NotAllowedRootHTTPFallbackError>} ...>
[WebServer]               <RedirectBoundary>
[WebServer]                 <RedirectErrorBoundary router={{...}}>
[WebServer]                   <Head>
[WebServer]                   <__next_root_layout_boundary__>
[WebServer]                     <SegmentViewNode type="layout" pagePath="layout.tsx">
[WebServer]                       <SegmentTrieNode>
[WebServer]                       <link>
[WebServer]                       <script>
[WebServer]                       <RootLayout>
[WebServer]                         <html lang="en" className="geist_a715..." suppressHydrationWarning={true}>
[WebServer]                           <head>
[WebServer]                           <body
[WebServer]                             style={{
[WebServer] +                             background: "#05070A"
[WebServer] -                             background-image: "initial"
[WebServer] -                             background-position-x: "initial"
[WebServer] -                             background-position-y: "initial"
[WebServer] -                             background-size: "initial"
[WebServer] -                             background-repeat: "initial"
[WebServer] -                             background-attachment: "initial"
[WebServer] -                             background-origin: "initial"
[WebServer] -                             background-clip: "initial"
[WebServer] -                             background-color: "rgb(5, 7, 10)"
[WebServer]                             }}
[WebServer]                           >
[WebServer]                             ...
[WebServer]                               <motion.div>
[WebServer]                               <motion.div>
[WebServer]                               <motion.div>
[WebServer]                               <motion.div>
[WebServer]                               <motion.div initial={{opacity:0,scale:0}} whileInView={{opacity:1,scale:1}} 
...>
[WebServer]                                 <div
[WebServer]                                   className="absolute group cursor-none"
[WebServer]                                   onMouseEnter={function AboutSection[techNodes.map() > 
<motion.div>.onMouseEnter]}
[WebServer]                                   onMouseLeave={function AboutSection[techNodes.map() > 
<motion.div>.onMouseLeave]}
[WebServer]                                   style={{
[WebServer] +                                   left: "calc(50% + -80.00000000000007px - 50px)"
[WebServer] -                                   left: "calc(50% - 130px)"
[WebServer] +                                   top: "calc(50% + -138.56406460551014px - 20px)"
[WebServer] -                                   top: "calc(50% - 158.564px)"
[WebServer] +                                   opacity: 0
[WebServer] -                                   opacity: "0"
[WebServer] +                                   transform: "scale(0)"
[WebServer] -                                   transform: "scale(0)"
[WebServer]                                   }}
[WebServer]                                   ref={function useMotionRef.useCallback}
[WebServer]                                 >
[WebServer]                                   <div>
[WebServer]                                   <svg
[WebServer]                                     className="absolute pointer-events-none"
[WebServer]                                     style={{
[WebServer] +                                     left: "50%"
[WebServer] -                                     left: "50%"
[WebServer] +                                     top: "50%"
[WebServer] -                                     top: "50%"
[WebServer] +                                     width: 100.00000000000007
[WebServer] -                                     width: "100px"
[WebServer] +                                     height: 158.56406460551014
[WebServer] -                                     height: "158.564px"
[WebServer] +                                     transform: "translate(-80.00000000000007px, -138.56406460551014px)"
[WebServer] -                                     transform: "translate(-80px, -138.564px)"
[WebServer]                                     }}
[WebServer]                                   >
[WebServer]                                     <line
[WebServer]                                       x1={80.00000000000007}
[WebServer] +                                     y1={138.56406460551014}
[WebServer] -                                     y1="138.56406460551017"
[WebServer]                                       x2={0}
[WebServer]                                       y2={0}
[WebServer]                                       stroke="rgba(56, 189, 248, 0.08)"
[WebServer]                                       strokeWidth="1"
[WebServer]                                     >
[WebServer]                               ...
[WebServer]                   ...
[WebServer]  
[WebServer] [browser] THREE.Clock: This module has been deprecated. Please use THREE.Timer instead.
[WebServer] [browser] A tree hydrated but some attributes of the server rendered HTML didn't match the client 
properties. This won't be patched up. This can happen if a SSR-ed Client Component used:
[WebServer] 
[WebServer] - A server/client branch `if (typeof window !== 'undefined')`.
[WebServer] - Variable input such as `Date.now()` or `Math.random()` which changes each time it's called.
[WebServer] - Date formatting in a user's locale which doesn't match the server.
[WebServer] - External changing data without sending a snapshot of it along with the HTML.
[WebServer] - Invalid HTML tag nesting.
[WebServer] 
[WebServer] It can also happen if the client has a browser extension installed which messes with the HTML before React 
loaded.
[WebServer] 
[WebServer] https://react.dev/link/hydration-mismatch
[WebServer] 
[WebServer]   ...
[WebServer]     <HotReload globalError={[...]} webSocket={WebSocket} staticIndicatorState={{pathname:null, ...}}>
[WebServer]       <AppDevOverlayErrorBoundary globalError={[...]}>
[WebServer]         <ReplaySsrOnlyErrors>
[WebServer]         <DevRootHTTPAccessFallbackBoundary>
[WebServer]           <HTTPAccessFallbackBoundary notFound={<NotAllowedRootHTTPFallbackError>}>
[WebServer]             <HTTPAccessFallbackErrorBoundary pathname="/" notFound={<NotAllowedRootHTTPFallbackError>} ...>
[WebServer]               <RedirectBoundary>
[WebServer]                 <RedirectErrorBoundary router={{...}}>
[WebServer]                   <Head>
[WebServer]                   <__next_root_layout_boundary__>
[WebServer]                     <SegmentViewNode type="layout" pagePath="layout.tsx">
[WebServer]                       <SegmentTrieNode>
[WebServer]                       <link>
[WebServer]                       <script>
[WebServer]                       <RootLayout>
[WebServer]                         <html lang="en" className="geist_a715..." suppressHydrationWarning={true}>
[WebServer]                           <head>
[WebServer]                           <body
[WebServer]                             style={{
[WebServer] +                             background: "#05070A"
[WebServer] -                             background-image: "initial"
[WebServer] -                             background-position-x: "initial"
[WebServer] -                             background-position-y: "initial"
[WebServer] -                             background-size: "initial"
[WebServer] -                             background-repeat: "initial"
[WebServer] -                             background-attachment: "initial"
[WebServer] -                             background-origin: "initial"
[WebServer] -                             background-clip: "initial"
[WebServer] -                             background-color: "rgb(5, 7, 10)"
[WebServer]                             }}
[WebServer]                           >
[WebServer]                             ...
[WebServer]                               <motion.div>
[WebServer]                               <motion.div>
[WebServer]                               <motion.div>
[WebServer]                               <motion.div>
[WebServer]                               <motion.div initial={{opacity:0,scale:0}} whileInView={{opacity:1,scale:1}} 
...>
[WebServer]                                 <div
[WebServer]                                   className="absolute group cursor-none"
[WebServer]                                   onMouseEnter={function AboutSection[techNodes.map() > 
<motion.div>.onMouseEnter]}
[WebServer]                                   onMouseLeave={function AboutSection[techNodes.map() > 
<motion.div>.onMouseLeave]}
[WebServer]                                   style={{
[WebServer] +                                   left: "calc(50% + -80.00000000000007px - 50px)"
[WebServer] -                                   left: "calc(50% - 130px)"
[WebServer] +                                   top: "calc(50% + -138.56406460551014px - 20px)"
[WebServer] -                                   top: "calc(50% - 158.564px)"
[WebServer] +                                   opacity: 0
[WebServer] -                                   opacity: "0"
[WebServer] +                                   transform: "scale(0)"
[WebServer] -                                   transform: "scale(0)"
[WebServer]                                   }}
[WebServer]                                   ref={function useMotionRef.useCallback}
[WebServer]                                 >
[WebServer]                                   <div>
[WebServer]                                   <svg
[WebServer]                                     className="absolute pointer-events-none"
[WebServer]                                     style={{
[WebServer] +                                     left: "50%"
[WebServer] -                                     left: "50%"
[WebServer] +                                     top: "50%"
[WebServer] -                                     top: "50%"
[WebServer] +                                     width: 100.00000000000007
[WebServer] -                                     width: "100px"
[WebServer] +                                     height: 158.56406460551014
[WebServer] -                                     height: "158.564px"
[WebServer] +                                     transform: "translate(-80.00000000000007px, -138.56406460551014px)"
[WebServer] -                                     transform: "translate(-80px, -138.564px)"
[WebServer]                                     }}
[WebServer]                                   >
[WebServer]                                     <line
[WebServer]                                       x1={80.00000000000007}
[WebServer] +                                     y1={138.56406460551014}
[WebServer] -                                     y1="138.56406460551017"
[WebServer]                                       x2={0}
[WebServer]                                       y2={0}
[WebServer]                                       stroke="rgba(56, 189, 248, 0.08)"
[WebServer]                                       strokeWidth="1"
[WebServer]                                     >
[WebServer]                               ...
[WebServer]                   ...
[WebServer]  
  Γ£ÿ   79 [tablet] ΓÇ║ tests\navigation.spec.ts:125:7 ΓÇ║ Mobile sidebar ΓÇ║ mobile sidebar closes on close button (9.3s)
[WebServer] [browser] THREE.Clock: This module has been deprecated. Please use THREE.Timer instead.
  Γ£ô   81 [tablet] ΓÇ║ tests\navigation.spec.ts:144:7 ΓÇ║ Mobile sidebar ΓÇ║ mobile sidebar closes on backdrop click (14.2s)
  Γ£ô   82 [tablet] ΓÇ║ tests\navigation.spec.ts:155:7 ΓÇ║ Mobile sidebar ΓÇ║ mobile sidebar nav link scrolls to section and closes (10.6s)
  Γ£ô   83 [tablet] ΓÇ║ tests\navigation.spec.ts:176:7 ΓÇ║ Tablet ΓÇ║ no horizontal overflow on tablet (3.3s)
  Γ£ô   84 [tablet] ΓÇ║ tests\responsive.spec.ts:11:7 ΓÇ║ Responsive - Mobile ΓÇ║ hero heading is visible (1.6s)
  Γ£ô   85 [tablet] ΓÇ║ tests\responsive.spec.ts:16:7 ΓÇ║ Responsive - Mobile ΓÇ║ no horizontal overflow on mobile (1.7s)
[WebServer] [browser] A tree hydrated but some attributes of the server rendered HTML didn't match the client 
properties. This won't be patched up. This can happen if a SSR-ed Client Component used:
[WebServer] 
[WebServer] - A server/client branch `if (typeof window !== 'undefined')`.
[WebServer] - Variable input such as `Date.now()` or `Math.random()` which changes each time it's called.
[WebServer] - Date formatting in a user's locale which doesn't match the server.
[WebServer] - External changing data without sending a snapshot of it along with the HTML.
[WebServer] - Invalid HTML tag nesting.
[WebServer] 
[WebServer] It can also happen if the client has a browser extension installed which messes with the HTML before React 
loaded.
[WebServer] 
[WebServer] https://react.dev/link/hydration-mismatch
[WebServer] 
[WebServer]   ...
[WebServer]     <ClientPageRoot Component={function Home} serverProvidedParams={{...}}>
[WebServer]       <Home params={Promise} searchParams={Promise}>
[WebServer]         <CursorProvider>
[WebServer]           <BootSequence>
[WebServer]           <CustomCursor>
[WebServer]           <div>
[WebServer]           <Scene>
[WebServer]           <NavigationHUD>
[WebServer]           <ScrollIndicator>
[WebServer]           <main className="content-layer" style={{opacity:0, ...}}>
[WebServer]             <HeroSection>
[WebServer]             <AboutSection>
[WebServer]               <section id="about" className="relative p...">
[WebServer]                 <div>
[WebServer]                 <div className="relative z...">
[WebServer]                   <SectionLabel>
[WebServer]                   <div className="grid grid-...">
[WebServer]                     <motion.div>
[WebServer]                     <motion.div initial={{opacity:0,x:30}} whileInView={{opacity:1,x:0}} 
viewport={{once:true}} ...>
[WebServer]                       <div className="relative h..." style={{opacity:0, ...}} ref={function 
useMotionRef.useCallback}>
[WebServer]                         <div>
[WebServer]                         <motion.div>
[WebServer]                         <motion.div>
[WebServer]                         <motion.div>
[WebServer]                         <motion.div>
[WebServer]                         <motion.div initial={{opacity:0,scale:0}} whileInView={{opacity:1,scale:1}} ...>
[WebServer]                           <div
[WebServer]                             className="absolute group cursor-none"
[WebServer]                             onMouseEnter={function AboutSection[techNodes.map() > 
<motion.div>.onMouseEnter]}
[WebServer]                             onMouseLeave={function AboutSection[techNodes.map() > 
<motion.div>.onMouseLeave]}
[WebServer]                             style={{
[WebServer] +                             left: "calc(50% + -80.00000000000007px - 50px)"
[WebServer] -                             left: "calc(50% - 130px)"
[WebServer] +                             top: "calc(50% + -138.56406460551014px - 20px)"
[WebServer] -                             top: "calc(50% - 158.564px)"
[WebServer] +                             opacity: 0
[WebServer] -                             opacity: "0"
[WebServer] +                             transform: "scale(0)"
[WebServer] -                             transform: "scale(0)"
[WebServer]                             }}
[WebServer]                             ref={function useMotionRef.useCallback}
[WebServer]                           >
[WebServer]                             <div>
[WebServer]                             <svg
[WebServer]                               className="absolute pointer-events-none"
[WebServer]                               style={{
[WebServer] +                               left: "50%"
[WebServer] -                               left: "50%"
[WebServer] +                               top: "50%"
[WebServer] -                               top: "50%"
[WebServer] +                               width: 100.00000000000007
[WebServer] -                               width: "100px"
[WebServer] +                               height: 158.56406460551014
[WebServer] -                               height: "158.564px"
[WebServer] +                               transform: "translate(-80.00000000000007px, -138.56406460551014px)"
[WebServer] -                               transform: "translate(-80px, -138.564px)"
[WebServer]                               }}
[WebServer]                             >
[WebServer]                               <line
[WebServer]                                 x1={80.00000000000007}
[WebServer] +                               y1={138.56406460551014}
[WebServer] -                               y1="138.56406460551017"
[WebServer]                                 x2={0}
[WebServer]                                 y2={0}
[WebServer]                                 stroke="rgba(56, 189, 248, 0.08)"
[WebServer]                                 strokeWidth="1"
[WebServer]                               >
[WebServer]                         ...
[WebServer]                     ...
[WebServer]             ...
[WebServer]  
[WebServer] [browser] A tree hydrated but some attributes of the server rendered HTML didn't match the client 
properties. This won't be patched up. This can happen if a SSR-ed Client Component used:
[WebServer] 
[WebServer] - A server/client branch `if (typeof window !== 'undefined')`.
[WebServer] - Variable input such as `Date.now()` or `Math.random()` which changes each time it's called.
[WebServer] - Date formatting in a user's locale which doesn't match the server.
[WebServer] - External changing data without sending a snapshot of it along with the HTML.
[WebServer] - Invalid HTML tag nesting.
[WebServer] 
[WebServer] It can also happen if the client has a browser extension installed which messes with the HTML before React 
loaded.
[WebServer] 
[WebServer] https://react.dev/link/hydration-mismatch
[WebServer] 
[WebServer]   ...
[WebServer]     <ClientPageRoot Component={function Home} serverProvidedParams={{...}}>
[WebServer]       <Home params={Promise} searchParams={Promise}>
[WebServer]         <CursorProvider>
[WebServer]           <BootSequence>
[WebServer]           <CustomCursor>
[WebServer]           <div>
[WebServer]           <Scene>
[WebServer]           <NavigationHUD>
[WebServer]           <ScrollIndicator>
[WebServer]           <main className="content-layer" style={{opacity:0, ...}}>
[WebServer]             <HeroSection>
[WebServer]             <AboutSection>
[WebServer]               <section id="about" className="relative p...">
[WebServer]                 <div>
[WebServer]                 <div className="relative z...">
[WebServer]                   <SectionLabel>
[WebServer]                   <div className="grid grid-...">
[WebServer]                     <motion.div>
[WebServer]                     <motion.div initial={{opacity:0,x:30}} whileInView={{opacity:1,x:0}} 
viewport={{once:true}} ...>
[WebServer]                       <div className="relative h..." style={{opacity:0, ...}} ref={function 
useMotionRef.useCallback}>
[WebServer]                         <div>
[WebServer]                         <motion.div>
[WebServer]                         <motion.div>
[WebServer]                         <motion.div>
[WebServer]                         <motion.div>
[WebServer]                         <motion.div initial={{opacity:0,scale:0}} whileInView={{opacity:1,scale:1}} ...>
[WebServer]                           <div
[WebServer]                             className="absolute group cursor-none"
[WebServer]                             onMouseEnter={function AboutSection[techNodes.map() > 
<motion.div>.onMouseEnter]}
[WebServer]                             onMouseLeave={function AboutSection[techNodes.map() > 
<motion.div>.onMouseLeave]}
[WebServer]                             style={{
[WebServer] +                             left: "calc(50% + -80.00000000000007px - 50px)"
[WebServer] -                             left: "calc(50% - 130px)"
[WebServer] +                             top: "calc(50% + -138.56406460551014px - 20px)"
[WebServer] -                             top: "calc(50% - 158.564px)"
[WebServer] +                             opacity: 0
[WebServer] -                             opacity: "0"
[WebServer] +                             transform: "scale(0)"
[WebServer] -                             transform: "scale(0)"
[WebServer]                             }}
[WebServer]                             ref={function useMotionRef.useCallback}
[WebServer]                           >
[WebServer]                             <div>
[WebServer]                             <svg
[WebServer]                               className="absolute pointer-events-none"
[WebServer]                               style={{
[WebServer] +                               left: "50%"
[WebServer] -                               left: "50%"
[WebServer] +                               top: "50%"
[WebServer] -                               top: "50%"
[WebServer] +                               width: 100.00000000000007
[WebServer] -                               width: "100px"
[WebServer] +                               height: 158.56406460551014
[WebServer] -                               height: "158.564px"
[WebServer] +                               transform: "translate(-80.00000000000007px, -138.56406460551014px)"
[WebServer] -                               transform: "translate(-80px, -138.564px)"
[WebServer]                               }}
[WebServer]                             >
[WebServer]                               <line
[WebServer]                                 x1={80.00000000000007}
[WebServer] +                               y1={138.56406460551014}
[WebServer] -                               y1="138.56406460551017"
[WebServer]                                 x2={0}
[WebServer]                                 y2={0}
[WebServer]                                 stroke="rgba(56, 189, 248, 0.08)"
[WebServer]                                 strokeWidth="1"
[WebServer]                               >
[WebServer]                         ...
[WebServer]                     ...
[WebServer]             ...
[WebServer]  
  Γ£ô   86 [tablet] ΓÇ║ tests\navigation.spec.ts:165:7 ΓÇ║ Mobile sidebar ΓÇ║ no horizontal overflow on mobile (3.5s)
[WebServer] [browser] A tree hydrated but some attributes of the server rendered HTML didn't match the client 
properties. This won't be patched up. This can happen if a SSR-ed Client Component used:
[WebServer] 
[WebServer] - A server/client branch `if (typeof window !== 'undefined')`.
[WebServer] - Variable input such as `Date.now()` or `Math.random()` which changes each time it's called.
[WebServer] - Date formatting in a user's locale which doesn't match the server.
[WebServer] - External changing data without sending a snapshot of it along with the HTML.
[WebServer] - Invalid HTML tag nesting.
[WebServer] 
[WebServer] It can also happen if the client has a browser extension installed which messes with the HTML before React 
loaded.
[WebServer] 
[WebServer] https://react.dev/link/hydration-mismatch
[WebServer] 
[WebServer]   ...
[WebServer]     <HotReload globalError={[...]} webSocket={WebSocket} staticIndicatorState={{pathname:null, ...}}>
[WebServer]       <AppDevOverlayErrorBoundary globalError={[...]}>
[WebServer]         <ReplaySsrOnlyErrors>
[WebServer]         <DevRootHTTPAccessFallbackBoundary>
[WebServer]           <HTTPAccessFallbackBoundary notFound={<NotAllowedRootHTTPFallbackError>}>
[WebServer]             <HTTPAccessFallbackErrorBoundary pathname="/" notFound={<NotAllowedRootHTTPFallbackError>} ...>
[WebServer]               <RedirectBoundary>
[WebServer]                 <RedirectErrorBoundary router={{...}}>
[WebServer]                   <Head>
[WebServer]                   <__next_root_layout_boundary__>
[WebServer]                     <SegmentViewNode type="layout" pagePath="layout.tsx">
[WebServer]                       <SegmentTrieNode>
[WebServer]                       <link>
[WebServer]                       <script>
[WebServer]                       <RootLayout>
[WebServer]                         <html lang="en" className="geist_a715..." suppressHydrationWarning={true}>
[WebServer]                           <head>
[WebServer]                           <body
[WebServer]                             style={{
[WebServer] +                             background: "#05070A"
[WebServer] -                             background-image: "initial"
[WebServer] -                             background-position-x: "initial"
[WebServer] -                             background-position-y: "initial"
[WebServer] -                             background-size: "initial"
[WebServer] -                             background-repeat: "initial"
[WebServer] -                             background-attachment: "initial"
[WebServer] -                             background-origin: "initial"
[WebServer] -                             background-clip: "initial"
[WebServer] -                             background-color: "rgb(5, 7, 10)"
[WebServer]                             }}
[WebServer]                           >
[WebServer]                             ...
[WebServer]                               <motion.div>
[WebServer]                               <motion.div>
[WebServer]                               <motion.div>
[WebServer]                               <motion.div>
[WebServer]                               <motion.div initial={{opacity:0,scale:0}} whileInView={{opacity:1,scale:1}} 
...>
[WebServer]                                 <div
[WebServer]                                   className="absolute group cursor-none"
[WebServer]                                   onMouseEnter={function AboutSection[techNodes.map() > 
<motion.div>.onMouseEnter]}
[WebServer]                                   onMouseLeave={function AboutSection[techNodes.map() > 
<motion.div>.onMouseLeave]}
[WebServer]                                   style={{
[WebServer] +                                   left: "calc(50% + -80.00000000000007px - 50px)"
[WebServer] -                                   left: "calc(50% - 130px)"
[WebServer] +                                   top: "calc(50% + -138.56406460551014px - 20px)"
[WebServer] -                                   top: "calc(50% - 158.564px)"
[WebServer] +                                   opacity: 0
[WebServer] -                                   opacity: "0"
[WebServer] +                                   transform: "scale(0)"
[WebServer] -                                   transform: "scale(0)"
[WebServer]                                   }}
[WebServer]                                   ref={function useMotionRef.useCallback}
[WebServer]                                 >
[WebServer]                                   <div>
[WebServer]                                   <svg
[WebServer]                                     className="absolute pointer-events-none"
[WebServer]                                     style={{
[WebServer] +                                     left: "50%"
[WebServer] -                                     left: "50%"
[WebServer] +                                     top: "50%"
[WebServer] -                                     top: "50%"
[WebServer] +                                     width: 100.00000000000007
[WebServer] -                                     width: "100px"
[WebServer] +                                     height: 158.56406460551014
[WebServer] -                                     height: "158.564px"
[WebServer] +                                     transform: "translate(-80.00000000000007px, -138.56406460551014px)"
[WebServer] -                                     transform: "translate(-80px, -138.564px)"
[WebServer]                                     }}
[WebServer]                                   >
[WebServer]                                     <line
[WebServer]                                       x1={80.00000000000007}
[WebServer] +                                     y1={138.56406460551014}
[WebServer] -                                     y1="138.56406460551017"
[WebServer]                                       x2={0}
[WebServer]                                       y2={0}
[WebServer]                                       stroke="rgba(56, 189, 248, 0.08)"
[WebServer]                                       strokeWidth="1"
[WebServer]                                     >
[WebServer]                               ...
[WebServer]                   ...
[WebServer]  
[WebServer] [browser] THREE.Clock: This module has been deprecated. Please use THREE.Timer instead.
[WebServer] [browser] THREE.Clock: This module has been deprecated. Please use THREE.Timer instead.
  Γ£ô   88 [tablet] ΓÇ║ tests\responsive.spec.ts:33:7 ΓÇ║ Responsive - Mobile ΓÇ║ page scrolls on mobile (4.8s)
  Γ£ô   87 [tablet] ΓÇ║ tests\responsive.spec.ts:23:7 ΓÇ║ Responsive - Mobile ΓÇ║ mobile menu button opens sidebar (8.2s)
  Γ£ô   89 [tablet] ΓÇ║ tests\responsive.spec.ts:45:7 ΓÇ║ Responsive - Tablet ΓÇ║ no horizontal overflow on tablet (5.1s)
  Γ£ô   90 [tablet] ΓÇ║ tests\responsive.spec.ts:52:7 ΓÇ║ Responsive - Tablet ΓÇ║ hero heading is visible on tablet (5.8s)
  Γ£ô   91 [tablet] ΓÇ║ tests\responsive.spec.ts:61:7 ΓÇ║ Responsive - Desktop ΓÇ║ no horizontal overflow on desktop (4.5s)
  Γ£ô   92 [tablet] ΓÇ║ tests\responsive.spec.ts:68:7 ΓÇ║ Responsive - Desktop ΓÇ║ desktop navigation is visible (4.0s)
  Γ£ô   93 [mobile] ΓÇ║ tests\accessibility.spec.ts:9:7 ΓÇ║ Accessibility ΓÇ║ page has lang attribute (2.8s)
  Γ£ô   94 [mobile] ΓÇ║ tests\accessibility.spec.ts:14:7 ΓÇ║ Accessibility ΓÇ║ main landmark is present (2.8s)
[WebServer] [browser] A tree hydrated but some attributes of the server rendered HTML didn't match the client 
properties. This won't be patched up. This can happen if a SSR-ed Client Component used:
[WebServer] 
[WebServer] - A server/client branch `if (typeof window !== 'undefined')`.
[WebServer] - Variable input such as `Date.now()` or `Math.random()` which changes each time it's called.
[WebServer] - Date formatting in a user's locale which doesn't match the server.
[WebServer] - External changing data without sending a snapshot of it along with the HTML.
[WebServer] - Invalid HTML tag nesting.
[WebServer] 
[WebServer] It can also happen if the client has a browser extension installed which messes with the HTML before React 
loaded.
[WebServer] 
[WebServer] https://react.dev/link/hydration-mismatch
[WebServer] 
[WebServer]   ...
[WebServer]     <HotReload globalError={[...]} webSocket={WebSocket} staticIndicatorState={{pathname:null, ...}}>
[WebServer]       <AppDevOverlayErrorBoundary globalError={[...]}>
[WebServer]         <ReplaySsrOnlyErrors>
[WebServer]         <DevRootHTTPAccessFallbackBoundary>
[WebServer]           <HTTPAccessFallbackBoundary notFound={<NotAllowedRootHTTPFallbackError>}>
[WebServer]             <HTTPAccessFallbackErrorBoundary pathname="/" notFound={<NotAllowedRootHTTPFallbackError>} ...>
[WebServer]               <RedirectBoundary>
[WebServer]                 <RedirectErrorBoundary router={{...}}>
[WebServer]                   <Head>
[WebServer]                   <__next_root_layout_boundary__>
[WebServer]                     <SegmentViewNode type="layout" pagePath="layout.tsx">
[WebServer]                       <SegmentTrieNode>
[WebServer]                       <link>
[WebServer]                       <script>
[WebServer]                       <RootLayout>
[WebServer]                         <html lang="en" className="geist_a715..." suppressHydrationWarning={true}>
[WebServer]                           <head>
[WebServer]                           <body
[WebServer]                             style={{
[WebServer] +                             background: "#05070A"
[WebServer] -                             background-image: "initial"
[WebServer] -                             background-position-x: "initial"
[WebServer] -                             background-position-y: "initial"
[WebServer] -                             background-size: "initial"
[WebServer] -                             background-repeat: "initial"
[WebServer] -                             background-attachment: "initial"
[WebServer] -                             background-origin: "initial"
[WebServer] -                             background-clip: "initial"
[WebServer] -                             background-color: "rgb(5, 7, 10)"
[WebServer]                             }}
[WebServer]                           >
[WebServer]                             ...
[WebServer]                               <motion.div>
[WebServer]                               <motion.div>
[WebServer]                               <motion.div>
[WebServer]                               <motion.div>
[WebServer]                               <motion.div initial={{opacity:0,scale:0}} whileInView={{opacity:1,scale:1}} 
...>
[WebServer]                                 <div
[WebServer]                                   className="absolute group cursor-none"
[WebServer]                                   onMouseEnter={function AboutSection[techNodes.map() > 
<motion.div>.onMouseEnter]}
[WebServer]                                   onMouseLeave={function AboutSection[techNodes.map() > 
<motion.div>.onMouseLeave]}
[WebServer]                                   style={{
[WebServer] +                                   left: "calc(50% + -80.00000000000007px - 50px)"
[WebServer] -                                   left: "calc(50% - 130px)"
[WebServer] +                                   top: "calc(50% + -138.56406460551014px - 20px)"
[WebServer] -                                   top: "calc(50% - 158.564px)"
[WebServer] +                                   opacity: 0
[WebServer] -                                   opacity: "0"
[WebServer] +                                   transform: "scale(0)"
[WebServer] -                                   transform: "scale(0)"
[WebServer]                                   }}
[WebServer]                                   ref={function useMotionRef.useCallback}
[WebServer]                                 >
[WebServer]                                   <div>
[WebServer]                                   <svg
[WebServer]                                     className="absolute pointer-events-none"
[WebServer]                                     style={{
[WebServer] +                                     left: "50%"
[WebServer] -                                     left: "50%"
[WebServer] +                                     top: "50%"
[WebServer] -                                     top: "50%"
[WebServer] +                                     width: 100.00000000000007
[WebServer] -                                     width: "100px"
[WebServer] +                                     height: 158.56406460551014
[WebServer] -                                     height: "158.564px"
[WebServer] +                                     transform: "translate(-80.00000000000007px, -138.56406460551014px)"
[WebServer] -                                     transform: "translate(-80px, -138.564px)"
[WebServer]                                     }}
[WebServer]                                   >
[WebServer]                                     <line
[WebServer]                                       x1={80.00000000000007}
[WebServer] +                                     y1={138.56406460551014}
[WebServer] -                                     y1="138.56406460551017"
[WebServer]                                       x2={0}
[WebServer]                                       y2={0}
[WebServer]                                       stroke="rgba(56, 189, 248, 0.08)"
[WebServer]                                       strokeWidth="1"
[WebServer]                                     >
[WebServer]                               ...
[WebServer]                   ...
[WebServer]  
[WebServer] [browser] THREE.Clock: This module has been deprecated. Please use THREE.Timer instead.
  Γ£ô   96 [mobile] ΓÇ║ tests\accessibility.spec.ts:24:7 ΓÇ║ Accessibility ΓÇ║ headings are hierarchical (5.0s)
[WebServer] [browser] A tree hydrated but some attributes of the server rendered HTML didn't match the client 
properties. This won't be patched up. This can happen if a SSR-ed Client Component used:
[WebServer] 
[WebServer] - A server/client branch `if (typeof window !== 'undefined')`.
[WebServer] - Variable input such as `Date.now()` or `Math.random()` which changes each time it's called.
[WebServer] - Date formatting in a user's locale which doesn't match the server.
[WebServer] - External changing data without sending a snapshot of it along with the HTML.
[WebServer] - Invalid HTML tag nesting.
[WebServer] 
[WebServer] It can also happen if the client has a browser extension installed which messes with the HTML before React 
loaded.
[WebServer] 
[WebServer] https://react.dev/link/hydration-mismatch
[WebServer] 
[WebServer]   ...
[WebServer]     <HotReload globalError={[...]} webSocket={WebSocket} staticIndicatorState={{pathname:null, ...}}>
[WebServer]       <AppDevOverlayErrorBoundary globalError={[...]}>
[WebServer]         <ReplaySsrOnlyErrors>
[WebServer]         <DevRootHTTPAccessFallbackBoundary>
[WebServer]           <HTTPAccessFallbackBoundary notFound={<NotAllowedRootHTTPFallbackError>}>
[WebServer]             <HTTPAccessFallbackErrorBoundary pathname="/" notFound={<NotAllowedRootHTTPFallbackError>} ...>
[WebServer]               <RedirectBoundary>
[WebServer]                 <RedirectErrorBoundary router={{...}}>
[WebServer]                   <Head>
[WebServer]                   <__next_root_layout_boundary__>
[WebServer]                     <SegmentViewNode type="layout" pagePath="layout.tsx">
[WebServer]                       <SegmentTrieNode>
[WebServer]                       <link>
[WebServer]                       <script>
[WebServer]                       <RootLayout>
[WebServer]                         <html lang="en" className="geist_a715..." suppressHydrationWarning={true}>
[WebServer]                           <head>
[WebServer]                           <body
[WebServer]                             style={{
[WebServer] +                             background: "#05070A"
[WebServer] -                             background-image: "initial"
[WebServer] -                             background-position-x: "initial"
[WebServer] -                             background-position-y: "initial"
[WebServer] -                             background-size: "initial"
[WebServer] -                             background-repeat: "initial"
[WebServer] -                             background-attachment: "initial"
[WebServer] -                             background-origin: "initial"
[WebServer] -                             background-clip: "initial"
[WebServer] -                             background-color: "rgb(5, 7, 10)"
[WebServer]                             }}
[WebServer]                           >
[WebServer]                             ...
[WebServer]                               <motion.div>
[WebServer]                               <motion.div>
[WebServer]                               <motion.div>
[WebServer]                               <motion.div>
[WebServer]                               <motion.div initial={{opacity:0,scale:0}} whileInView={{opacity:1,scale:1}} 
...>
[WebServer]                                 <div
[WebServer]                                   className="absolute group cursor-none"
[WebServer]                                   onMouseEnter={function AboutSection[techNodes.map() > 
<motion.div>.onMouseEnter]}
[WebServer]                                   onMouseLeave={function AboutSection[techNodes.map() > 
<motion.div>.onMouseLeave]}
[WebServer]                                   style={{
[WebServer] +                                   left: "calc(50% + -80.00000000000007px - 50px)"
[WebServer] -                                   left: "calc(50% - 130px)"
[WebServer] +                                   top: "calc(50% + -138.56406460551014px - 20px)"
[WebServer] -                                   top: "calc(50% - 158.564px)"
[WebServer] +                                   opacity: 0
[WebServer] -                                   opacity: "0"
[WebServer] +                                   transform: "scale(0)"
[WebServer] -                                   transform: "scale(0)"
[WebServer]                                   }}
[WebServer]                                   ref={function useMotionRef.useCallback}
[WebServer]                                 >
[WebServer]                                   <div>
[WebServer]                                   <svg
[WebServer]                                     className="absolute pointer-events-none"
[WebServer]                                     style={{
[WebServer] +                                     left: "50%"
[WebServer] -                                     left: "50%"
[WebServer] +                                     top: "50%"
[WebServer] -                                     top: "50%"
[WebServer] +                                     width: 100.00000000000007
[WebServer] -                                     width: "100px"
[WebServer] +                                     height: 158.56406460551014
[WebServer] -                                     height: "158.564px"
[WebServer] +                                     transform: "translate(-80.00000000000007px, -138.56406460551014px)"
[WebServer] -                                     transform: "translate(-80px, -138.564px)"
[WebServer]                                     }}
[WebServer]                                   >
[WebServer]                                     <line
[WebServer]                                       x1={80.00000000000007}
[WebServer] +                                     y1={138.56406460551014}
[WebServer] -                                     y1="138.56406460551017"
[WebServer]                                       x2={0}
[WebServer]                                       y2={0}
[WebServer]                                       stroke="rgba(56, 189, 248, 0.08)"
[WebServer]                                       strokeWidth="1"
[WebServer]                                     >
[WebServer]                               ...
[WebServer]                   ...
[WebServer]  
  Γ£ÿ   95 [mobile] ΓÇ║ tests\accessibility.spec.ts:19:7 ΓÇ║ Accessibility ΓÇ║ navigation landmark is present (7.9s)
[WebServer] [browser] THREE.Clock: This module has been deprecated. Please use THREE.Timer instead.
  Γ£ô   98 [mobile] ΓÇ║ tests\accessibility.spec.ts:41:7 ΓÇ║ Accessibility ΓÇ║ interactive elements are keyboard accessible (2.1s)
  Γ£ô   99 [mobile] ΓÇ║ tests\functional.spec.ts:9:7 ΓÇ║ Resume ΓÇ║ resume link exists in desktop nav (2.7s)
  Γ£ÿ  100 [mobile] ΓÇ║ tests\functional.spec.ts:17:7 ΓÇ║ Resume ΓÇ║ resume PDF is accessible (857ms)
  Γ£ÿ   97 [mobile] ΓÇ║ tests\accessibility.spec.ts:30:7 ΓÇ║ Accessibility ΓÇ║ form fields have labels (13.5s)
[WebServer] [browser] A tree hydrated but some attributes of the server rendered HTML didn't match the client 
properties. This won't be patched up. This can happen if a SSR-ed Client Component used:
[WebServer] 
[WebServer] - A server/client branch `if (typeof window !== 'undefined')`.
[WebServer] - Variable input such as `Date.now()` or `Math.random()` which changes each time it's called.
[WebServer] - Date formatting in a user's locale which doesn't match the server.
[WebServer] - External changing data without sending a snapshot of it along with the HTML.
[WebServer] - Invalid HTML tag nesting.
[WebServer] 
[WebServer] It can also happen if the client has a browser extension installed which messes with the HTML before React 
loaded.
[WebServer] 
[WebServer] https://react.dev/link/hydration-mismatch
[WebServer] 
[WebServer]   ...
[WebServer]     <HotReload globalError={[...]} webSocket={WebSocket} staticIndicatorState={{pathname:null, ...}}>
[WebServer]       <AppDevOverlayErrorBoundary globalError={[...]}>
[WebServer]         <ReplaySsrOnlyErrors>
[WebServer]         <DevRootHTTPAccessFallbackBoundary>
[WebServer]           <HTTPAccessFallbackBoundary notFound={<NotAllowedRootHTTPFallbackError>}>
[WebServer]             <HTTPAccessFallbackErrorBoundary pathname="/" notFound={<NotAllowedRootHTTPFallbackError>} ...>
[WebServer]               <RedirectBoundary>
[WebServer]                 <RedirectErrorBoundary router={{...}}>
[WebServer]                   <Head>
[WebServer]                   <__next_root_layout_boundary__>
[WebServer]                     <SegmentViewNode type="layout" pagePath="layout.tsx">
[WebServer]                       <SegmentTrieNode>
[WebServer]                       <link>
[WebServer]                       <script>
[WebServer]                       <RootLayout>
[WebServer]                         <html lang="en" className="geist_a715..." suppressHydrationWarning={true}>
[WebServer]                           <head>
[WebServer]                           <body
[WebServer]                             style={{
[WebServer] +                             background: "#05070A"
[WebServer] -                             background-image: "initial"
[WebServer] -                             background-position-x: "initial"
[WebServer] -                             background-position-y: "initial"
[WebServer] -                             background-size: "initial"
[WebServer] -                             background-repeat: "initial"
[WebServer] -                             background-attachment: "initial"
[WebServer] -                             background-origin: "initial"
[WebServer] -                             background-clip: "initial"
[WebServer] -                             background-color: "rgb(5, 7, 10)"
[WebServer]                             }}
[WebServer]                           >
[WebServer]                             ...
[WebServer]                               <motion.div>
[WebServer]                               <motion.div>
[WebServer]                               <motion.div>
[WebServer]                               <motion.div>
[WebServer]                               <motion.div initial={{opacity:0,scale:0}} whileInView={{opacity:1,scale:1}} 
...>
[WebServer]                                 <div
[WebServer]                                   className="absolute group cursor-none"
[WebServer]                                   onMouseEnter={function AboutSection[techNodes.map() > 
<motion.div>.onMouseEnter]}
[WebServer]                                   onMouseLeave={function AboutSection[techNodes.map() > 
<motion.div>.onMouseLeave]}
[WebServer]                                   style={{
[WebServer] +                                   left: "calc(50% + -80.00000000000007px - 50px)"
[WebServer] -                                   left: "calc(50% - 130px)"
[WebServer] +                                   top: "calc(50% + -138.56406460551014px - 20px)"
[WebServer] -                                   top: "calc(50% - 158.564px)"
[WebServer] +                                   opacity: 0
[WebServer] -                                   opacity: "0"
[WebServer] +                                   transform: "scale(0)"
[WebServer] -                                   transform: "scale(0)"
[WebServer]                                   }}
[WebServer]                                   ref={function useMotionRef.useCallback}
[WebServer]                                 >
[WebServer]                                   <div>
[WebServer]                                   <svg
[WebServer]                                     className="absolute pointer-events-none"
[WebServer]                                     style={{
[WebServer] +                                     left: "50%"
[WebServer] -                                     left: "50%"
[WebServer] +                                     top: "50%"
[WebServer] -                                     top: "50%"
[WebServer] +                                     width: 100.00000000000007
[WebServer] -                                     width: "100px"
[WebServer] +                                     height: 158.56406460551014
[WebServer] -                                     height: "158.564px"
[WebServer] +                                     transform: "translate(-80.00000000000007px, -138.56406460551014px)"
[WebServer] -                                     transform: "translate(-80px, -138.564px)"
[WebServer]                                     }}
[WebServer]                                   >
[WebServer]                                     <line
[WebServer]                                       x1={80.00000000000007}
[WebServer] +                                     y1={138.56406460551014}
[WebServer] -                                     y1="138.56406460551017"
[WebServer]                                       x2={0}
[WebServer]                                       y2={0}
[WebServer]                                       stroke="rgba(56, 189, 248, 0.08)"
[WebServer]                                       strokeWidth="1"
[WebServer]                                     >
[WebServer]                               ...
[WebServer]                   ...
[WebServer]  
[WebServer] [browser] THREE.Clock: This module has been deprecated. Please use THREE.Timer instead.
[WebServer] [browser] A tree hydrated but some attributes of the server rendered HTML didn't match the client 
properties. This won't be patched up. This can happen if a SSR-ed Client Component used:
[WebServer] 
[WebServer] - A server/client branch `if (typeof window !== 'undefined')`.
[WebServer] - Variable input such as `Date.now()` or `Math.random()` which changes each time it's called.
[WebServer] - Date formatting in a user's locale which doesn't match the server.
[WebServer] - External changing data without sending a snapshot of it along with the HTML.
[WebServer] - Invalid HTML tag nesting.
[WebServer] 
[WebServer] It can also happen if the client has a browser extension installed which messes with the HTML before React 
loaded.
[WebServer] 
[WebServer] https://react.dev/link/hydration-mismatch
[WebServer] 
[WebServer]   ...
[WebServer]     <HotReload globalError={[...]} webSocket={WebSocket} staticIndicatorState={{pathname:null, ...}}>
[WebServer]       <AppDevOverlayErrorBoundary globalError={[...]}>
[WebServer]         <ReplaySsrOnlyErrors>
[WebServer]         <DevRootHTTPAccessFallbackBoundary>
[WebServer]           <HTTPAccessFallbackBoundary notFound={<NotAllowedRootHTTPFallbackError>}>
[WebServer]             <HTTPAccessFallbackErrorBoundary pathname="/" notFound={<NotAllowedRootHTTPFallbackError>} ...>
[WebServer]               <RedirectBoundary>
[WebServer]                 <RedirectErrorBoundary router={{...}}>
[WebServer]                   <Head>
[WebServer]                   <__next_root_layout_boundary__>
[WebServer]                     <SegmentViewNode type="layout" pagePath="layout.tsx">
[WebServer]                       <SegmentTrieNode>
[WebServer]                       <link>
[WebServer]                       <script>
[WebServer]                       <RootLayout>
[WebServer]                         <html lang="en" className="geist_a715..." suppressHydrationWarning={true}>
[WebServer]                           <head>
[WebServer]                           <body
[WebServer]                             style={{
[WebServer] +                             background: "#05070A"
[WebServer] -                             background-image: "initial"
[WebServer] -                             background-position-x: "initial"
[WebServer] -                             background-position-y: "initial"
[WebServer] -                             background-size: "initial"
[WebServer] -                             background-repeat: "initial"
[WebServer] -                             background-attachment: "initial"
[WebServer] -                             background-origin: "initial"
[WebServer] -                             background-clip: "initial"
[WebServer] -                             background-color: "rgb(5, 7, 10)"
[WebServer]                             }}
[WebServer]                           >
[WebServer]                             ...
[WebServer]                               <motion.div>
[WebServer]                               <motion.div>
[WebServer]                               <motion.div>
[WebServer]                               <motion.div>
[WebServer]                               <motion.div initial={{opacity:0,scale:0}} whileInView={{opacity:1,scale:1}} 
...>
[WebServer]                                 <div
[WebServer]                                   className="absolute group cursor-none"
[WebServer]                                   onMouseEnter={function AboutSection[techNodes.map() > 
<motion.div>.onMouseEnter]}
[WebServer]                                   onMouseLeave={function AboutSection[techNodes.map() > 
<motion.div>.onMouseLeave]}
[WebServer]                                   style={{
[WebServer] +                                   left: "calc(50% + -80.00000000000007px - 50px)"
[WebServer] -                                   left: "calc(50% - 130px)"
[WebServer] +                                   top: "calc(50% + -138.56406460551014px - 20px)"
[WebServer] -                                   top: "calc(50% - 158.564px)"
[WebServer] +                                   opacity: 0
[WebServer] -                                   opacity: "0"
[WebServer] +                                   transform: "scale(0)"
[WebServer] -                                   transform: "scale(0)"
[WebServer]                                   }}
[WebServer]                                   ref={function useMotionRef.useCallback}
[WebServer]                                 >
[WebServer]                                   <div>
[WebServer]                                   <svg
[WebServer]                                     className="absolute pointer-events-none"
[WebServer]                                     style={{
[WebServer] +                                     left: "50%"
[WebServer] -                                     left: "50%"
[WebServer] +                                     top: "50%"
[WebServer] -                                     top: "50%"
[WebServer] +                                     width: 100.00000000000007
[WebServer] -                                     width: "100px"
[WebServer] +                                     height: 158.56406460551014
[WebServer] -                                     height: "158.564px"
[WebServer] +                                     transform: "translate(-80.00000000000007px, -138.56406460551014px)"
[WebServer] -                                     transform: "translate(-80px, -138.564px)"
[WebServer]                                     }}
[WebServer]                                   >
[WebServer]                                     <line
[WebServer]                                       x1={80.00000000000007}
[WebServer] +                                     y1={138.56406460551014}
[WebServer] -                                     y1="138.56406460551017"
[WebServer]                                       x2={0}
[WebServer]                                       y2={0}
[WebServer]                                       stroke="rgba(56, 189, 248, 0.08)"
[WebServer]                                       strokeWidth="1"
[WebServer]                                     >
[WebServer]                               ...
[WebServer]                   ...
[WebServer]  
[WebServer] [browser] THREE.Clock: This module has been deprecated. Please use THREE.Timer instead.
  Γ£ÿ  102 [mobile] ΓÇ║ tests\functional.spec.ts:24:7 ΓÇ║ Contact form ΓÇ║ contact form is visible (12.1s)
  Γ£ÿ  101 [mobile] ΓÇ║ tests\accessibility.spec.ts:51:7 ΓÇ║ Accessibility ΓÇ║ mobile sidebar has aria attributes (11.5s)
[WebServer] [browser] A tree hydrated but some attributes of the server rendered HTML didn't match the client 
properties. This won't be patched up. This can happen if a SSR-ed Client Component used:
[WebServer] 
[WebServer] - A server/client branch `if (typeof window !== 'undefined')`.
[WebServer] - Variable input such as `Date.now()` or `Math.random()` which changes each time it's called.
[WebServer] - Date formatting in a user's locale which doesn't match the server.
[WebServer] - External changing data without sending a snapshot of it along with the HTML.
[WebServer] - Invalid HTML tag nesting.
[WebServer] 
[WebServer] It can also happen if the client has a browser extension installed which messes with the HTML before React 
loaded.
[WebServer] 
[WebServer] https://react.dev/link/hydration-mismatch
[WebServer] 
[WebServer]   ...
[WebServer]     <HotReload globalError={[...]} webSocket={WebSocket} staticIndicatorState={{pathname:null, ...}}>
[WebServer]       <AppDevOverlayErrorBoundary globalError={[...]}>
[WebServer]         <ReplaySsrOnlyErrors>
[WebServer]         <DevRootHTTPAccessFallbackBoundary>
[WebServer]           <HTTPAccessFallbackBoundary notFound={<NotAllowedRootHTTPFallbackError>}>
[WebServer]             <HTTPAccessFallbackErrorBoundary pathname="/" notFound={<NotAllowedRootHTTPFallbackError>} ...>
[WebServer]               <RedirectBoundary>
[WebServer]                 <RedirectErrorBoundary router={{...}}>
[WebServer]                   <Head>
[WebServer]                   <__next_root_layout_boundary__>
[WebServer]                     <SegmentViewNode type="layout" pagePath="layout.tsx">
[WebServer]                       <SegmentTrieNode>
[WebServer]                       <link>
[WebServer]                       <script>
[WebServer]                       <RootLayout>
[WebServer]                         <html lang="en" className="geist_a715..." suppressHydrationWarning={true}>
[WebServer]                           <head>
[WebServer]                           <body
[WebServer]                             style={{
[WebServer] +                             background: "#05070A"
[WebServer] -                             background-image: "initial"
[WebServer] -                             background-position-x: "initial"
[WebServer] -                             background-position-y: "initial"
[WebServer] -                             background-size: "initial"
[WebServer] -                             background-repeat: "initial"
[WebServer] -                             background-attachment: "initial"
[WebServer] -                             background-origin: "initial"
[WebServer] -                             background-clip: "initial"
[WebServer] -                             background-color: "rgb(5, 7, 10)"
[WebServer]                             }}
[WebServer]                           >
[WebServer]                             ...
[WebServer]                               <motion.div>
[WebServer]                               <motion.div>
[WebServer]                               <motion.div>
[WebServer]                               <motion.div>
[WebServer]                               <motion.div initial={{opacity:0,scale:0}} whileInView={{opacity:1,scale:1}} 
...>
[WebServer]                                 <div
[WebServer]                                   className="absolute group cursor-none"
[WebServer]                                   onMouseEnter={function AboutSection[techNodes.map() > 
<motion.div>.onMouseEnter]}
[WebServer]                                   onMouseLeave={function AboutSection[techNodes.map() > 
<motion.div>.onMouseLeave]}
[WebServer]                                   style={{
[WebServer] +                                   left: "calc(50% + -80.00000000000007px - 50px)"
[WebServer] -                                   left: "calc(50% - 130px)"
[WebServer] +                                   top: "calc(50% + -138.56406460551014px - 20px)"
[WebServer] -                                   top: "calc(50% - 158.564px)"
[WebServer] +                                   opacity: 0
[WebServer] -                                   opacity: "0"
[WebServer] +                                   transform: "scale(0)"
[WebServer] -                                   transform: "scale(0)"
[WebServer]                                   }}
[WebServer]                                   ref={function useMotionRef.useCallback}
[WebServer]                                 >
[WebServer]                                   <div>
[WebServer]                                   <svg
[WebServer]                                     className="absolute pointer-events-none"
[WebServer]                                     style={{
[WebServer] +                                     left: "50%"
[WebServer] -                                     left: "50%"
[WebServer] +                                     top: "50%"
[WebServer] -                                     top: "50%"
[WebServer] +                                     width: 100.00000000000007
[WebServer] -                                     width: "100px"
[WebServer] +                                     height: 158.56406460551014
[WebServer] -                                     height: "158.564px"
[WebServer] +                                     transform: "translate(-80.00000000000007px, -138.56406460551014px)"
[WebServer] -                                     transform: "translate(-80px, -138.564px)"
[WebServer]                                     }}
[WebServer]                                   >
[WebServer]                                     <line
[WebServer]                                       x1={80.00000000000007}
[WebServer] +                                     y1={138.56406460551014}
[WebServer] -                                     y1="138.56406460551017"
[WebServer]                                       x2={0}
[WebServer]                                       y2={0}
[WebServer]                                       stroke="rgba(56, 189, 248, 0.08)"
[WebServer]                                       strokeWidth="1"
[WebServer]                                     >
[WebServer]                               ...
[WebServer]                   ...
[WebServer]  
[WebServer] [browser] THREE.Clock: This module has been deprecated. Please use THREE.Timer instead.
  Γ£ô  103 [mobile] ΓÇ║ tests\functional.spec.ts:35:7 ΓÇ║ Contact form ΓÇ║ contact form validates empty submission (9.5s)
[WebServer] [browser] A tree hydrated but some attributes of the server rendered HTML didn't match the client 
properties. This won't be patched up. This can happen if a SSR-ed Client Component used:
[WebServer] 
[WebServer] - A server/client branch `if (typeof window !== 'undefined')`.
[WebServer] - Variable input such as `Date.now()` or `Math.random()` which changes each time it's called.
[WebServer] - Date formatting in a user's locale which doesn't match the server.
[WebServer] - External changing data without sending a snapshot of it along with the HTML.
[WebServer] - Invalid HTML tag nesting.
[WebServer] 
[WebServer] It can also happen if the client has a browser extension installed which messes with the HTML before React 
loaded.
[WebServer] 
[WebServer] https://react.dev/link/hydration-mismatch
[WebServer] 
[WebServer]   ...
[WebServer]     <ClientPageRoot Component={function Home} serverProvidedParams={{...}}>
[WebServer]       <Home params={Promise} searchParams={Promise}>
[WebServer]         <CursorProvider>
[WebServer]           <BootSequence>
[WebServer]           <CustomCursor>
[WebServer]           <div>
[WebServer]           <Scene>
[WebServer]           <NavigationHUD>
[WebServer]           <ScrollIndicator>
[WebServer]           <main className="content-layer" style={{opacity:0, ...}}>
[WebServer]             <HeroSection>
[WebServer]             <AboutSection>
[WebServer]               <section id="about" className="relative p...">
[WebServer]                 <div>
[WebServer]                 <div className="relative z...">
[WebServer]                   <SectionLabel>
[WebServer]                   <div className="grid grid-...">
[WebServer]                     <motion.div>
[WebServer]                     <motion.div initial={{opacity:0,x:30}} whileInView={{opacity:1,x:0}} 
viewport={{once:true}} ...>
[WebServer]                       <div className="relative h..." style={{opacity:0, ...}} ref={function 
useMotionRef.useCallback}>
[WebServer]                         <div>
[WebServer]                         <motion.div>
[WebServer]                         <motion.div>
[WebServer]                         <motion.div>
[WebServer]                         <motion.div>
[WebServer]                         <motion.div initial={{opacity:0,scale:0}} whileInView={{opacity:1,scale:1}} ...>
[WebServer]                           <div
[WebServer]                             className="absolute group cursor-none"
[WebServer]                             onMouseEnter={function AboutSection[techNodes.map() > 
<motion.div>.onMouseEnter]}
[WebServer]                             onMouseLeave={function AboutSection[techNodes.map() > 
<motion.div>.onMouseLeave]}
[WebServer]                             style={{
[WebServer] +                             left: "calc(50% + -80.00000000000007px - 50px)"
[WebServer] -                             left: "calc(50% - 130px)"
[WebServer] +                             top: "calc(50% + -138.56406460551014px - 20px)"
[WebServer] -                             top: "calc(50% - 158.564px)"
[WebServer] +                             opacity: 0
[WebServer] -                             opacity: "0"
[WebServer] +                             transform: "scale(0)"
[WebServer] -                             transform: "scale(0)"
[WebServer]                             }}
[WebServer]                             ref={function useMotionRef.useCallback}
[WebServer]                           >
[WebServer]                             <div>
[WebServer]                             <svg
[WebServer]                               className="absolute pointer-events-none"
[WebServer]                               style={{
[WebServer] +                               left: "50%"
[WebServer] -                               left: "50%"
[WebServer] +                               top: "50%"
[WebServer] -                               top: "50%"
[WebServer] +                               width: 100.00000000000007
[WebServer] -                               width: "100px"
[WebServer] +                               height: 158.56406460551014
[WebServer] -                               height: "158.564px"
[WebServer] +                               transform: "translate(-80.00000000000007px, -138.56406460551014px)"
[WebServer] -                               transform: "translate(-80px, -138.564px)"
[WebServer]                               }}
[WebServer]                             >
[WebServer]                               <line
[WebServer]                                 x1={80.00000000000007}
[WebServer] +                               y1={138.56406460551014}
[WebServer] -                               y1="138.56406460551017"
[WebServer]                                 x2={0}
[WebServer]                                 y2={0}
[WebServer]                                 stroke="rgba(56, 189, 248, 0.08)"
[WebServer]                                 strokeWidth="1"
[WebServer]                               >
[WebServer]                         ...
[WebServer]                     ...
[WebServer]             ...
[WebServer]  
[WebServer] [browser] A tree hydrated but some attributes of the server rendered HTML didn't match the client 
properties. This won't be patched up. This can happen if a SSR-ed Client Component used:
[WebServer] 
[WebServer] - A server/client branch `if (typeof window !== 'undefined')`.
[WebServer] - Variable input such as `Date.now()` or `Math.random()` which changes each time it's called.
[WebServer] - Date formatting in a user's locale which doesn't match the server.
[WebServer] - External changing data without sending a snapshot of it along with the HTML.
[WebServer] - Invalid HTML tag nesting.
[WebServer] 
[WebServer] It can also happen if the client has a browser extension installed which messes with the HTML before React 
loaded.
[WebServer] 
[WebServer] https://react.dev/link/hydration-mismatch
[WebServer] 
[WebServer]   ...
[WebServer]     <HotReload globalError={[...]} webSocket={WebSocket} staticIndicatorState={{pathname:null, ...}}>
[WebServer]       <AppDevOverlayErrorBoundary globalError={[...]}>
[WebServer]         <ReplaySsrOnlyErrors>
[WebServer]         <DevRootHTTPAccessFallbackBoundary>
[WebServer]           <HTTPAccessFallbackBoundary notFound={<NotAllowedRootHTTPFallbackError>}>
[WebServer]             <HTTPAccessFallbackErrorBoundary pathname="/" notFound={<NotAllowedRootHTTPFallbackError>} ...>
[WebServer]               <RedirectBoundary>
[WebServer]                 <RedirectErrorBoundary router={{...}}>
[WebServer]                   <Head>
[WebServer]                   <__next_root_layout_boundary__>
[WebServer]                     <SegmentViewNode type="layout" pagePath="layout.tsx">
[WebServer]                       <SegmentTrieNode>
[WebServer]                       <link>
[WebServer]                       <script>
[WebServer]                       <RootLayout>
[WebServer]                         <html lang="en" className="geist_a715..." suppressHydrationWarning={true}>
[WebServer]                           <head>
[WebServer]                           <body
[WebServer]                             style={{
[WebServer] +                             background: "#05070A"
[WebServer] -                             background-image: "initial"
[WebServer] -                             background-position-x: "initial"
[WebServer] -                             background-position-y: "initial"
[WebServer] -                             background-size: "initial"
[WebServer] -                             background-repeat: "initial"
[WebServer] -                             background-attachment: "initial"
[WebServer] -                             background-origin: "initial"
[WebServer] -                             background-clip: "initial"
[WebServer] -                             background-color: "rgb(5, 7, 10)"
[WebServer]                             }}
[WebServer]                           >
[WebServer]                             ...
[WebServer]                               <motion.div>
[WebServer]                               <motion.div>
[WebServer]                               <motion.div>
[WebServer]                               <motion.div>
[WebServer]                               <motion.div initial={{opacity:0,scale:0}} whileInView={{opacity:1,scale:1}} 
...>
[WebServer]                                 <div
[WebServer]                                   className="absolute group cursor-none"
[WebServer]                                   onMouseEnter={function AboutSection[techNodes.map() > 
<motion.div>.onMouseEnter]}
[WebServer]                                   onMouseLeave={function AboutSection[techNodes.map() > 
<motion.div>.onMouseLeave]}
[WebServer]                                   style={{
[WebServer] +                                   left: "calc(50% + -80.00000000000007px - 50px)"
[WebServer] -                                   left: "calc(50% - 130px)"
[WebServer] +                                   top: "calc(50% + -138.56406460551014px - 20px)"
[WebServer] -                                   top: "calc(50% - 158.564px)"
[WebServer] +                                   opacity: 0
[WebServer] -                                   opacity: "0"
[WebServer] +                                   transform: "scale(0)"
[WebServer] -                                   transform: "scale(0)"
[WebServer]                                   }}
[WebServer]                                   ref={function useMotionRef.useCallback}
[WebServer]                                 >
[WebServer]                                   <div>
[WebServer]                                   <svg
[WebServer]                                     className="absolute pointer-events-none"
[WebServer]                                     style={{
[WebServer] +                                     left: "50%"
[WebServer] -                                     left: "50%"
[WebServer] +                                     top: "50%"
[WebServer] -                                     top: "50%"
[WebServer] +                                     width: 100.00000000000007
[WebServer] -                                     width: "100px"
[WebServer] +                                     height: 158.56406460551014
[WebServer] -                                     height: "158.564px"
[WebServer] +                                     transform: "translate(-80.00000000000007px, -138.56406460551014px)"
[WebServer] -                                     transform: "translate(-80px, -138.564px)"
[WebServer]                                     }}
[WebServer]                                   >
[WebServer]                                     <line
[WebServer]                                       x1={80.00000000000007}
[WebServer] +                                     y1={138.56406460551014}
[WebServer] -                                     y1="138.56406460551017"
[WebServer]                                       x2={0}
[WebServer]                                       y2={0}
[WebServer]                                       stroke="rgba(56, 189, 248, 0.08)"
[WebServer]                                       strokeWidth="1"
[WebServer]                                     >
[WebServer]                               ...
[WebServer]                   ...
[WebServer]  
[WebServer] [browser] A tree hydrated but some attributes of the server rendered HTML didn't match the client 
properties. This won't be patched up. This can happen if a SSR-ed Client Component used:
[WebServer] 
[WebServer] - A server/client branch `if (typeof window !== 'undefined')`.
[WebServer] - Variable input such as `Date.now()` or `Math.random()` which changes each time it's called.
[WebServer] - Date formatting in a user's locale which doesn't match the server.
[WebServer] - External changing data without sending a snapshot of it along with the HTML.
[WebServer] - Invalid HTML tag nesting.
[WebServer] 
[WebServer] It can also happen if the client has a browser extension installed which messes with the HTML before React 
loaded.
[WebServer] 
[WebServer] https://react.dev/link/hydration-mismatch
[WebServer] 
[WebServer]   ...
[WebServer]     <ClientPageRoot Component={function Home} serverProvidedParams={{...}}>
[WebServer]       <Home params={Promise} searchParams={Promise}>
[WebServer]         <CursorProvider>
[WebServer]           <BootSequence>
[WebServer]           <CustomCursor>
[WebServer]           <div>
[WebServer]           <Scene>
[WebServer]           <NavigationHUD>
[WebServer]           <ScrollIndicator>
[WebServer]           <main className="content-layer" style={{opacity:0, ...}}>
[WebServer]             <HeroSection>
[WebServer]             <AboutSection>
[WebServer]               <section id="about" className="relative p...">
[WebServer]                 <div>
[WebServer]                 <div className="relative z...">
[WebServer]                   <SectionLabel>
[WebServer]                   <div className="grid grid-...">
[WebServer]                     <motion.div>
[WebServer]                     <motion.div initial={{opacity:0,x:30}} whileInView={{opacity:1,x:0}} 
viewport={{once:true}} ...>
[WebServer]                       <div className="relative h..." style={{opacity:0, ...}} ref={function 
useMotionRef.useCallback}>
[WebServer]                         <div>
[WebServer]                         <motion.div>
[WebServer]                         <motion.div>
[WebServer]                         <motion.div>
[WebServer]                         <motion.div>
[WebServer]                         <motion.div initial={{opacity:0,scale:0}} whileInView={{opacity:1,scale:1}} ...>
[WebServer]                           <div
[WebServer]                             className="absolute group cursor-none"
[WebServer]                             onMouseEnter={function AboutSection[techNodes.map() > 
<motion.div>.onMouseEnter]}
[WebServer]                             onMouseLeave={function AboutSection[techNodes.map() > 
<motion.div>.onMouseLeave]}
[WebServer]                             style={{
[WebServer] +                             left: "calc(50% + -80.00000000000007px - 50px)"
[WebServer] -                             left: "calc(50% - 130px)"
[WebServer] +                             top: "calc(50% + -138.56406460551014px - 20px)"
[WebServer] -                             top: "calc(50% - 158.564px)"
[WebServer] +                             opacity: 0
[WebServer] -                             opacity: "0"
[WebServer] +                             transform: "scale(0)"
[WebServer] -                             transform: "scale(0)"
[WebServer]                             }}
[WebServer]                             ref={function useMotionRef.useCallback}
[WebServer]                           >
[WebServer]                             <div>
[WebServer]                             <svg
[WebServer]                               className="absolute pointer-events-none"
[WebServer]                               style={{
[WebServer] +                               left: "50%"
[WebServer] -                               left: "50%"
[WebServer] +                               top: "50%"
[WebServer] -                               top: "50%"
[WebServer] +                               width: 100.00000000000007
[WebServer] -                               width: "100px"
[WebServer] +                               height: 158.56406460551014
[WebServer] -                               height: "158.564px"
[WebServer] +                               transform: "translate(-80.00000000000007px, -138.56406460551014px)"
[WebServer] -                               transform: "translate(-80px, -138.564px)"
[WebServer]                               }}
[WebServer]                             >
[WebServer]                               <line
[WebServer]                                 x1={80.00000000000007}
[WebServer] +                               y1={138.56406460551014}
[WebServer] -                               y1="138.56406460551017"
[WebServer]                                 x2={0}
[WebServer]                                 y2={0}
[WebServer]                                 stroke="rgba(56, 189, 248, 0.08)"
[WebServer]                                 strokeWidth="1"
[WebServer]                               >
[WebServer]                         ...
[WebServer]                     ...
[WebServer]             ...
[WebServer]  
[WebServer] [browser] THREE.Clock: This module has been deprecated. Please use THREE.Timer instead.
[WebServer] [browser] THREE.Clock: This module has been deprecated. Please use THREE.Timer instead.
[WebServer] [browser] THREE.Clock: This module has been deprecated. Please use THREE.Timer instead.
  Γ£ô  106 [mobile] ΓÇ║ tests\functional.spec.ts:76:7 ΓÇ║ Sections ΓÇ║ all major sections exist (8.8s)
[WebServer] [browser] A tree hydrated but some attributes of the server rendered HTML didn't match the client 
properties. This won't be patched up. This can happen if a SSR-ed Client Component used:
[WebServer] 
[WebServer] - A server/client branch `if (typeof window !== 'undefined')`.
[WebServer] - Variable input such as `Date.now()` or `Math.random()` which changes each time it's called.
[WebServer] - Date formatting in a user's locale which doesn't match the server.
[WebServer] - External changing data without sending a snapshot of it along with the HTML.
[WebServer] - Invalid HTML tag nesting.
[WebServer] 
[WebServer] It can also happen if the client has a browser extension installed which messes with the HTML before React 
loaded.
[WebServer] 
[WebServer] https://react.dev/link/hydration-mismatch
[WebServer] 
[WebServer]   ...
[WebServer]     <HotReload globalError={[...]} webSocket={WebSocket} staticIndicatorState={{pathname:null, ...}}>
[WebServer]       <AppDevOverlayErrorBoundary globalError={[...]}>
[WebServer]         <ReplaySsrOnlyErrors>
[WebServer]         <DevRootHTTPAccessFallbackBoundary>
[WebServer]           <HTTPAccessFallbackBoundary notFound={<NotAllowedRootHTTPFallbackError>}>
[WebServer]             <HTTPAccessFallbackErrorBoundary pathname="/" notFound={<NotAllowedRootHTTPFallbackError>} ...>
[WebServer]               <RedirectBoundary>
[WebServer]                 <RedirectErrorBoundary router={{...}}>
[WebServer]                   <Head>
[WebServer]                   <__next_root_layout_boundary__>
[WebServer]                     <SegmentViewNode type="layout" pagePath="layout.tsx">
[WebServer]                       <SegmentTrieNode>
[WebServer]                       <link>
[WebServer]                       <script>
[WebServer]                       <RootLayout>
[WebServer]                         <html lang="en" className="geist_a715..." suppressHydrationWarning={true}>
[WebServer]                           <head>
[WebServer]                           <body
[WebServer]                             style={{
[WebServer] +                             background: "#05070A"
[WebServer] -                             background-image: "initial"
[WebServer] -                             background-position-x: "initial"
[WebServer] -                             background-position-y: "initial"
[WebServer] -                             background-size: "initial"
[WebServer] -                             background-repeat: "initial"
[WebServer] -                             background-attachment: "initial"
[WebServer] -                             background-origin: "initial"
[WebServer] -                             background-clip: "initial"
[WebServer] -                             background-color: "rgb(5, 7, 10)"
[WebServer]                             }}
[WebServer]                           >
[WebServer]                             ...
[WebServer]                               <motion.div>
[WebServer]                               <motion.div>
[WebServer]                               <motion.div>
[WebServer]                               <motion.div>
[WebServer]                               <motion.div initial={{opacity:0,scale:0}} whileInView={{opacity:1,scale:1}} 
...>
[WebServer]                                 <div
[WebServer]                                   className="absolute group cursor-none"
[WebServer]                                   onMouseEnter={function AboutSection[techNodes.map() > 
<motion.div>.onMouseEnter]}
[WebServer]                                   onMouseLeave={function AboutSection[techNodes.map() > 
<motion.div>.onMouseLeave]}
[WebServer]                                   style={{
[WebServer] +                                   left: "calc(50% + -80.00000000000007px - 50px)"
[WebServer] -                                   left: "calc(50% - 130px)"
[WebServer] +                                   top: "calc(50% + -138.56406460551014px - 20px)"
[WebServer] -                                   top: "calc(50% - 158.564px)"
[WebServer] +                                   opacity: 0
[WebServer] -                                   opacity: "0"
[WebServer] +                                   transform: "scale(0)"
[WebServer] -                                   transform: "scale(0)"
[WebServer]                                   }}
[WebServer]                                   ref={function useMotionRef.useCallback}
[WebServer]                                 >
[WebServer]                                   <div>
[WebServer]                                   <svg
[WebServer]                                     className="absolute pointer-events-none"
[WebServer]                                     style={{
[WebServer] +                                     left: "50%"
[WebServer] -                                     left: "50%"
[WebServer] +                                     top: "50%"
[WebServer] -                                     top: "50%"
[WebServer] +                                     width: 100.00000000000007
[WebServer] -                                     width: "100px"
[WebServer] +                                     height: 158.56406460551014
[WebServer] -                                     height: "158.564px"
[WebServer] +                                     transform: "translate(-80.00000000000007px, -138.56406460551014px)"
[WebServer] -                                     transform: "translate(-80px, -138.564px)"
[WebServer]                                     }}
[WebServer]                                   >
[WebServer]                                     <line
[WebServer]                                       x1={80.00000000000007}
[WebServer] +                                     y1={138.56406460551014}
[WebServer] -                                     y1="138.56406460551017"
[WebServer]                                       x2={0}
[WebServer]                                       y2={0}
[WebServer]                                       stroke="rgba(56, 189, 248, 0.08)"
[WebServer]                                       strokeWidth="1"
[WebServer]                                     >
[WebServer]                               ...
[WebServer]                   ...
[WebServer]  
[WebServer] [browser] THREE.Clock: This module has been deprecated. Please use THREE.Timer instead.
  Γ£ÿ  107 [mobile] ΓÇ║ tests\functional.spec.ts:88:7 ΓÇ║ Sections ΓÇ║ QA Lab section displays stages (20.5s)
  Γ£ÿ  104 [mobile] ΓÇ║ tests\functional.spec.ts:45:7 ΓÇ║ Contact form ΓÇ║ contact form validates invalid email (1.0m)
  Γ£ÿ  105 [mobile] ΓÇ║ tests\functional.spec.ts:59:7 ΓÇ║ Contact form ΓÇ║ contact form accepts valid email (1.0m)
[WebServer] [browser] A tree hydrated but some attributes of the server rendered HTML didn't match the client 
properties. This won't be patched up. This can happen if a SSR-ed Client Component used:
[WebServer] 
[WebServer] - A server/client branch `if (typeof window !== 'undefined')`.
[WebServer] - Variable input such as `Date.now()` or `Math.random()` which changes each time it's called.
[WebServer] - Date formatting in a user's locale which doesn't match the server.
[WebServer] - External changing data without sending a snapshot of it along with the HTML.
[WebServer] - Invalid HTML tag nesting.
[WebServer] 
[WebServer] It can also happen if the client has a browser extension installed which messes with the HTML before React 
loaded.
[WebServer] 
[WebServer] https://react.dev/link/hydration-mismatch
[WebServer] 
[WebServer]   ...
[WebServer]     <HotReload globalError={[...]} webSocket={WebSocket} staticIndicatorState={{pathname:null, ...}}>
[WebServer]       <AppDevOverlayErrorBoundary globalError={[...]}>
[WebServer]         <ReplaySsrOnlyErrors>
[WebServer]         <DevRootHTTPAccessFallbackBoundary>
[WebServer]           <HTTPAccessFallbackBoundary notFound={<NotAllowedRootHTTPFallbackError>}>
[WebServer]             <HTTPAccessFallbackErrorBoundary pathname="/" notFound={<NotAllowedRootHTTPFallbackError>} ...>
[WebServer]               <RedirectBoundary>
[WebServer]                 <RedirectErrorBoundary router={{...}}>
[WebServer]                   <Head>
[WebServer]                   <__next_root_layout_boundary__>
[WebServer]                     <SegmentViewNode type="layout" pagePath="layout.tsx">
[WebServer]                       <SegmentTrieNode>
[WebServer]                       <link>
[WebServer]                       <script>
[WebServer]                       <RootLayout>
[WebServer]                         <html lang="en" className="geist_a715..." suppressHydrationWarning={true}>
[WebServer]                           <head>
[WebServer]                           <body
[WebServer]                             style={{
[WebServer] +                             background: "#05070A"
[WebServer] -                             background-image: "initial"
[WebServer] -                             background-position-x: "initial"
[WebServer] -                             background-position-y: "initial"
[WebServer] -                             background-size: "initial"
[WebServer] -                             background-repeat: "initial"
[WebServer] -                             background-attachment: "initial"
[WebServer] -                             background-origin: "initial"
[WebServer] -                             background-clip: "initial"
[WebServer] -                             background-color: "rgb(5, 7, 10)"
[WebServer]                             }}
[WebServer]                           >
[WebServer]                             ...
[WebServer]                               <motion.div>
[WebServer]                               <motion.div>
[WebServer]                               <motion.div>
[WebServer]                               <motion.div>
[WebServer]                               <motion.div initial={{opacity:0,scale:0}} whileInView={{opacity:1,scale:1}} 
...>
[WebServer]                                 <div
[WebServer]                                   className="absolute group cursor-none"
[WebServer]                                   onMouseEnter={function AboutSection[techNodes.map() > 
<motion.div>.onMouseEnter]}
[WebServer]                                   onMouseLeave={function AboutSection[techNodes.map() > 
<motion.div>.onMouseLeave]}
[WebServer]                                   style={{
[WebServer] +                                   left: "calc(50% + -80.00000000000007px - 50px)"
[WebServer] -                                   left: "calc(50% - 130px)"
[WebServer] +                                   top: "calc(50% + -138.56406460551014px - 20px)"
[WebServer] -                                   top: "calc(50% - 158.564px)"
[WebServer] +                                   opacity: 0
[WebServer] -                                   opacity: "0"
[WebServer] +                                   transform: "scale(0)"
[WebServer] -                                   transform: "scale(0)"
[WebServer]                                   }}
[WebServer]                                   ref={function useMotionRef.useCallback}
[WebServer]                                 >
[WebServer]                                   <div>
[WebServer]                                   <svg
[WebServer]                                     className="absolute pointer-events-none"
[WebServer]                                     style={{
[WebServer] +                                     left: "50%"
[WebServer] -                                     left: "50%"
[WebServer] +                                     top: "50%"
[WebServer] -                                     top: "50%"
[WebServer] +                                     width: 100.00000000000007
[WebServer] -                                     width: "100px"
[WebServer] +                                     height: 158.56406460551014
[WebServer] -                                     height: "158.564px"
[WebServer] +                                     transform: "translate(-80.00000000000007px, -138.56406460551014px)"
[WebServer] -                                     transform: "translate(-80px, -138.564px)"
[WebServer]                                     }}
[WebServer]                                   >
[WebServer]                                     <line
[WebServer]                                       x1={80.00000000000007}
[WebServer] +                                     y1={138.56406460551014}
[WebServer] -                                     y1="138.56406460551017"
[WebServer]                                       x2={0}
[WebServer]                                       y2={0}
[WebServer]                                       stroke="rgba(56, 189, 248, 0.08)"
[WebServer]                                       strokeWidth="1"
[WebServer]                                     >
[WebServer]                               ...
[WebServer]                   ...
[WebServer]  
[WebServer] [browser] THREE.Clock: This module has been deprecated. Please use THREE.Timer instead.
  Γ£ô  109 [mobile] ΓÇ║ tests\functional.spec.ts:108:7 ΓÇ║ Branding ΓÇ║ Full Stack Developer is not present (2.6s)
[WebServer] [browser] A tree hydrated but some attributes of the server rendered HTML didn't match the client 
properties. This won't be patched up. This can happen if a SSR-ed Client Component used:
[WebServer] 
[WebServer] - A server/client branch `if (typeof window !== 'undefined')`.
[WebServer] - Variable input such as `Date.now()` or `Math.random()` which changes each time it's called.
[WebServer] - Date formatting in a user's locale which doesn't match the server.
[WebServer] - External changing data without sending a snapshot of it along with the HTML.
[WebServer] - Invalid HTML tag nesting.
[WebServer] 
[WebServer] It can also happen if the client has a browser extension installed which messes with the HTML before React 
loaded.
[WebServer] 
[WebServer] https://react.dev/link/hydration-mismatch
[WebServer] 
[WebServer]   ...
[WebServer]     <HotReload globalError={[...]} webSocket={WebSocket} staticIndicatorState={{pathname:null, ...}}>
[WebServer]       <AppDevOverlayErrorBoundary globalError={[...]}>
[WebServer]         <ReplaySsrOnlyErrors>
[WebServer]         <DevRootHTTPAccessFallbackBoundary>
[WebServer]           <HTTPAccessFallbackBoundary notFound={<NotAllowedRootHTTPFallbackError>}>
[WebServer]             <HTTPAccessFallbackErrorBoundary pathname="/" notFound={<NotAllowedRootHTTPFallbackError>} ...>
[WebServer]               <RedirectBoundary>
[WebServer]                 <RedirectErrorBoundary router={{...}}>
[WebServer]                   <Head>
[WebServer]                   <__next_root_layout_boundary__>
[WebServer]                     <SegmentViewNode type="layout" pagePath="layout.tsx">
[WebServer]                       <SegmentTrieNode>
[WebServer]                       <link>
[WebServer]                       <script>
[WebServer]                       <RootLayout>
[WebServer]                         <html lang="en" className="geist_a715..." suppressHydrationWarning={true}>
[WebServer]                           <head>
[WebServer]                           <body
[WebServer]                             style={{
[WebServer] +                             background: "#05070A"
[WebServer] -                             background-image: "initial"
[WebServer] -                             background-position-x: "initial"
[WebServer] -                             background-position-y: "initial"
[WebServer] -                             background-size: "initial"
[WebServer] -                             background-repeat: "initial"
[WebServer] -                             background-attachment: "initial"
[WebServer] -                             background-origin: "initial"
[WebServer] -                             background-clip: "initial"
[WebServer] -                             background-color: "rgb(5, 7, 10)"
[WebServer]                             }}
[WebServer]                           >
[WebServer]                             ...
[WebServer]                               <motion.div>
[WebServer]                               <motion.div>
[WebServer]                               <motion.div>
[WebServer]                               <motion.div>
[WebServer]                               <motion.div initial={{opacity:0,scale:0}} whileInView={{opacity:1,scale:1}} 
...>
[WebServer]                                 <div
[WebServer]                                   className="absolute group cursor-none"
[WebServer]                                   onMouseEnter={function AboutSection[techNodes.map() > 
<motion.div>.onMouseEnter]}
[WebServer]                                   onMouseLeave={function AboutSection[techNodes.map() > 
<motion.div>.onMouseLeave]}
[WebServer]                                   style={{
[WebServer] +                                   left: "calc(50% + -80.00000000000007px - 50px)"
[WebServer] -                                   left: "calc(50% - 130px)"
[WebServer] +                                   top: "calc(50% + -138.56406460551014px - 20px)"
[WebServer] -                                   top: "calc(50% - 158.564px)"
[WebServer] +                                   opacity: 0
[WebServer] -                                   opacity: "0"
[WebServer] +                                   transform: "scale(0)"
[WebServer] -                                   transform: "scale(0)"
[WebServer]                                   }}
[WebServer]                                   ref={function useMotionRef.useCallback}
[WebServer]                                 >
[WebServer]                                   <div>
[WebServer]                                   <svg
[WebServer]                                     className="absolute pointer-events-none"
[WebServer]                                     style={{
[WebServer] +                                     left: "50%"
[WebServer] -                                     left: "50%"
[WebServer] +                                     top: "50%"
[WebServer] -                                     top: "50%"
[WebServer] +                                     width: 100.00000000000007
[WebServer] -                                     width: "100px"
[WebServer] +                                     height: 158.56406460551014
[WebServer] -                                     height: "158.564px"
[WebServer] +                                     transform: "translate(-80.00000000000007px, -138.56406460551014px)"
[WebServer] -                                     transform: "translate(-80px, -138.564px)"
[WebServer]                                     }}
[WebServer]                                   >
[WebServer]                                     <line
[WebServer]                                       x1={80.00000000000007}
[WebServer] +                                     y1={138.56406460551014}
[WebServer] -                                     y1="138.56406460551017"
[WebServer]                                       x2={0}
[WebServer]                                       y2={0}
[WebServer]                                       stroke="rgba(56, 189, 248, 0.08)"
[WebServer]                                       strokeWidth="1"
[WebServer]                                     >
[WebServer]                               ...
[WebServer]                   ...
[WebServer]  
  Γ£ÿ  108 [mobile] ΓÇ║ tests\functional.spec.ts:98:7 ΓÇ║ Sections ΓÇ║ projects section shows project cards (6.3s)
  Γ£ô  111 [mobile] ΓÇ║ tests\functional.spec.ts:125:7 ΓÇ║ 404 ΓÇ║ shows 404 for non-existent page (2.4s)
[WebServer] [browser] THREE.Clock: This module has been deprecated. Please use THREE.Timer instead.
[WebServer] [browser] A tree hydrated but some attributes of the server rendered HTML didn't match the client 
properties. This won't be patched up. This can happen if a SSR-ed Client Component used:
[WebServer] 
[WebServer] - A server/client branch `if (typeof window !== 'undefined')`.
[WebServer] - Variable input such as `Date.now()` or `Math.random()` which changes each time it's called.
[WebServer] - Date formatting in a user's locale which doesn't match the server.
[WebServer] - External changing data without sending a snapshot of it along with the HTML.
[WebServer] - Invalid HTML tag nesting.
[WebServer] 
[WebServer] It can also happen if the client has a browser extension installed which messes with the HTML before React 
loaded.
[WebServer] 
[WebServer] https://react.dev/link/hydration-mismatch
[WebServer] 
[WebServer]   ...
[WebServer]     <HotReload globalError={[...]} webSocket={WebSocket} staticIndicatorState={{pathname:null, ...}}>
[WebServer]       <AppDevOverlayErrorBoundary globalError={[...]}>
[WebServer]         <ReplaySsrOnlyErrors>
[WebServer]         <DevRootHTTPAccessFallbackBoundary>
[WebServer]           <HTTPAccessFallbackBoundary notFound={<NotAllowedRootHTTPFallbackError>}>
[WebServer]             <HTTPAccessFallbackErrorBoundary pathname="/" notFound={<NotAllowedRootHTTPFallbackError>} ...>
[WebServer]               <RedirectBoundary>
[WebServer]                 <RedirectErrorBoundary router={{...}}>
[WebServer]                   <Head>
[WebServer]                   <__next_root_layout_boundary__>
[WebServer]                     <SegmentViewNode type="layout" pagePath="layout.tsx">
[WebServer]                       <SegmentTrieNode>
[WebServer]                       <link>
[WebServer]                       <script>
[WebServer]                       <RootLayout>
[WebServer]                         <html lang="en" className="geist_a715..." suppressHydrationWarning={true}>
[WebServer]                           <head>
[WebServer]                           <body
[WebServer]                             style={{
[WebServer] +                             background: "#05070A"
[WebServer] -                             background-image: "initial"
[WebServer] -                             background-position-x: "initial"
[WebServer] -                             background-position-y: "initial"
[WebServer] -                             background-size: "initial"
[WebServer] -                             background-repeat: "initial"
[WebServer] -                             background-attachment: "initial"
[WebServer] -                             background-origin: "initial"
[WebServer] -                             background-clip: "initial"
[WebServer] -                             background-color: "rgb(5, 7, 10)"
[WebServer]                             }}
[WebServer]                           >
[WebServer]                             ...
[WebServer]                               <motion.div>
[WebServer]                               <motion.div>
[WebServer]                               <motion.div>
[WebServer]                               <motion.div>
[WebServer]                               <motion.div initial={{opacity:0,scale:0}} whileInView={{opacity:1,scale:1}} 
...>
[WebServer]                                 <div
[WebServer]                                   className="absolute group cursor-none"
[WebServer]                                   onMouseEnter={function AboutSection[techNodes.map() > 
<motion.div>.onMouseEnter]}
[WebServer]                                   onMouseLeave={function AboutSection[techNodes.map() > 
<motion.div>.onMouseLeave]}
[WebServer]                                   style={{
[WebServer] +                                   left: "calc(50% + -80.00000000000007px - 50px)"
[WebServer] -                                   left: "calc(50% - 130px)"
[WebServer] +                                   top: "calc(50% + -138.56406460551014px - 20px)"
[WebServer] -                                   top: "calc(50% - 158.564px)"
[WebServer] +                                   opacity: 0
[WebServer] -                                   opacity: "0"
[WebServer] +                                   transform: "scale(0)"
[WebServer] -                                   transform: "scale(0)"
[WebServer]                                   }}
[WebServer]                                   ref={function useMotionRef.useCallback}
[WebServer]                                 >
[WebServer]                                   <div>
[WebServer]                                   <svg
[WebServer]                                     className="absolute pointer-events-none"
[WebServer]                                     style={{
[WebServer] +                                     left: "50%"
[WebServer] -                                     left: "50%"
[WebServer] +                                     top: "50%"
[WebServer] -                                     top: "50%"
[WebServer] +                                     width: 100.00000000000007
[WebServer] -                                     width: "100px"
[WebServer] +                                     height: 158.56406460551014
[WebServer] -                                     height: "158.564px"
[WebServer] +                                     transform: "translate(-80.00000000000007px, -138.56406460551014px)"
[WebServer] -                                     transform: "translate(-80px, -138.564px)"
[WebServer]                                     }}
[WebServer]                                   >
[WebServer]                                     <line
[WebServer]                                       x1={80.00000000000007}
[WebServer] +                                     y1={138.56406460551014}
[WebServer] -                                     y1="138.56406460551017"
[WebServer]                                       x2={0}
[WebServer]                                       y2={0}
[WebServer]                                       stroke="rgba(56, 189, 248, 0.08)"
[WebServer]                                       strokeWidth="1"
[WebServer]                                     >
[WebServer]                               ...
[WebServer]                   ...
[WebServer]  
[WebServer] [browser] THREE.Clock: This module has been deprecated. Please use THREE.Timer instead.
  Γ£ÿ  110 [mobile] ΓÇ║ tests\functional.spec.ts:117:7 ΓÇ║ Branding ΓÇ║ QA Engineer is present (8.5s)
  Γ£ô  112 [mobile] ΓÇ║ tests\navigation.spec.ts:16:7 ΓÇ║ Page load ΓÇ║ hero section is visible with name and title (5.8s)
  Γ£ô  113 [mobile] ΓÇ║ tests\navigation.spec.ts:33:7 ΓÇ║ Scroll ΓÇ║ page can scroll down (1.4s)
  Γ£ô  114 [mobile] ΓÇ║ tests\navigation.spec.ts:11:7 ΓÇ║ Page load ΓÇ║ homepage loads with correct title (2.1s)
  Γ£ô  115 [mobile] ΓÇ║ tests\navigation.spec.ts:41:7 ΓÇ║ Scroll ΓÇ║ no horizontal overflow on desktop (1.8s)
[WebServer] [browser] A tree hydrated but some attributes of the server rendered HTML didn't match the client 
properties. This won't be patched up. This can happen if a SSR-ed Client Component used:
[WebServer] 
[WebServer] - A server/client branch `if (typeof window !== 'undefined')`.
[WebServer] - Variable input such as `Date.now()` or `Math.random()` which changes each time it's called.
[WebServer] - Date formatting in a user's locale which doesn't match the server.
[WebServer] - External changing data without sending a snapshot of it along with the HTML.
[WebServer] - Invalid HTML tag nesting.
[WebServer] 
[WebServer] It can also happen if the client has a browser extension installed which messes with the HTML before React 
loaded.
[WebServer] 
[WebServer] https://react.dev/link/hydration-mismatch
[WebServer] 
[WebServer]   ...
[WebServer]     <HotReload globalError={[...]} webSocket={WebSocket} staticIndicatorState={{pathname:null, ...}}>
[WebServer]       <AppDevOverlayErrorBoundary globalError={[...]}>
[WebServer]         <ReplaySsrOnlyErrors>
[WebServer]         <DevRootHTTPAccessFallbackBoundary>
[WebServer]           <HTTPAccessFallbackBoundary notFound={<NotAllowedRootHTTPFallbackError>}>
[WebServer]             <HTTPAccessFallbackErrorBoundary pathname="/" notFound={<NotAllowedRootHTTPFallbackError>} ...>
[WebServer]               <RedirectBoundary>
[WebServer]                 <RedirectErrorBoundary router={{...}}>
[WebServer]                   <Head>
[WebServer]                   <__next_root_layout_boundary__>
[WebServer]                     <SegmentViewNode type="layout" pagePath="layout.tsx">
[WebServer]                       <SegmentTrieNode>
[WebServer]                       <link>
[WebServer]                       <script>
[WebServer]                       <RootLayout>
[WebServer]                         <html lang="en" className="geist_a715..." suppressHydrationWarning={true}>
[WebServer]                           <head>
[WebServer]                           <body
[WebServer]                             style={{
[WebServer] +                             background: "#05070A"
[WebServer] -                             background-image: "initial"
[WebServer] -                             background-position-x: "initial"
[WebServer] -                             background-position-y: "initial"
[WebServer] -                             background-size: "initial"
[WebServer] -                             background-repeat: "initial"
[WebServer] -                             background-attachment: "initial"
[WebServer] -                             background-origin: "initial"
[WebServer] -                             background-clip: "initial"
[WebServer] -                             background-color: "rgb(5, 7, 10)"
[WebServer]                             }}
[WebServer]                           >
[WebServer]                             ...
[WebServer]                               <motion.div>
[WebServer]                               <motion.div>
[WebServer]                               <motion.div>
[WebServer]                               <motion.div>
[WebServer]                               <motion.div initial={{opacity:0,scale:0}} whileInView={{opacity:1,scale:1}} 
...>
[WebServer]                                 <div
[WebServer]                                   className="absolute group cursor-none"
[WebServer]                                   onMouseEnter={function AboutSection[techNodes.map() > 
<motion.div>.onMouseEnter]}
[WebServer]                                   onMouseLeave={function AboutSection[techNodes.map() > 
<motion.div>.onMouseLeave]}
[WebServer]                                   style={{
[WebServer] +                                   left: "calc(50% + -80.00000000000007px - 50px)"
[WebServer] -                                   left: "calc(50% - 130px)"
[WebServer] +                                   top: "calc(50% + -138.56406460551014px - 20px)"
[WebServer] -                                   top: "calc(50% - 158.564px)"
[WebServer] +                                   opacity: 0
[WebServer] -                                   opacity: "0"
[WebServer] +                                   transform: "scale(0)"
[WebServer] -                                   transform: "scale(0)"
[WebServer]                                   }}
[WebServer]                                   ref={function useMotionRef.useCallback}
[WebServer]                                 >
[WebServer]                                   <div>
[WebServer]                                   <svg
[WebServer]                                     className="absolute pointer-events-none"
[WebServer]                                     style={{
[WebServer] +                                     left: "50%"
[WebServer] -                                     left: "50%"
[WebServer] +                                     top: "50%"
[WebServer] -                                     top: "50%"
[WebServer] +                                     width: 100.00000000000007
[WebServer] -                                     width: "100px"
[WebServer] +                                     height: 158.56406460551014
[WebServer] -                                     height: "158.564px"
[WebServer] +                                     transform: "translate(-80.00000000000007px, -138.56406460551014px)"
[WebServer] -                                     transform: "translate(-80px, -138.564px)"
[WebServer]                                     }}
[WebServer]                                   >
[WebServer]                                     <line
[WebServer]                                       x1={80.00000000000007}
[WebServer] +                                     y1={138.56406460551014}
[WebServer] -                                     y1="138.56406460551017"
[WebServer]                                       x2={0}
[WebServer]                                       y2={0}
[WebServer]                                       stroke="rgba(56, 189, 248, 0.08)"
[WebServer]                                       strokeWidth="1"
[WebServer]                                     >
[WebServer]                               ...
[WebServer]                   ...
[WebServer]  
  Γ£ô  116 [mobile] ΓÇ║ tests\navigation.spec.ts:26:7 ΓÇ║ Page load ΓÇ║ main landmark is present (3.2s)
[WebServer] [browser] A tree hydrated but some attributes of the server rendered HTML didn't match the client 
properties. This won't be patched up. This can happen if a SSR-ed Client Component used:
[WebServer] 
[WebServer] - A server/client branch `if (typeof window !== 'undefined')`.
[WebServer] - Variable input such as `Date.now()` or `Math.random()` which changes each time it's called.
[WebServer] - Date formatting in a user's locale which doesn't match the server.
[WebServer] - External changing data without sending a snapshot of it along with the HTML.
[WebServer] - Invalid HTML tag nesting.
[WebServer] 
[WebServer] It can also happen if the client has a browser extension installed which messes with the HTML before React 
loaded.
[WebServer] 
[WebServer] https://react.dev/link/hydration-mismatch
[WebServer] 
[WebServer]   ...
[WebServer]     <ClientPageRoot Component={function Home} serverProvidedParams={{...}}>
[WebServer]       <Home params={Promise} searchParams={Promise}>
[WebServer]         <CursorProvider>
[WebServer]           <BootSequence>
[WebServer]           <CustomCursor>
[WebServer]           <div>
[WebServer]           <Scene>
[WebServer]           <NavigationHUD>
[WebServer]           <ScrollIndicator>
[WebServer]           <main className="content-layer" style={{opacity:0, ...}}>
[WebServer]             <HeroSection>
[WebServer]             <AboutSection>
[WebServer]               <section id="about" className="relative p...">
[WebServer]                 <div>
[WebServer]                 <div className="relative z...">
[WebServer]                   <SectionLabel>
[WebServer]                   <div className="grid grid-...">
[WebServer]                     <motion.div>
[WebServer]                     <motion.div initial={{opacity:0,x:30}} whileInView={{opacity:1,x:0}} 
viewport={{once:true}} ...>
[WebServer]                       <div className="relative h..." style={{opacity:0, ...}} ref={function 
useMotionRef.useCallback}>
[WebServer]                         <div>
[WebServer]                         <motion.div>
[WebServer]                         <motion.div>
[WebServer]                         <motion.div>
[WebServer]                         <motion.div>
[WebServer]                         <motion.div initial={{opacity:0,scale:0}} whileInView={{opacity:1,scale:1}} ...>
[WebServer]                           <div
[WebServer]                             className="absolute group cursor-none"
[WebServer]                             onMouseEnter={function AboutSection[techNodes.map() > 
<motion.div>.onMouseEnter]}
[WebServer]                             onMouseLeave={function AboutSection[techNodes.map() > 
<motion.div>.onMouseLeave]}
[WebServer]                             style={{
[WebServer] +                             left: "calc(50% + -80.00000000000007px - 50px)"
[WebServer] -                             left: "calc(50% - 130px)"
[WebServer] +                             top: "calc(50% + -138.56406460551014px - 20px)"
[WebServer] -                             top: "calc(50% - 158.564px)"
[WebServer] +                             opacity: 0
[WebServer] -                             opacity: "0"
[WebServer] +                             transform: "scale(0)"
[WebServer] -                             transform: "scale(0)"
[WebServer]                             }}
[WebServer]                             ref={function useMotionRef.useCallback}
[WebServer]                           >
[WebServer]                             <div>
[WebServer]                             <svg
[WebServer]                               className="absolute pointer-events-none"
[WebServer]                               style={{
[WebServer] +                               left: "50%"
[WebServer] -                               left: "50%"
[WebServer] +                               top: "50%"
[WebServer] -                               top: "50%"
[WebServer] +                               width: 100.00000000000007
[WebServer] -                               width: "100px"
[WebServer] +                               height: 158.56406460551014
[WebServer] -                               height: "158.564px"
[WebServer] +                               transform: "translate(-80.00000000000007px, -138.56406460551014px)"
[WebServer] -                               transform: "translate(-80px, -138.564px)"
[WebServer]                               }}
[WebServer]                             >
[WebServer]                               <line
[WebServer]                                 x1={80.00000000000007}
[WebServer] +                               y1={138.56406460551014}
[WebServer] -                               y1="138.56406460551017"
[WebServer]                                 x2={0}
[WebServer]                                 y2={0}
[WebServer]                                 stroke="rgba(56, 189, 248, 0.08)"
[WebServer]                                 strokeWidth="1"
[WebServer]                               >
[WebServer]                         ...
[WebServer]                     ...
[WebServer]             ...
[WebServer]  
[WebServer] [browser] THREE.Clock: This module has been deprecated. Please use THREE.Timer instead.
[WebServer] [browser] THREE.Clock: This module has been deprecated. Please use THREE.Timer instead.
  Γ£ô  118 [mobile] ΓÇ║ tests\navigation.spec.ts:59:7 ΓÇ║ Desktop navigation ΓÇ║ desktop nav has all section links (8.8s)
  Γ£ô  117 [mobile] ΓÇ║ tests\navigation.spec.ts:52:7 ΓÇ║ Desktop navigation ΓÇ║ desktop nav is visible (8.9s)
[WebServer] [browser] A tree hydrated but some attributes of the server rendered HTML didn't match the client 
properties. This won't be patched up. This can happen if a SSR-ed Client Component used:
[WebServer] 
[WebServer] - A server/client branch `if (typeof window !== 'undefined')`.
[WebServer] - Variable input such as `Date.now()` or `Math.random()` which changes each time it's called.
[WebServer] - Date formatting in a user's locale which doesn't match the server.
[WebServer] - External changing data without sending a snapshot of it along with the HTML.
[WebServer] - Invalid HTML tag nesting.
[WebServer] 
[WebServer] It can also happen if the client has a browser extension installed which messes with the HTML before React 
loaded.
[WebServer] 
[WebServer] https://react.dev/link/hydration-mismatch
[WebServer] 
[WebServer]   ...
[WebServer]     <HotReload globalError={[...]} webSocket={WebSocket} staticIndicatorState={{pathname:null, ...}}>
[WebServer]       <AppDevOverlayErrorBoundary globalError={[...]}>
[WebServer]         <ReplaySsrOnlyErrors>
[WebServer]         <DevRootHTTPAccessFallbackBoundary>
[WebServer]           <HTTPAccessFallbackBoundary notFound={<NotAllowedRootHTTPFallbackError>}>
[WebServer]             <HTTPAccessFallbackErrorBoundary pathname="/" notFound={<NotAllowedRootHTTPFallbackError>} ...>
[WebServer]               <RedirectBoundary>
[WebServer]                 <RedirectErrorBoundary router={{...}}>
[WebServer]                   <Head>
[WebServer]                   <__next_root_layout_boundary__>
[WebServer]                     <SegmentViewNode type="layout" pagePath="layout.tsx">
[WebServer]                       <SegmentTrieNode>
[WebServer]                       <link>
[WebServer]                       <script>
[WebServer]                       <RootLayout>
[WebServer]                         <html lang="en" className="geist_a715..." suppressHydrationWarning={true}>
[WebServer]                           <head>
[WebServer]                           <body
[WebServer]                             style={{
[WebServer] +                             background: "#05070A"
[WebServer] -                             background-image: "initial"
[WebServer] -                             background-position-x: "initial"
[WebServer] -                             background-position-y: "initial"
[WebServer] -                             background-size: "initial"
[WebServer] -                             background-repeat: "initial"
[WebServer] -                             background-attachment: "initial"
[WebServer] -                             background-origin: "initial"
[WebServer] -                             background-clip: "initial"
[WebServer] -                             background-color: "rgb(5, 7, 10)"
[WebServer]                             }}
[WebServer]                           >
[WebServer]                             ...
[WebServer]                               <motion.div>
[WebServer]                               <motion.div>
[WebServer]                               <motion.div>
[WebServer]                               <motion.div>
[WebServer]                               <motion.div initial={{opacity:0,scale:0}} whileInView={{opacity:1,scale:1}} 
...>
[WebServer]                                 <div
[WebServer]                                   className="absolute group cursor-none"
[WebServer]                                   onMouseEnter={function AboutSection[techNodes.map() > 
<motion.div>.onMouseEnter]}
[WebServer]                                   onMouseLeave={function AboutSection[techNodes.map() > 
<motion.div>.onMouseLeave]}
[WebServer]                                   style={{
[WebServer] +                                   left: "calc(50% + -80.00000000000007px - 50px)"
[WebServer] -                                   left: "calc(50% - 130px)"
[WebServer] +                                   top: "calc(50% + -138.56406460551014px - 20px)"
[WebServer] -                                   top: "calc(50% - 158.564px)"
[WebServer] +                                   opacity: 0
[WebServer] -                                   opacity: "0"
[WebServer] +                                   transform: "scale(0)"
[WebServer] -                                   transform: "scale(0)"
[WebServer]                                   }}
[WebServer]                                   ref={function useMotionRef.useCallback}
[WebServer]                                 >
[WebServer]                                   <div>
[WebServer]                                   <svg
[WebServer]                                     className="absolute pointer-events-none"
[WebServer]                                     style={{
[WebServer] +                                     left: "50%"
[WebServer] -                                     left: "50%"
[WebServer] +                                     top: "50%"
[WebServer] -                                     top: "50%"
[WebServer] +                                     width: 100.00000000000007
[WebServer] -                                     width: "100px"
[WebServer] +                                     height: 158.56406460551014
[WebServer] -                                     height: "158.564px"
[WebServer] +                                     transform: "translate(-80.00000000000007px, -138.56406460551014px)"
[WebServer] -                                     transform: "translate(-80px, -138.564px)"
[WebServer]                                     }}
[WebServer]                                   >
[WebServer]                                     <line
[WebServer]                                       x1={80.00000000000007}
[WebServer] +                                     y1={138.56406460551014}
[WebServer] -                                     y1="138.56406460551017"
[WebServer]                                       x2={0}
[WebServer]                                       y2={0}
[WebServer]                                       stroke="rgba(56, 189, 248, 0.08)"
[WebServer]                                       strokeWidth="1"
[WebServer]                                     >
[WebServer]                               ...
[WebServer]                   ...
[WebServer]  
[WebServer] [browser] THREE.Clock: This module has been deprecated. Please use THREE.Timer instead.
[WebServer] [browser] A tree hydrated but some attributes of the server rendered HTML didn't match the client 
properties. This won't be patched up. This can happen if a SSR-ed Client Component used:
[WebServer] 
[WebServer] - A server/client branch `if (typeof window !== 'undefined')`.
[WebServer] - Variable input such as `Date.now()` or `Math.random()` which changes each time it's called.
[WebServer] - Date formatting in a user's locale which doesn't match the server.
[WebServer] - External changing data without sending a snapshot of it along with the HTML.
[WebServer] - Invalid HTML tag nesting.
[WebServer] 
[WebServer] It can also happen if the client has a browser extension installed which messes with the HTML before React 
loaded.
[WebServer] 
[WebServer] https://react.dev/link/hydration-mismatch
[WebServer] 
[WebServer]   ...
[WebServer]     <HotReload globalError={[...]} webSocket={WebSocket} staticIndicatorState={{pathname:null, ...}}>
[WebServer]       <AppDevOverlayErrorBoundary globalError={[...]}>
[WebServer]         <ReplaySsrOnlyErrors>
[WebServer]         <DevRootHTTPAccessFallbackBoundary>
[WebServer]           <HTTPAccessFallbackBoundary notFound={<NotAllowedRootHTTPFallbackError>}>
[WebServer]             <HTTPAccessFallbackErrorBoundary pathname="/" notFound={<NotAllowedRootHTTPFallbackError>} ...>
[WebServer]               <RedirectBoundary>
[WebServer]                 <RedirectErrorBoundary router={{...}}>
[WebServer]                   <Head>
[WebServer]                   <__next_root_layout_boundary__>
[WebServer]                     <SegmentViewNode type="layout" pagePath="layout.tsx">
[WebServer]                       <SegmentTrieNode>
[WebServer]                       <link>
[WebServer]                       <script>
[WebServer]                       <RootLayout>
[WebServer]                         <html lang="en" className="geist_a715..." suppressHydrationWarning={true}>
[WebServer]                           <head>
[WebServer]                           <body
[WebServer]                             style={{
[WebServer] +                             background: "#05070A"
[WebServer] -                             background-image: "initial"
[WebServer] -                             background-position-x: "initial"
[WebServer] -                             background-position-y: "initial"
[WebServer] -                             background-size: "initial"
[WebServer] -                             background-repeat: "initial"
[WebServer] -                             background-attachment: "initial"
[WebServer] -                             background-origin: "initial"
[WebServer] -                             background-clip: "initial"
[WebServer] -                             background-color: "rgb(5, 7, 10)"
[WebServer]                             }}
[WebServer]                           >
[WebServer]                             ...
[WebServer]                               <motion.div>
[WebServer]                               <motion.div>
[WebServer]                               <motion.div>
[WebServer]                               <motion.div>
[WebServer]                               <motion.div initial={{opacity:0,scale:0}} whileInView={{opacity:1,scale:1}} 
...>
[WebServer]                                 <div
[WebServer]                                   className="absolute group cursor-none"
[WebServer]                                   onMouseEnter={function AboutSection[techNodes.map() > 
<motion.div>.onMouseEnter]}
[WebServer]                                   onMouseLeave={function AboutSection[techNodes.map() > 
<motion.div>.onMouseLeave]}
[WebServer]                                   style={{
[WebServer] +                                   left: "calc(50% + -80.00000000000007px - 50px)"
[WebServer] -                                   left: "calc(50% - 130px)"
[WebServer] +                                   top: "calc(50% + -138.56406460551014px - 20px)"
[WebServer] -                                   top: "calc(50% - 158.564px)"
[WebServer] +                                   opacity: 0
[WebServer] -                                   opacity: "0"
[WebServer] +                                   transform: "scale(0)"
[WebServer] -                                   transform: "scale(0)"
[WebServer]                                   }}
[WebServer]                                   ref={function useMotionRef.useCallback}
[WebServer]                                 >
[WebServer]                                   <div>
[WebServer]                                   <svg
[WebServer]                                     className="absolute pointer-events-none"
[WebServer]                                     style={{
[WebServer] +                                     left: "50%"
[WebServer] -                                     left: "50%"
[WebServer] +                                     top: "50%"
[WebServer] -                                     top: "50%"
[WebServer] +                                     width: 100.00000000000007
[WebServer] -                                     width: "100px"
[WebServer] +                                     height: 158.56406460551014
[WebServer] -                                     height: "158.564px"
[WebServer] +                                     transform: "translate(-80.00000000000007px, -138.56406460551014px)"
[WebServer] -                                     transform: "translate(-80px, -138.564px)"
[WebServer]                                     }}
[WebServer]                                   >
[WebServer]                                     <line
[WebServer]                                       x1={80.00000000000007}
[WebServer] +                                     y1={138.56406460551014}
[WebServer] -                                     y1="138.56406460551017"
[WebServer]                                       x2={0}
[WebServer]                                       y2={0}
[WebServer]                                       stroke="rgba(56, 189, 248, 0.08)"
[WebServer]                                       strokeWidth="1"
[WebServer]                                     >
[WebServer]                               ...
[WebServer]                   ...
[WebServer]  
  Γ£ô  119 [mobile] ΓÇ║ tests\navigation.spec.ts:71:7 ΓÇ║ Desktop navigation ΓÇ║ desktop resume link is present (9.9s)
[WebServer] [browser] A tree hydrated but some attributes of the server rendered HTML didn't match the client 
properties. This won't be patched up. This can happen if a SSR-ed Client Component used:
[WebServer] 
[WebServer] - A server/client branch `if (typeof window !== 'undefined')`.
[WebServer] - Variable input such as `Date.now()` or `Math.random()` which changes each time it's called.
[WebServer] - Date formatting in a user's locale which doesn't match the server.
[WebServer] - External changing data without sending a snapshot of it along with the HTML.
[WebServer] - Invalid HTML tag nesting.
[WebServer] 
[WebServer] It can also happen if the client has a browser extension installed which messes with the HTML before React 
loaded.
[WebServer] 
[WebServer] https://react.dev/link/hydration-mismatch
[WebServer] 
[WebServer]   ...
[WebServer]     <HotReload globalError={[...]} webSocket={WebSocket} staticIndicatorState={{pathname:null, ...}}>
[WebServer]       <AppDevOverlayErrorBoundary globalError={[...]}>
[WebServer]         <ReplaySsrOnlyErrors>
[WebServer]         <DevRootHTTPAccessFallbackBoundary>
[WebServer]           <HTTPAccessFallbackBoundary notFound={<NotAllowedRootHTTPFallbackError>}>
[WebServer]             <HTTPAccessFallbackErrorBoundary pathname="/" notFound={<NotAllowedRootHTTPFallbackError>} ...>
[WebServer]               <RedirectBoundary>
[WebServer]                 <RedirectErrorBoundary router={{...}}>
[WebServer]                   <Head>
[WebServer]                   <__next_root_layout_boundary__>
[WebServer]                     <SegmentViewNode type="layout" pagePath="layout.tsx">
[WebServer]                       <SegmentTrieNode>
[WebServer]                       <link>
[WebServer]                       <script>
[WebServer]                       <RootLayout>
[WebServer]                         <html lang="en" className="geist_a715..." suppressHydrationWarning={true}>
[WebServer]                           <head>
[WebServer]                           <body
[WebServer]                             style={{
[WebServer] +                             background: "#05070A"
[WebServer] -                             background-image: "initial"
[WebServer] -                             background-position-x: "initial"
[WebServer] -                             background-position-y: "initial"
[WebServer] -                             background-size: "initial"
[WebServer] -                             background-repeat: "initial"
[WebServer] -                             background-attachment: "initial"
[WebServer] -                             background-origin: "initial"
[WebServer] -                             background-clip: "initial"
[WebServer] -                             background-color: "rgb(5, 7, 10)"
[WebServer]                             }}
[WebServer]                           >
[WebServer]                             ...
[WebServer]                               <motion.div>
[WebServer]                               <motion.div>
[WebServer]                               <motion.div>
[WebServer]                               <motion.div>
[WebServer]                               <motion.div initial={{opacity:0,scale:0}} whileInView={{opacity:1,scale:1}} 
...>
[WebServer]                                 <div
[WebServer]                                   className="absolute group cursor-none"
[WebServer]                                   onMouseEnter={function AboutSection[techNodes.map() > 
<motion.div>.onMouseEnter]}
[WebServer]                                   onMouseLeave={function AboutSection[techNodes.map() > 
<motion.div>.onMouseLeave]}
[WebServer]                                   style={{
[WebServer] +                                   left: "calc(50% + -80.00000000000007px - 50px)"
[WebServer] -                                   left: "calc(50% - 130px)"
[WebServer] +                                   top: "calc(50% + -138.56406460551014px - 20px)"
[WebServer] -                                   top: "calc(50% - 158.564px)"
[WebServer] +                                   opacity: 0
[WebServer] -                                   opacity: "0"
[WebServer] +                                   transform: "scale(0)"
[WebServer] -                                   transform: "scale(0)"
[WebServer]                                   }}
[WebServer]                                   ref={function useMotionRef.useCallback}
[WebServer]                                 >
[WebServer]                                   <div>
[WebServer]                                   <svg
[WebServer]                                     className="absolute pointer-events-none"
[WebServer]                                     style={{
[WebServer] +                                     left: "50%"
[WebServer] -                                     left: "50%"
[WebServer] +                                     top: "50%"
[WebServer] -                                     top: "50%"
[WebServer] +                                     width: 100.00000000000007
[WebServer] -                                     width: "100px"
[WebServer] +                                     height: 158.56406460551014
[WebServer] -                                     height: "158.564px"
[WebServer] +                                     transform: "translate(-80.00000000000007px, -138.56406460551014px)"
[WebServer] -                                     transform: "translate(-80px, -138.564px)"
[WebServer]                                     }}
[WebServer]                                   >
[WebServer]                                     <line
[WebServer]                                       x1={80.00000000000007}
[WebServer] +                                     y1={138.56406460551014}
[WebServer] -                                     y1="138.56406460551017"
[WebServer]                                       x2={0}
[WebServer]                                       y2={0}
[WebServer]                                       stroke="rgba(56, 189, 248, 0.08)"
[WebServer]                                       strokeWidth="1"
[WebServer]                                     >
[WebServer]                               ...
[WebServer]                   ...
[WebServer]  
[WebServer] [browser] THREE.Clock: This module has been deprecated. Please use THREE.Timer instead.
[WebServer] [browser] THREE.Clock: This module has been deprecated. Please use THREE.Timer instead.
  Γ£ô  121 [mobile] ΓÇ║ tests\navigation.spec.ts:91:7 ΓÇ║ Mobile sidebar ΓÇ║ mobile menu button is visible (8.9s)
[WebServer] [browser] A tree hydrated but some attributes of the server rendered HTML didn't match the client 
properties. This won't be patched up. This can happen if a SSR-ed Client Component used:
[WebServer] 
[WebServer] - A server/client branch `if (typeof window !== 'undefined')`.
[WebServer] - Variable input such as `Date.now()` or `Math.random()` which changes each time it's called.
[WebServer] - Date formatting in a user's locale which doesn't match the server.
[WebServer] - External changing data without sending a snapshot of it along with the HTML.
[WebServer] - Invalid HTML tag nesting.
[WebServer] 
[WebServer] It can also happen if the client has a browser extension installed which messes with the HTML before React 
loaded.
[WebServer] 
[WebServer] https://react.dev/link/hydration-mismatch
[WebServer] 
[WebServer]   ...
[WebServer]     <HotReload globalError={[...]} webSocket={WebSocket} staticIndicatorState={{pathname:null, ...}}>
[WebServer]       <AppDevOverlayErrorBoundary globalError={[...]}>
[WebServer]         <ReplaySsrOnlyErrors>
[WebServer]         <DevRootHTTPAccessFallbackBoundary>
[WebServer]           <HTTPAccessFallbackBoundary notFound={<NotAllowedRootHTTPFallbackError>}>
[WebServer]             <HTTPAccessFallbackErrorBoundary pathname="/" notFound={<NotAllowedRootHTTPFallbackError>} ...>
[WebServer]               <RedirectBoundary>
[WebServer]                 <RedirectErrorBoundary router={{...}}>
[WebServer]                   <Head>
[WebServer]                   <__next_root_layout_boundary__>
[WebServer]                     <SegmentViewNode type="layout" pagePath="layout.tsx">
[WebServer]                       <SegmentTrieNode>
[WebServer]                       <link>
[WebServer]                       <script>
[WebServer]                       <RootLayout>
[WebServer]                         <html lang="en" className="geist_a715..." suppressHydrationWarning={true}>
[WebServer]                           <head>
[WebServer]                           <body
[WebServer]                             style={{
[WebServer] +                             background: "#05070A"
[WebServer] -                             background-image: "initial"
[WebServer] -                             background-position-x: "initial"
[WebServer] -                             background-position-y: "initial"
[WebServer] -                             background-size: "initial"
[WebServer] -                             background-repeat: "initial"
[WebServer] -                             background-attachment: "initial"
[WebServer] -                             background-origin: "initial"
[WebServer] -                             background-clip: "initial"
[WebServer] -                             background-color: "rgb(5, 7, 10)"
[WebServer]                             }}
[WebServer]                           >
[WebServer]                             ...
[WebServer]                               <motion.div>
[WebServer]                               <motion.div>
[WebServer]                               <motion.div>
[WebServer]                               <motion.div>
[WebServer]                               <motion.div initial={{opacity:0,scale:0}} whileInView={{opacity:1,scale:1}} 
...>
[WebServer]                                 <div
[WebServer]                                   className="absolute group cursor-none"
[WebServer]                                   onMouseEnter={function AboutSection[techNodes.map() > 
<motion.div>.onMouseEnter]}
[WebServer]                                   onMouseLeave={function AboutSection[techNodes.map() > 
<motion.div>.onMouseLeave]}
[WebServer]                                   style={{
[WebServer] +                                   left: "calc(50% + -80.00000000000007px - 50px)"
[WebServer] -                                   left: "calc(50% - 130px)"
[WebServer] +                                   top: "calc(50% + -138.56406460551014px - 20px)"
[WebServer] -                                   top: "calc(50% - 158.564px)"
[WebServer] +                                   opacity: 0
[WebServer] -                                   opacity: "0"
[WebServer] +                                   transform: "scale(0)"
[WebServer] -                                   transform: "scale(0)"
[WebServer]                                   }}
[WebServer]                                   ref={function useMotionRef.useCallback}
[WebServer]                                 >
[WebServer]                                   <div>
[WebServer]                                   <svg
[WebServer]                                     className="absolute pointer-events-none"
[WebServer]                                     style={{
[WebServer] +                                     left: "50%"
[WebServer] -                                     left: "50%"
[WebServer] +                                     top: "50%"
[WebServer] -                                     top: "50%"
[WebServer] +                                     width: 100.00000000000007
[WebServer] -                                     width: "100px"
[WebServer] +                                     height: 158.56406460551014
[WebServer] -                                     height: "158.564px"
[WebServer] +                                     transform: "translate(-80.00000000000007px, -138.56406460551014px)"
[WebServer] -                                     transform: "translate(-80px, -138.564px)"
[WebServer]                                     }}
[WebServer]                                   >
[WebServer]                                     <line
[WebServer]                                       x1={80.00000000000007}
[WebServer] +                                     y1={138.56406460551014}
[WebServer] -                                     y1="138.56406460551017"
[WebServer]                                       x2={0}
[WebServer]                                       y2={0}
[WebServer]                                       stroke="rgba(56, 189, 248, 0.08)"
[WebServer]                                       strokeWidth="1"
[WebServer]                                     >
[WebServer]                               ...
[WebServer]                   ...
[WebServer]  
  Γ£ô  120 [mobile] ΓÇ║ tests\navigation.spec.ts:78:7 ΓÇ║ Desktop navigation ΓÇ║ desktop nav scrolls to section (11.4s)
[WebServer] [browser] THREE.Clock: This module has been deprecated. Please use THREE.Timer instead.
[WebServer] [browser] A tree hydrated but some attributes of the server rendered HTML didn't match the client 
properties. This won't be patched up. This can happen if a SSR-ed Client Component used:
[WebServer] 
[WebServer] - A server/client branch `if (typeof window !== 'undefined')`.
[WebServer] - Variable input such as `Date.now()` or `Math.random()` which changes each time it's called.
[WebServer] - Date formatting in a user's locale which doesn't match the server.
[WebServer] - External changing data without sending a snapshot of it along with the HTML.
[WebServer] - Invalid HTML tag nesting.
[WebServer] 
[WebServer] It can also happen if the client has a browser extension installed which messes with the HTML before React 
loaded.
[WebServer] 
[WebServer] https://react.dev/link/hydration-mismatch
[WebServer] 
[WebServer]   ...
[WebServer]     <HotReload globalError={[...]} webSocket={WebSocket} staticIndicatorState={{pathname:null, ...}}>
[WebServer]       <AppDevOverlayErrorBoundary globalError={[...]}>
[WebServer]         <ReplaySsrOnlyErrors>
[WebServer]         <DevRootHTTPAccessFallbackBoundary>
[WebServer]           <HTTPAccessFallbackBoundary notFound={<NotAllowedRootHTTPFallbackError>}>
[WebServer]             <HTTPAccessFallbackErrorBoundary pathname="/" notFound={<NotAllowedRootHTTPFallbackError>} ...>
[WebServer]               <RedirectBoundary>
[WebServer]                 <RedirectErrorBoundary router={{...}}>
[WebServer]                   <Head>
[WebServer]                   <__next_root_layout_boundary__>
[WebServer]                     <SegmentViewNode type="layout" pagePath="layout.tsx">
[WebServer]                       <SegmentTrieNode>
[WebServer]                       <link>
[WebServer]                       <script>
[WebServer]                       <RootLayout>
[WebServer]                         <html lang="en" className="geist_a715..." suppressHydrationWarning={true}>
[WebServer]                           <head>
[WebServer]                           <body
[WebServer]                             style={{
[WebServer] +                             background: "#05070A"
[WebServer] -                             background-image: "initial"
[WebServer] -                             background-position-x: "initial"
[WebServer] -                             background-position-y: "initial"
[WebServer] -                             background-size: "initial"
[WebServer] -                             background-repeat: "initial"
[WebServer] -                             background-attachment: "initial"
[WebServer] -                             background-origin: "initial"
[WebServer] -                             background-clip: "initial"
[WebServer] -                             background-color: "rgb(5, 7, 10)"
[WebServer]                             }}
[WebServer]                           >
[WebServer]                             ...
[WebServer]                               <motion.div>
[WebServer]                               <motion.div>
[WebServer]                               <motion.div>
[WebServer]                               <motion.div>
[WebServer]                               <motion.div initial={{opacity:0,scale:0}} whileInView={{opacity:1,scale:1}} 
...>
[WebServer]                                 <div
[WebServer]                                   className="absolute group cursor-none"
[WebServer]                                   onMouseEnter={function AboutSection[techNodes.map() > 
<motion.div>.onMouseEnter]}
[WebServer]                                   onMouseLeave={function AboutSection[techNodes.map() > 
<motion.div>.onMouseLeave]}
[WebServer]                                   style={{
[WebServer] +                                   left: "calc(50% + -80.00000000000007px - 50px)"
[WebServer] -                                   left: "calc(50% - 130px)"
[WebServer] +                                   top: "calc(50% + -138.56406460551014px - 20px)"
[WebServer] -                                   top: "calc(50% - 158.564px)"
[WebServer] +                                   opacity: 0
[WebServer] -                                   opacity: "0"
[WebServer] +                                   transform: "scale(0)"
[WebServer] -                                   transform: "scale(0)"
[WebServer]                                   }}
[WebServer]                                   ref={function useMotionRef.useCallback}
[WebServer]                                 >
[WebServer]                                   <div>
[WebServer]                                   <svg
[WebServer]                                     className="absolute pointer-events-none"
[WebServer]                                     style={{
[WebServer] +                                     left: "50%"
[WebServer] -                                     left: "50%"
[WebServer] +                                     top: "50%"
[WebServer] -                                     top: "50%"
[WebServer] +                                     width: 100.00000000000007
[WebServer] -                                     width: "100px"
[WebServer] +                                     height: 158.56406460551014
[WebServer] -                                     height: "158.564px"
[WebServer] +                                     transform: "translate(-80.00000000000007px, -138.56406460551014px)"
[WebServer] -                                     transform: "translate(-80px, -138.564px)"
[WebServer]                                     }}
[WebServer]                                   >
[WebServer]                                     <line
[WebServer]                                       x1={80.00000000000007}
[WebServer] +                                     y1={138.56406460551014}
[WebServer] -                                     y1="138.56406460551017"
[WebServer]                                       x2={0}
[WebServer]                                       y2={0}
[WebServer]                                       stroke="rgba(56, 189, 248, 0.08)"
[WebServer]                                       strokeWidth="1"
[WebServer]                                     >
[WebServer]                               ...
[WebServer]                   ...
[WebServer]  
  Γ£ô  122 [mobile] ΓÇ║ tests\navigation.spec.ts:98:7 ΓÇ║ Mobile sidebar ΓÇ║ mobile sidebar opens on menu click (10.0s)
[WebServer] [browser] THREE.Clock: This module has been deprecated. Please use THREE.Timer instead.
[WebServer] [browser] A tree hydrated but some attributes of the server rendered HTML didn't match the client 
properties. This won't be patched up. This can happen if a SSR-ed Client Component used:
[WebServer] 
[WebServer] - A server/client branch `if (typeof window !== 'undefined')`.
[WebServer] - Variable input such as `Date.now()` or `Math.random()` which changes each time it's called.
[WebServer] - Date formatting in a user's locale which doesn't match the server.
[WebServer] - External changing data without sending a snapshot of it along with the HTML.
[WebServer] - Invalid HTML tag nesting.
[WebServer] 
[WebServer] It can also happen if the client has a browser extension installed which messes with the HTML before React 
loaded.
[WebServer] 
[WebServer] https://react.dev/link/hydration-mismatch
[WebServer] 
[WebServer]   ...
[WebServer]     <HotReload globalError={[...]} webSocket={WebSocket} staticIndicatorState={{pathname:null, ...}}>
[WebServer]       <AppDevOverlayErrorBoundary globalError={[...]}>
[WebServer]         <ReplaySsrOnlyErrors>
[WebServer]         <DevRootHTTPAccessFallbackBoundary>
[WebServer]           <HTTPAccessFallbackBoundary notFound={<NotAllowedRootHTTPFallbackError>}>
[WebServer]             <HTTPAccessFallbackErrorBoundary pathname="/" notFound={<NotAllowedRootHTTPFallbackError>} ...>
[WebServer]               <RedirectBoundary>
[WebServer]                 <RedirectErrorBoundary router={{...}}>
[WebServer]                   <Head>
[WebServer]                   <__next_root_layout_boundary__>
[WebServer]                     <SegmentViewNode type="layout" pagePath="layout.tsx">
[WebServer]                       <SegmentTrieNode>
[WebServer]                       <link>
[WebServer]                       <script>
[WebServer]                       <RootLayout>
[WebServer]                         <html lang="en" className="geist_a715..." suppressHydrationWarning={true}>
[WebServer]                           <head>
[WebServer]                           <body
[WebServer]                             style={{
[WebServer] +                             background: "#05070A"
[WebServer] -                             background-image: "initial"
[WebServer] -                             background-position-x: "initial"
[WebServer] -                             background-position-y: "initial"
[WebServer] -                             background-size: "initial"
[WebServer] -                             background-repeat: "initial"
[WebServer] -                             background-attachment: "initial"
[WebServer] -                             background-origin: "initial"
[WebServer] -                             background-clip: "initial"
[WebServer] -                             background-color: "rgb(5, 7, 10)"
[WebServer]                             }}
[WebServer]                           >
[WebServer]                             ...
[WebServer]                               <motion.div>
[WebServer]                               <motion.div>
[WebServer]                               <motion.div>
[WebServer]                               <motion.div>
[WebServer]                               <motion.div initial={{opacity:0,scale:0}} whileInView={{opacity:1,scale:1}} 
...>
[WebServer]                                 <div
[WebServer]                                   className="absolute group cursor-none"
[WebServer]                                   onMouseEnter={function AboutSection[techNodes.map() > 
<motion.div>.onMouseEnter]}
[WebServer]                                   onMouseLeave={function AboutSection[techNodes.map() > 
<motion.div>.onMouseLeave]}
[WebServer]                                   style={{
[WebServer] +                                   left: "calc(50% + -80.00000000000007px - 50px)"
[WebServer] -                                   left: "calc(50% - 130px)"
[WebServer] +                                   top: "calc(50% + -138.56406460551014px - 20px)"
[WebServer] -                                   top: "calc(50% - 158.564px)"
[WebServer] +                                   opacity: 0
[WebServer] -                                   opacity: "0"
[WebServer] +                                   transform: "scale(0)"
[WebServer] -                                   transform: "scale(0)"
[WebServer]                                   }}
[WebServer]                                   ref={function useMotionRef.useCallback}
[WebServer]                                 >
[WebServer]                                   <div>
[WebServer]                                   <svg
[WebServer]                                     className="absolute pointer-events-none"
[WebServer]                                     style={{
[WebServer] +                                     left: "50%"
[WebServer] -                                     left: "50%"
[WebServer] +                                     top: "50%"
[WebServer] -                                     top: "50%"
[WebServer] +                                     width: 100.00000000000007
[WebServer] -                                     width: "100px"
[WebServer] +                                     height: 158.56406460551014
[WebServer] -                                     height: "158.564px"
[WebServer] +                                     transform: "translate(-80.00000000000007px, -138.56406460551014px)"
[WebServer] -                                     transform: "translate(-80px, -138.564px)"
[WebServer]                                     }}
[WebServer]                                   >
[WebServer]                                     <line
[WebServer]                                       x1={80.00000000000007}
[WebServer] +                                     y1={138.56406460551014}
[WebServer] -                                     y1="138.56406460551017"
[WebServer]                                       x2={0}
[WebServer]                                       y2={0}
[WebServer]                                       stroke="rgba(56, 189, 248, 0.08)"
[WebServer]                                       strokeWidth="1"
[WebServer]                                     >
[WebServer]                               ...
[WebServer]                   ...
[WebServer]  
[WebServer] [browser] THREE.Clock: This module has been deprecated. Please use THREE.Timer instead.
  Γ£ô  123 [mobile] ΓÇ║ tests\navigation.spec.ts:106:7 ΓÇ║ Mobile sidebar ΓÇ║ mobile sidebar has nav links (9.1s)
  Γ£ô  124 [mobile] ΓÇ║ tests\navigation.spec.ts:117:7 ΓÇ║ Mobile sidebar ΓÇ║ mobile sidebar has resume link (8.2s)
[WebServer] [browser] A tree hydrated but some attributes of the server rendered HTML didn't match the client 
properties. This won't be patched up. This can happen if a SSR-ed Client Component used:
[WebServer] 
[WebServer] - A server/client branch `if (typeof window !== 'undefined')`.
[WebServer] - Variable input such as `Date.now()` or `Math.random()` which changes each time it's called.
[WebServer] - Date formatting in a user's locale which doesn't match the server.
[WebServer] - External changing data without sending a snapshot of it along with the HTML.
[WebServer] - Invalid HTML tag nesting.
[WebServer] 
[WebServer] It can also happen if the client has a browser extension installed which messes with the HTML before React 
loaded.
[WebServer] 
[WebServer] https://react.dev/link/hydration-mismatch
[WebServer] 
[WebServer]   ...
[WebServer]     <ClientPageRoot Component={function Home} serverProvidedParams={{...}}>
[WebServer]       <Home params={Promise} searchParams={Promise}>
[WebServer]         <CursorProvider>
[WebServer]           <BootSequence>
[WebServer]           <CustomCursor>
[WebServer]           <div>
[WebServer]           <Scene>
[WebServer]           <NavigationHUD>
[WebServer]           <ScrollIndicator>
[WebServer]           <main className="content-layer" style={{opacity:0, ...}}>
[WebServer]             <HeroSection>
[WebServer]             <AboutSection>
[WebServer]               <section id="about" className="relative p...">
[WebServer]                 <div>
[WebServer]                 <div className="relative z...">
[WebServer]                   <SectionLabel>
[WebServer]                   <div className="grid grid-...">
[WebServer]                     <motion.div>
[WebServer]                     <motion.div initial={{opacity:0,x:30}} whileInView={{opacity:1,x:0}} 
viewport={{once:true}} ...>
[WebServer]                       <div className="relative h..." style={{opacity:0, ...}} ref={function 
useMotionRef.useCallback}>
[WebServer]                         <div>
[WebServer]                         <motion.div>
[WebServer]                         <motion.div>
[WebServer]                         <motion.div>
[WebServer]                         <motion.div>
[WebServer]                         <motion.div initial={{opacity:0,scale:0}} whileInView={{opacity:1,scale:1}} ...>
[WebServer]                           <div
[WebServer]                             className="absolute group cursor-none"
[WebServer]                             onMouseEnter={function AboutSection[techNodes.map() > 
<motion.div>.onMouseEnter]}
[WebServer]                             onMouseLeave={function AboutSection[techNodes.map() > 
<motion.div>.onMouseLeave]}
[WebServer]                             style={{
[WebServer] +                             left: "calc(50% + -80.00000000000007px - 50px)"
[WebServer] -                             left: "calc(50% - 130px)"
[WebServer] +                             top: "calc(50% + -138.56406460551014px - 20px)"
[WebServer] -                             top: "calc(50% - 158.564px)"
[WebServer] +                             opacity: 0
[WebServer] -                             opacity: "0"
[WebServer] +                             transform: "scale(0)"
[WebServer] -                             transform: "scale(0)"
[WebServer]                             }}
[WebServer]                             ref={function useMotionRef.useCallback}
[WebServer]                           >
[WebServer]                             <div>
[WebServer]                             <svg
[WebServer]                               className="absolute pointer-events-none"
[WebServer]                               style={{
[WebServer] +                               left: "50%"
[WebServer] -                               left: "50%"
[WebServer] +                               top: "50%"
[WebServer] -                               top: "50%"
[WebServer] +                               width: 100.00000000000007
[WebServer] -                               width: "100px"
[WebServer] +                               height: 158.56406460551014
[WebServer] -                               height: "158.564px"
[WebServer] +                               transform: "translate(-80.00000000000007px, -138.56406460551014px)"
[WebServer] -                               transform: "translate(-80px, -138.564px)"
[WebServer]                               }}
[WebServer]                             >
[WebServer]                               <line
[WebServer]                                 x1={80.00000000000007}
[WebServer] +                               y1={138.56406460551014}
[WebServer] -                               y1="138.56406460551017"
[WebServer]                                 x2={0}
[WebServer]                                 y2={0}
[WebServer]                                 stroke="rgba(56, 189, 248, 0.08)"
[WebServer]                                 strokeWidth="1"
[WebServer]                               >
[WebServer]                         ...
[WebServer]                     ...
[WebServer]             ...
[WebServer]  
[WebServer] [browser] THREE.Clock: This module has been deprecated. Please use THREE.Timer instead.
[WebServer] [browser] A tree hydrated but some attributes of the server rendered HTML didn't match the client 
properties. This won't be patched up. This can happen if a SSR-ed Client Component used:
[WebServer] 
[WebServer] - A server/client branch `if (typeof window !== 'undefined')`.
[WebServer] - Variable input such as `Date.now()` or `Math.random()` which changes each time it's called.
[WebServer] - Date formatting in a user's locale which doesn't match the server.
[WebServer] - External changing data without sending a snapshot of it along with the HTML.
[WebServer] - Invalid HTML tag nesting.
[WebServer] 
[WebServer] It can also happen if the client has a browser extension installed which messes with the HTML before React 
loaded.
[WebServer] 
[WebServer] https://react.dev/link/hydration-mismatch
[WebServer] 
[WebServer]   ...
[WebServer]     <ClientPageRoot Component={function Home} serverProvidedParams={{...}}>
[WebServer]       <Home params={Promise} searchParams={Promise}>
[WebServer]         <CursorProvider>
[WebServer]           <BootSequence>
[WebServer]           <CustomCursor>
[WebServer]           <div>
[WebServer]           <Scene>
[WebServer]           <NavigationHUD>
[WebServer]           <ScrollIndicator>
[WebServer]           <main className="content-layer" style={{opacity:0, ...}}>
[WebServer]             <HeroSection>
[WebServer]             <AboutSection>
[WebServer]               <section id="about" className="relative p...">
[WebServer]                 <div>
[WebServer]                 <div className="relative z...">
[WebServer]                   <SectionLabel>
[WebServer]                   <div className="grid grid-...">
[WebServer]                     <motion.div>
[WebServer]                     <motion.div initial={{opacity:0,x:30}} whileInView={{opacity:1,x:0}} 
viewport={{once:true}} ...>
[WebServer]                       <div className="relative h..." style={{opacity:0, ...}} ref={function 
useMotionRef.useCallback}>
[WebServer]                         <div>
[WebServer]                         <motion.div>
[WebServer]                         <motion.div>
[WebServer]                         <motion.div>
[WebServer]                         <motion.div>
[WebServer]                         <motion.div initial={{opacity:0,scale:0}} whileInView={{opacity:1,scale:1}} ...>
[WebServer]                           <div
[WebServer]                             className="absolute group cursor-none"
[WebServer]                             onMouseEnter={function AboutSection[techNodes.map() > 
<motion.div>.onMouseEnter]}
[WebServer]                             onMouseLeave={function AboutSection[techNodes.map() > 
<motion.div>.onMouseLeave]}
[WebServer]                             style={{
[WebServer] +                             left: "calc(50% + -80.00000000000007px - 50px)"
[WebServer] -                             left: "calc(50% - 130px)"
[WebServer] +                             top: "calc(50% + -138.56406460551014px - 20px)"
[WebServer] -                             top: "calc(50% - 158.564px)"
[WebServer] +                             opacity: 0
[WebServer] -                             opacity: "0"
[WebServer] +                             transform: "scale(0)"
[WebServer] -                             transform: "scale(0)"
[WebServer]                             }}
[WebServer]                             ref={function useMotionRef.useCallback}
[WebServer]                           >
[WebServer]                             <div>
[WebServer]                             <svg
[WebServer]                               className="absolute pointer-events-none"
[WebServer]                               style={{
[WebServer] +                               left: "50%"
[WebServer] -                               left: "50%"
[WebServer] +                               top: "50%"
[WebServer] -                               top: "50%"
[WebServer] +                               width: 100.00000000000007
[WebServer] -                               width: "100px"
[WebServer] +                               height: 158.56406460551014
[WebServer] -                               height: "158.564px"
[WebServer] +                               transform: "translate(-80.00000000000007px, -138.56406460551014px)"
[WebServer] -                               transform: "translate(-80px, -138.564px)"
[WebServer]                               }}
[WebServer]                             >
[WebServer]                               <line
[WebServer]                                 x1={80.00000000000007}
[WebServer] +                               y1={138.56406460551014}
[WebServer] -                               y1="138.56406460551017"
[WebServer]                                 x2={0}
[WebServer]                                 y2={0}
[WebServer]                                 stroke="rgba(56, 189, 248, 0.08)"
[WebServer]                                 strokeWidth="1"
[WebServer]                               >
[WebServer]                         ...
[WebServer]                     ...
[WebServer]             ...
[WebServer]  
[WebServer] [browser] A tree hydrated but some attributes of the server rendered HTML didn't match the client 
properties. This won't be patched up. This can happen if a SSR-ed Client Component used:
[WebServer] 
[WebServer] - A server/client branch `if (typeof window !== 'undefined')`.
[WebServer] - Variable input such as `Date.now()` or `Math.random()` which changes each time it's called.
[WebServer] - Date formatting in a user's locale which doesn't match the server.
[WebServer] - External changing data without sending a snapshot of it along with the HTML.
[WebServer] - Invalid HTML tag nesting.
[WebServer] 
[WebServer] It can also happen if the client has a browser extension installed which messes with the HTML before React 
loaded.
[WebServer] 
[WebServer] https://react.dev/link/hydration-mismatch
[WebServer] 
[WebServer]   ...
[WebServer]     <HotReload globalError={[...]} webSocket={WebSocket} staticIndicatorState={{pathname:null, ...}}>
[WebServer]       <AppDevOverlayErrorBoundary globalError={[...]}>
[WebServer]         <ReplaySsrOnlyErrors>
[WebServer]         <DevRootHTTPAccessFallbackBoundary>
[WebServer]           <HTTPAccessFallbackBoundary notFound={<NotAllowedRootHTTPFallbackError>}>
[WebServer]             <HTTPAccessFallbackErrorBoundary pathname="/" notFound={<NotAllowedRootHTTPFallbackError>} ...>
[WebServer]               <RedirectBoundary>
[WebServer]                 <RedirectErrorBoundary router={{...}}>
[WebServer]                   <Head>
[WebServer]                   <__next_root_layout_boundary__>
[WebServer]                     <SegmentViewNode type="layout" pagePath="layout.tsx">
[WebServer]                       <SegmentTrieNode>
[WebServer]                       <link>
[WebServer]                       <script>
[WebServer]                       <RootLayout>
[WebServer]                         <html lang="en" className="geist_a715..." suppressHydrationWarning={true}>
[WebServer]                           <head>
[WebServer]                           <body
[WebServer]                             style={{
[WebServer] +                             background: "#05070A"
[WebServer] -                             background-image: "initial"
[WebServer] -                             background-position-x: "initial"
[WebServer] -                             background-position-y: "initial"
[WebServer] -                             background-size: "initial"
[WebServer] -                             background-repeat: "initial"
[WebServer] -                             background-attachment: "initial"
[WebServer] -                             background-origin: "initial"
[WebServer] -                             background-clip: "initial"
[WebServer] -                             background-color: "rgb(5, 7, 10)"
[WebServer]                             }}
[WebServer]                           >
[WebServer]                             ...
[WebServer]                               <motion.div>
[WebServer]                               <motion.div>
[WebServer]                               <motion.div>
[WebServer]                               <motion.div>
[WebServer]                               <motion.div initial={{opacity:0,scale:0}} whileInView={{opacity:1,scale:1}} 
...>
[WebServer]                                 <div
[WebServer]                                   className="absolute group cursor-none"
[WebServer]                                   onMouseEnter={function AboutSection[techNodes.map() > 
<motion.div>.onMouseEnter]}
[WebServer]                                   onMouseLeave={function AboutSection[techNodes.map() > 
<motion.div>.onMouseLeave]}
[WebServer]                                   style={{
[WebServer] +                                   left: "calc(50% + -80.00000000000007px - 50px)"
[WebServer] -                                   left: "calc(50% - 130px)"
[WebServer] +                                   top: "calc(50% + -138.56406460551014px - 20px)"
[WebServer] -                                   top: "calc(50% - 158.564px)"
[WebServer] +                                   opacity: 0
[WebServer] -                                   opacity: "0"
[WebServer] +                                   transform: "scale(0)"
[WebServer] -                                   transform: "scale(0)"
[WebServer]                                   }}
[WebServer]                                   ref={function useMotionRef.useCallback}
[WebServer]                                 >
[WebServer]                                   <div>
[WebServer]                                   <svg
[WebServer]                                     className="absolute pointer-events-none"
[WebServer]                                     style={{
[WebServer] +                                     left: "50%"
[WebServer] -                                     left: "50%"
[WebServer] +                                     top: "50%"
[WebServer] -                                     top: "50%"
[WebServer] +                                     width: 100.00000000000007
[WebServer] -                                     width: "100px"
[WebServer] +                                     height: 158.56406460551014
[WebServer] -                                     height: "158.564px"
[WebServer] +                                     transform: "translate(-80.00000000000007px, -138.56406460551014px)"
[WebServer] -                                     transform: "translate(-80px, -138.564px)"
[WebServer]                                     }}
[WebServer]                                   >
[WebServer]                                     <line
[WebServer]                                       x1={80.00000000000007}
[WebServer] +                                     y1={138.56406460551014}
[WebServer] -                                     y1="138.56406460551017"
[WebServer]                                       x2={0}
[WebServer]                                       y2={0}
[WebServer]                                       stroke="rgba(56, 189, 248, 0.08)"
[WebServer]                                       strokeWidth="1"
[WebServer]                                     >
[WebServer]                               ...
[WebServer]                   ...
[WebServer]  
[WebServer] [browser] THREE.Clock: This module has been deprecated. Please use THREE.Timer instead.
  Γ£ÿ  125 [mobile] ΓÇ║ tests\navigation.spec.ts:125:7 ΓÇ║ Mobile sidebar ΓÇ║ mobile sidebar closes on close button (10.4s)
[WebServer] [browser] THREE.Clock: This module has been deprecated. Please use THREE.Timer instead.
  Γ£ô  127 [mobile] ΓÇ║ tests\navigation.spec.ts:144:7 ΓÇ║ Mobile sidebar ΓÇ║ mobile sidebar closes on backdrop click (9.5s)
  Γ£ô  126 [mobile] ΓÇ║ tests\navigation.spec.ts:134:7 ΓÇ║ Mobile sidebar ΓÇ║ mobile sidebar closes on Escape key (10.8s)
  Γ£ô  128 [mobile] ΓÇ║ tests\navigation.spec.ts:165:7 ΓÇ║ Mobile sidebar ΓÇ║ no horizontal overflow on mobile (1.9s)
  Γ£ô  129 [mobile] ΓÇ║ tests\navigation.spec.ts:176:7 ΓÇ║ Tablet ΓÇ║ no horizontal overflow on tablet (1.9s)
  Γ£ô  130 [mobile] ΓÇ║ tests\responsive.spec.ts:11:7 ΓÇ║ Responsive - Mobile ΓÇ║ hero heading is visible (2.1s)
  Γ£ô  131 [mobile] ΓÇ║ tests\responsive.spec.ts:16:7 ΓÇ║ Responsive - Mobile ΓÇ║ no horizontal overflow on mobile (2.4s)
[WebServer] [browser] A tree hydrated but some attributes of the server rendered HTML didn't match the client 
properties. This won't be patched up. This can happen if a SSR-ed Client Component used:
[WebServer] 
[WebServer] - A server/client branch `if (typeof window !== 'undefined')`.
[WebServer] - Variable input such as `Date.now()` or `Math.random()` which changes each time it's called.
[WebServer] - Date formatting in a user's locale which doesn't match the server.
[WebServer] - External changing data without sending a snapshot of it along with the HTML.
[WebServer] - Invalid HTML tag nesting.
[WebServer] 
[WebServer] It can also happen if the client has a browser extension installed which messes with the HTML before React 
loaded.
[WebServer] 
[WebServer] https://react.dev/link/hydration-mismatch
[WebServer] 
[WebServer]   ...
[WebServer]     <HotReload globalError={[...]} webSocket={WebSocket} staticIndicatorState={{pathname:null, ...}}>
[WebServer]       <AppDevOverlayErrorBoundary globalError={[...]}>
[WebServer]         <ReplaySsrOnlyErrors>
[WebServer]         <DevRootHTTPAccessFallbackBoundary>
[WebServer]           <HTTPAccessFallbackBoundary notFound={<NotAllowedRootHTTPFallbackError>}>
[WebServer]             <HTTPAccessFallbackErrorBoundary pathname="/" notFound={<NotAllowedRootHTTPFallbackError>} ...>
[WebServer]               <RedirectBoundary>
[WebServer]                 <RedirectErrorBoundary router={{...}}>
[WebServer]                   <Head>
[WebServer]                   <__next_root_layout_boundary__>
[WebServer]                     <SegmentViewNode type="layout" pagePath="layout.tsx">
[WebServer]                       <SegmentTrieNode>
[WebServer]                       <link>
[WebServer]                       <script>
[WebServer]                       <RootLayout>
[WebServer]                         <html lang="en" className="geist_a715..." suppressHydrationWarning={true}>
[WebServer]                           <head>
[WebServer]                           <body
[WebServer]                             style={{
[WebServer] +                             background: "#05070A"
[WebServer] -                             background-image: "initial"
[WebServer] -                             background-position-x: "initial"
[WebServer] -                             background-position-y: "initial"
[WebServer] -                             background-size: "initial"
[WebServer] -                             background-repeat: "initial"
[WebServer] -                             background-attachment: "initial"
[WebServer] -                             background-origin: "initial"
[WebServer] -                             background-clip: "initial"
[WebServer] -                             background-color: "rgb(5, 7, 10)"
[WebServer]                             }}
[WebServer]                           >
[WebServer]                             ...
[WebServer]                               <motion.div>
[WebServer]                               <motion.div>
[WebServer]                               <motion.div>
[WebServer]                               <motion.div>
[WebServer]                               <motion.div initial={{opacity:0,scale:0}} whileInView={{opacity:1,scale:1}} 
...>
[WebServer]                                 <div
[WebServer]                                   className="absolute group cursor-none"
[WebServer]                                   onMouseEnter={function AboutSection[techNodes.map() > 
<motion.div>.onMouseEnter]}
[WebServer]                                   onMouseLeave={function AboutSection[techNodes.map() > 
<motion.div>.onMouseLeave]}
[WebServer]                                   style={{
[WebServer] +                                   left: "calc(50% + -80.00000000000007px - 50px)"
[WebServer] -                                   left: "calc(50% - 130px)"
[WebServer] +                                   top: "calc(50% + -138.56406460551014px - 20px)"
[WebServer] -                                   top: "calc(50% - 158.564px)"
[WebServer] +                                   opacity: 0
[WebServer] -                                   opacity: "0"
[WebServer] +                                   transform: "scale(0)"
[WebServer] -                                   transform: "scale(0)"
[WebServer]                                   }}
[WebServer]                                   ref={function useMotionRef.useCallback}
[WebServer]                                 >
[WebServer]                                   <div>
[WebServer]                                   <svg
[WebServer]                                     className="absolute pointer-events-none"
[WebServer]                                     style={{
[WebServer] +                                     left: "50%"
[WebServer] -                                     left: "50%"
[WebServer] +                                     top: "50%"
[WebServer] -                                     top: "50%"
[WebServer] +                                     width: 100.00000000000007
[WebServer] -                                     width: "100px"
[WebServer] +                                     height: 158.56406460551014
[WebServer] -                                     height: "158.564px"
[WebServer] +                                     transform: "translate(-80.00000000000007px, -138.56406460551014px)"
[WebServer] -                                     transform: "translate(-80px, -138.564px)"
[WebServer]                                     }}
[WebServer]                                   >
[WebServer]                                     <line
[WebServer]                                       x1={80.00000000000007}
[WebServer] +                                     y1={138.56406460551014}
[WebServer] -                                     y1="138.56406460551017"
[WebServer]                                       x2={0}
[WebServer]                                       y2={0}
[WebServer]                                       stroke="rgba(56, 189, 248, 0.08)"
[WebServer]                                       strokeWidth="1"
[WebServer]                                     >
[WebServer]                               ...
[WebServer]                   ...
[WebServer]  
[WebServer] [browser] THREE.Clock: This module has been deprecated. Please use THREE.Timer instead.
  Γ£ô  134 [mobile] ΓÇ║ tests\responsive.spec.ts:33:7 ΓÇ║ Responsive - Mobile ΓÇ║ page scrolls on mobile (2.4s)
[WebServer] [browser] A tree hydrated but some attributes of the server rendered HTML didn't match the client 
properties. This won't be patched up. This can happen if a SSR-ed Client Component used:
[WebServer] 
[WebServer] - A server/client branch `if (typeof window !== 'undefined')`.
[WebServer] - Variable input such as `Date.now()` or `Math.random()` which changes each time it's called.
[WebServer] - Date formatting in a user's locale which doesn't match the server.
[WebServer] - External changing data without sending a snapshot of it along with the HTML.
[WebServer] - Invalid HTML tag nesting.
[WebServer] 
[WebServer] It can also happen if the client has a browser extension installed which messes with the HTML before React 
loaded.
[WebServer] 
[WebServer] https://react.dev/link/hydration-mismatch
[WebServer] 
[WebServer]   ...
[WebServer]     <ClientPageRoot Component={function Home} serverProvidedParams={{...}}>
[WebServer]       <Home params={Promise} searchParams={Promise}>
[WebServer]         <CursorProvider>
[WebServer]           <BootSequence>
[WebServer]           <CustomCursor>
[WebServer]           <div>
[WebServer]           <Scene>
[WebServer]           <NavigationHUD>
[WebServer]           <ScrollIndicator>
[WebServer]           <main className="content-layer" style={{opacity:0, ...}}>
[WebServer]             <HeroSection>
[WebServer]             <AboutSection>
[WebServer]               <section id="about" className="relative p...">
[WebServer]                 <div>
[WebServer]                 <div className="relative z...">
[WebServer]                   <SectionLabel>
[WebServer]                   <div className="grid grid-...">
[WebServer]                     <motion.div>
[WebServer]                     <motion.div initial={{opacity:0,x:30}} whileInView={{opacity:1,x:0}} 
viewport={{once:true}} ...>
[WebServer]                       <div className="relative h..." style={{opacity:0, ...}} ref={function 
useMotionRef.useCallback}>
[WebServer]                         <div>
[WebServer]                         <motion.div>
[WebServer]                         <motion.div>
[WebServer]                         <motion.div>
[WebServer]                         <motion.div>
[WebServer]                         <motion.div initial={{opacity:0,scale:0}} whileInView={{opacity:1,scale:1}} ...>
[WebServer]                           <div
[WebServer]                             className="absolute group cursor-none"
[WebServer]                             onMouseEnter={function AboutSection[techNodes.map() > 
<motion.div>.onMouseEnter]}
[WebServer]                             onMouseLeave={function AboutSection[techNodes.map() > 
<motion.div>.onMouseLeave]}
[WebServer]                             style={{
[WebServer] +                             left: "calc(50% + -80.00000000000007px - 50px)"
[WebServer] -                             left: "calc(50% - 130px)"
[WebServer] +                             top: "calc(50% + -138.56406460551014px - 20px)"
[WebServer] -                             top: "calc(50% - 158.564px)"
[WebServer] +                             opacity: 0
[WebServer] -                             opacity: "0"
[WebServer] +                             transform: "scale(0)"
[WebServer] -                             transform: "scale(0)"
[WebServer]                             }}
[WebServer]                             ref={function useMotionRef.useCallback}
[WebServer]                           >
[WebServer]                             <div>
[WebServer]                             <svg
[WebServer]                               className="absolute pointer-events-none"
[WebServer]                               style={{
[WebServer] +                               left: "50%"
[WebServer] -                               left: "50%"
[WebServer] +                               top: "50%"
[WebServer] -                               top: "50%"
[WebServer] +                               width: 100.00000000000007
[WebServer] -                               width: "100px"
[WebServer] +                               height: 158.56406460551014
[WebServer] -                               height: "158.564px"
[WebServer] +                               transform: "translate(-80.00000000000007px, -138.56406460551014px)"
[WebServer] -                               transform: "translate(-80px, -138.564px)"
[WebServer]                               }}
[WebServer]                             >
[WebServer]                               <line
[WebServer]                                 x1={80.00000000000007}
[WebServer] +                               y1={138.56406460551014}
[WebServer] -                               y1="138.56406460551017"
[WebServer]                                 x2={0}
[WebServer]                                 y2={0}
[WebServer]                                 stroke="rgba(56, 189, 248, 0.08)"
[WebServer]                                 strokeWidth="1"
[WebServer]                               >
[WebServer]                         ...
[WebServer]                     ...
[WebServer]             ...
[WebServer]  
[WebServer] [browser] THREE.Clock: This module has been deprecated. Please use THREE.Timer instead.
  Γ£ô  133 [mobile] ΓÇ║ tests\responsive.spec.ts:23:7 ΓÇ║ Responsive - Mobile ΓÇ║ mobile menu button opens sidebar (7.1s)
  Γ£ô  132 [mobile] ΓÇ║ tests\navigation.spec.ts:155:7 ΓÇ║ Mobile sidebar ΓÇ║ mobile sidebar nav link scrolls to section and closes (10.8s)
  Γ£ô  135 [mobile] ΓÇ║ tests\responsive.spec.ts:45:7 ΓÇ║ Responsive - Tablet ΓÇ║ no horizontal overflow on tablet (7.1s)
  Γ£ô  136 [mobile] ΓÇ║ tests\responsive.spec.ts:52:7 ΓÇ║ Responsive - Tablet ΓÇ║ hero heading is visible on tablet (2.6s)
  Γ£ô  137 [mobile] ΓÇ║ tests\responsive.spec.ts:61:7 ΓÇ║ Responsive - Desktop ΓÇ║ no horizontal overflow on desktop (2.4s)
  Γ£ô  138 [mobile] ΓÇ║ tests\responsive.spec.ts:68:7 ΓÇ║ Responsive - Desktop ΓÇ║ desktop navigation is visible (2.6s)


  1) [chromium] ΓÇ║ tests\accessibility.spec.ts:30:7 ΓÇ║ Accessibility ΓÇ║ form fields have labels ΓöÇΓöÇΓöÇΓöÇΓöÇΓöÇΓöÇ

    Error: expect(locator).toBeVisible() failed

    Locator: getByLabel('NAME')
    Expected: visible
    Timeout: 5000ms
    Error: element(s) not found

    Call log:
      - Expect "toBeVisible" with timeout 5000ms
      - waiting for getByLabel('NAME')


      33 |     const contactSection = page.locator("#contact");
      34 |     await contactSection.scrollIntoViewIfNeeded();
    > 35 |     await expect(page.getByLabel("NAME")).toBeVisible();
         |                                           ^
      36 |     await expect(page.getByLabel("EMAIL")).toBeVisible();
      37 |     await expect(page.getByLabel("SUBJECT")).toBeVisible();
      38 |     await expect(page.getByLabel("MESSAGE")).toBeVisible();
        at D:\myportfolio\tests\accessibility.spec.ts:35:43

    Error Context: test-results\accessibility-Accessibility-form-fields-have-labels-chromium\error-context.md

  2) [chromium] ΓÇ║ tests\accessibility.spec.ts:51:7 ΓÇ║ Accessibility ΓÇ║ mobile sidebar has aria attributes 

    Error: expect(locator).toHaveAttribute(expected) failed

    Locator: getByRole('button', { name: /open navigation menu/i })
    Expected: "true"
    Timeout: 5000ms
    Error: element(s) not found

    Call log:
      - Expect "toHaveAttribute" with timeout 5000ms
      - waiting for getByRole('button', { name: /open navigation menu/i })


      56 |     await expect(menuButton).toHaveAttribute("aria-expanded", "false");
      57 |     await menuButton.click();
    > 58 |     await expect(menuButton).toHaveAttribute("aria-expanded", "true");
         |                              ^
      59 |     const sidebar = page.locator("#mobile-sidebar");
      60 |     await expect(sidebar).toBeVisible();
      61 |   });
        at D:\myportfolio\tests\accessibility.spec.ts:58:30

    Error Context: test-results\accessibility-Accessibilit-836c1-sidebar-has-aria-attributes-chromium\error-context.md

  3) [chromium] ΓÇ║ tests\functional.spec.ts:17:7 ΓÇ║ Resume ΓÇ║ resume PDF is accessible ΓöÇΓöÇΓöÇΓöÇΓöÇΓöÇΓöÇΓöÇΓöÇΓöÇΓöÇΓöÇΓöÇΓöÇΓöÇΓöÇ

    Error: page.goto: Download is starting
    Call log:
      - navigating to "http://localhost:3000/certificates/Rohit-Yadav-CV.pdf", waiting until "load"


      16 |
      17 |   test("resume PDF is accessible", async ({ page }) => {
    > 18 |     const response = await page.goto("/certificates/Rohit-Yadav-CV.pdf");
         |                                 ^
      19 |     expect(response?.status()).toBe(200);
      20 |   });
      21 | });
        at D:\myportfolio\tests\functional.spec.ts:18:33

    Error Context: test-results\functional-Resume-resume-PDF-is-accessible-chromium\error-context.md

  4) [chromium] ΓÇ║ tests\functional.spec.ts:24:7 ΓÇ║ Contact form ΓÇ║ contact form is visible ΓöÇΓöÇΓöÇΓöÇΓöÇΓöÇΓöÇΓöÇΓöÇΓöÇΓöÇ

    Error: expect(locator).toBeVisible() failed

    Locator: getByLabel('NAME')
    Expected: visible
    Timeout: 5000ms
    Error: element(s) not found

    Call log:
      - Expect "toBeVisible" with timeout 5000ms
      - waiting for getByLabel('NAME')


      27 |     const contactSection = page.locator("#contact");
      28 |     await contactSection.scrollIntoViewIfNeeded();
    > 29 |     await expect(page.getByLabel("NAME")).toBeVisible();
         |                                           ^
      30 |     await expect(page.getByLabel("EMAIL")).toBeVisible();
      31 |     await expect(page.getByLabel("SUBJECT")).toBeVisible();
      32 |     await expect(page.getByLabel("MESSAGE")).toBeVisible();
        at D:\myportfolio\tests\functional.spec.ts:29:43

    Error Context: test-results\functional-Contact-form-contact-form-is-visible-chromium\error-context.md

  5) [chromium] ΓÇ║ tests\functional.spec.ts:45:7 ΓÇ║ Contact form ΓÇ║ contact form validates invalid email 

    Test timeout of 60000ms exceeded.

    Error: locator.fill: Test timeout of 60000ms exceeded.
    Call log:
      - waiting for getByLabel('NAME')


      48 |     const contactSection = page.locator("#contact");
      49 |     await contactSection.scrollIntoViewIfNeeded();
    > 50 |     await page.getByLabel("NAME").fill("Test User");
         |                                   ^
      51 |     // foo@bar is accepted by browser's type=email but fails regex (no dot)
      52 |     await page.getByLabel("EMAIL").fill("foo@bar");
      53 |     await page.getByLabel("SUBJECT").fill("Test");
        at D:\myportfolio\tests\functional.spec.ts:50:35

    Error Context: test-results\functional-Contact-form-contact-form-validates-invalid-email-chromium\error-context.md

  6) [chromium] ΓÇ║ tests\functional.spec.ts:59:7 ΓÇ║ Contact form ΓÇ║ contact form accepts valid email ΓöÇΓöÇ

    Test timeout of 60000ms exceeded.

    Error: locator.fill: Test timeout of 60000ms exceeded.
    Call log:
      - waiting for getByLabel('NAME')


      62 |     const contactSection = page.locator("#contact");
      63 |     await contactSection.scrollIntoViewIfNeeded();
    > 64 |     await page.getByLabel("NAME").fill("Test User");
         |                                   ^
      65 |     await page.getByLabel("EMAIL").fill("test@example.com");
      66 |     await page.getByLabel("SUBJECT").fill("Test Subject");
      67 |     await page.getByLabel("MESSAGE").fill("Test message content here.");
        at D:\myportfolio\tests\functional.spec.ts:64:35

    Error Context: test-results\functional-Contact-form-contact-form-accepts-valid-email-chromium\error-context.md

  7) [chromium] ΓÇ║ tests\functional.spec.ts:88:7 ΓÇ║ Sections ΓÇ║ QA Lab section displays stages ΓöÇΓöÇΓöÇΓöÇΓöÇΓöÇΓöÇΓöÇ

    Error: expect(locator).toBeVisible() failed

    Locator: getByText('REQUIREMENT')
    Expected: visible
    Error: strict mode violation: getByText('REQUIREMENT') resolved to 2 elements:
        1) <p class="text-[#8B95A5] mb-16 max-w-lg">The complete quality engineering pipeline ΓÇö from ΓÇª</p> aka getByText('The complete quality')
        2) <span class="font-mono text-[7px] sm:text-[8px] tracking-wider block leading-tight">REQUIREMENT</span> aka getByText('REQUIREMENT', { exact: true })

    Call log:
      - Expect "toBeVisible" with timeout 5000ms
      - waiting for getByText('REQUIREMENT')


      91 |     const qaSection = page.locator("#qa-lab");
      92 |     await qaSection.scrollIntoViewIfNeeded();
    > 93 |     await expect(page.getByText("REQUIREMENT")).toBeVisible();
         |                                                 ^
      94 |     await expect(page.getByText("TEST DESIGN")).toBeVisible();
      95 |     await expect(page.getByText("BUILD VERIFIED")).toBeVisible();
      96 |   });
        at D:\myportfolio\tests\functional.spec.ts:93:49

    Error Context: test-results\functional-Sections-QA-Lab-section-displays-stages-chromium\error-context.md

  8) [chromium] ΓÇ║ tests\functional.spec.ts:98:7 ΓÇ║ Sections ΓÇ║ projects section shows project cards ΓöÇΓöÇ

    Error: expect(locator).toBeVisible() failed

    Locator: getByText('Project')
    Expected: visible
    Error: strict mode violation: getByText('Project') resolved to 6 elements:
        1) <button class="px-3 py-1.5 font-mono text-[10px] tracking-[0.15em] text-[#8B95A5] hover:text-[#38BDF8] transition-colors cursor-none">PROJECTS</button> aka getByRole('button', { name: 'PROJECTS' })
        2) <span class="font-mono text-[10px] tracking-[0.2em] text-[#8B95A5]">PROJECTS / 06</span> aka getByText('PROJECTS /')
        3) <h2 class="text-4xl sm:text-5xl font-bold tracking-tight mb-16 text-[#F5F7FA]">ΓÇª</h2> aka getByRole('heading', { name: 'Project Archive' })
        4) <div class="font-mono text-[10px] tracking-[0.2em] text-[#38BDF8] mb-3">ΓÇª</div> aka getByText('PROJECT / 01')
        5) <div class="font-mono text-[10px] tracking-[0.2em] text-[#38BDF8] mb-3">ΓÇª</div> aka getByText('PROJECT / 02')
        6) <div class="font-mono text-[10px] tracking-[0.2em] text-[#38BDF8] mb-3">ΓÇª</div> aka getByText('PROJECT / 03')

    Call log:
      - Expect "toBeVisible" with timeout 5000ms
      - waiting for getByText('Project')


      101 |     const projectsSection = page.locator("#projects");
      102 |     await projectsSection.scrollIntoViewIfNeeded();
    > 103 |     await expect(page.getByText("Project")).toBeVisible();
          |                                             ^
      104 |   });
      105 | });
      106 |
        at D:\myportfolio\tests\functional.spec.ts:103:45

    Error Context: test-results\functional-Sections-projects-section-shows-project-cards-chromium\error-context.md

  9) [chromium] ΓÇ║ tests\functional.spec.ts:117:7 ΓÇ║ Branding ΓÇ║ QA Engineer is present ΓöÇΓöÇΓöÇΓöÇΓöÇΓöÇΓöÇΓöÇΓöÇΓöÇΓöÇΓöÇΓöÇΓöÇΓöÇ

    Error: expect(locator).toBeVisible() failed

    Locator: getByText('QA Engineer')
    Expected: visible
    Error: strict mode violation: getByText('QA Engineer') resolved to 4 elements:
        1) <span class="font-mono text-xs sm:text-sm tracking-[0.15em] text-[#8B95A5] uppercase">QA Engineer</span> aka locator('#hero').getByText('QA Engineer')
        2) <span class="font-mono text-xs tracking-[0.15em] text-[#8B95A5] uppercase">QA Engineer</span> aka locator('#about').getByText('QA Engineer', { exact: true })
        3) <p class="text-[#8B95A5] leading-relaxed max-w-md">QA Engineer with expertise spanning manual testinΓÇª</p> aka getByText('QA Engineer with expertise')
        4) <span class="font-mono text-xs tracking-[0.15em] text-[#8B95A5] uppercase">QA Engineer</span> aka getByText('QA Engineer').nth(3)

    Call log:
      - Expect "toBeVisible" with timeout 5000ms
      - waiting for getByText('QA Engineer')


      118 |     await page.goto("/");
      119 |     await waitForBoot(page);
    > 120 |     await expect(page.getByText("QA Engineer")).toBeVisible();
          |                                                 ^
      121 |   });
      122 | });
      123 |
        at D:\myportfolio\tests\functional.spec.ts:120:49

    Error Context: test-results\functional-Branding-QA-Engineer-is-present-chromium\error-context.md

  10) [chromium] ΓÇ║ tests\navigation.spec.ts:125:7 ΓÇ║ Mobile sidebar ΓÇ║ mobile sidebar closes on close button 

    Error: locator.click: Error: strict mode violation: getByRole('button', { name: /close navigation menu/i }) resolved to 2 elements:
        1) <button aria-expanded="true" aria-controls="mobile-sidebar" aria-label="Close navigation menu" class="flex items-center gap-2 px-3 py-1.5 rounded border border-[rgba(56,189,248,0.15)] bg-[rgba(5,7,10,0.6)] backdrop-blur-sm cursor-none">ΓÇª</button> aka getByRole('banner').getByRole('button', { name: 'Close navigation menu' })
        2) <button aria-label="Close navigation menu" class="w-8 h-8 flex items-center justify-center rounded border border-[rgba(255,255,255,0.08)] text-[#8B95A5] hover:text-[#F5F7FA] hover:border-[rgba(255,255,255,0.2)] transition-colors cursor-none">Γ£ò</button> aka getByText('Γ£ò')

    Call log:
      - waiting for getByRole('button', { name: /close navigation menu/i })


      127 |     await waitForBoot(page);
      128 |     await page.getByRole("button", { name: /open navigation menu/i }).click();
    > 129 |     await page.getByRole("button", { name: /close navigation menu/i }).click();
          |                                                                        ^
      130 |     const sidebar = page.locator("#mobile-sidebar");
      131 |     await expect(sidebar).not.toBeVisible();
      132 |   });
        at D:\myportfolio\tests\navigation.spec.ts:129:72

    Error Context: test-results\navigation-Mobile-sidebar--740d6-ebar-closes-on-close-button-chromium\error-context.md

  11) [tablet] ΓÇ║ tests\accessibility.spec.ts:30:7 ΓÇ║ Accessibility ΓÇ║ form fields have labels ΓöÇΓöÇΓöÇΓöÇΓöÇΓöÇΓöÇΓöÇ

    Error: expect(locator).toBeVisible() failed

    Locator: getByLabel('NAME')
    Expected: visible
    Timeout: 5000ms
    Error: element(s) not found

    Call log:
      - Expect "toBeVisible" with timeout 5000ms
      - waiting for getByLabel('NAME')


      33 |     const contactSection = page.locator("#contact");
      34 |     await contactSection.scrollIntoViewIfNeeded();
    > 35 |     await expect(page.getByLabel("NAME")).toBeVisible();
         |                                           ^
      36 |     await expect(page.getByLabel("EMAIL")).toBeVisible();
      37 |     await expect(page.getByLabel("SUBJECT")).toBeVisible();
      38 |     await expect(page.getByLabel("MESSAGE")).toBeVisible();
        at D:\myportfolio\tests\accessibility.spec.ts:35:43

    Error Context: test-results\accessibility-Accessibility-form-fields-have-labels-tablet\error-context.md

  12) [tablet] ΓÇ║ tests\accessibility.spec.ts:51:7 ΓÇ║ Accessibility ΓÇ║ mobile sidebar has aria attributes 

    Error: expect(locator).toHaveAttribute(expected) failed

    Locator: getByRole('button', { name: /open navigation menu/i })
    Expected: "true"
    Timeout: 5000ms
    Error: element(s) not found

    Call log:
      - Expect "toHaveAttribute" with timeout 5000ms
      - waiting for getByRole('button', { name: /open navigation menu/i })


      56 |     await expect(menuButton).toHaveAttribute("aria-expanded", "false");
      57 |     await menuButton.click();
    > 58 |     await expect(menuButton).toHaveAttribute("aria-expanded", "true");
         |                              ^
      59 |     const sidebar = page.locator("#mobile-sidebar");
      60 |     await expect(sidebar).toBeVisible();
      61 |   });
        at D:\myportfolio\tests\accessibility.spec.ts:58:30

    Error Context: test-results\accessibility-Accessibilit-836c1-sidebar-has-aria-attributes-tablet\error-context.md

  13) [tablet] ΓÇ║ tests\functional.spec.ts:17:7 ΓÇ║ Resume ΓÇ║ resume PDF is accessible ΓöÇΓöÇΓöÇΓöÇΓöÇΓöÇΓöÇΓöÇΓöÇΓöÇΓöÇΓöÇΓöÇΓöÇΓöÇΓöÇΓöÇ

    Error: page.goto: Download is starting
    Call log:
      - navigating to "http://localhost:3000/certificates/Rohit-Yadav-CV.pdf", waiting until "load"


      16 |
      17 |   test("resume PDF is accessible", async ({ page }) => {
    > 18 |     const response = await page.goto("/certificates/Rohit-Yadav-CV.pdf");
         |                                 ^
      19 |     expect(response?.status()).toBe(200);
      20 |   });
      21 | });
        at D:\myportfolio\tests\functional.spec.ts:18:33

    Error Context: test-results\functional-Resume-resume-PDF-is-accessible-tablet\error-context.md

  14) [tablet] ΓÇ║ tests\functional.spec.ts:24:7 ΓÇ║ Contact form ΓÇ║ contact form is visible ΓöÇΓöÇΓöÇΓöÇΓöÇΓöÇΓöÇΓöÇΓöÇΓöÇΓöÇΓöÇ

    Error: expect(locator).toBeVisible() failed

    Locator: getByLabel('NAME')
    Expected: visible
    Timeout: 5000ms
    Error: element(s) not found

    Call log:
      - Expect "toBeVisible" with timeout 5000ms
      - waiting for getByLabel('NAME')


      27 |     const contactSection = page.locator("#contact");
      28 |     await contactSection.scrollIntoViewIfNeeded();
    > 29 |     await expect(page.getByLabel("NAME")).toBeVisible();
         |                                           ^
      30 |     await expect(page.getByLabel("EMAIL")).toBeVisible();
      31 |     await expect(page.getByLabel("SUBJECT")).toBeVisible();
      32 |     await expect(page.getByLabel("MESSAGE")).toBeVisible();
        at D:\myportfolio\tests\functional.spec.ts:29:43

    Error Context: test-results\functional-Contact-form-contact-form-is-visible-tablet\error-context.md

  15) [tablet] ΓÇ║ tests\functional.spec.ts:45:7 ΓÇ║ Contact form ΓÇ║ contact form validates invalid email 

    Test timeout of 60000ms exceeded.

    Error: locator.fill: Test timeout of 60000ms exceeded.
    Call log:
      - waiting for getByLabel('NAME')


      48 |     const contactSection = page.locator("#contact");
      49 |     await contactSection.scrollIntoViewIfNeeded();
    > 50 |     await page.getByLabel("NAME").fill("Test User");
         |                                   ^
      51 |     // foo@bar is accepted by browser's type=email but fails regex (no dot)
      52 |     await page.getByLabel("EMAIL").fill("foo@bar");
      53 |     await page.getByLabel("SUBJECT").fill("Test");
        at D:\myportfolio\tests\functional.spec.ts:50:35

    Error Context: test-results\functional-Contact-form-contact-form-validates-invalid-email-tablet\error-context.md

  16) [tablet] ΓÇ║ tests\functional.spec.ts:59:7 ΓÇ║ Contact form ΓÇ║ contact form accepts valid email ΓöÇΓöÇΓöÇ

    Test timeout of 60000ms exceeded.

    Error: locator.fill: Test timeout of 60000ms exceeded.
    Call log:
      - waiting for getByLabel('NAME')


      62 |     const contactSection = page.locator("#contact");
      63 |     await contactSection.scrollIntoViewIfNeeded();
    > 64 |     await page.getByLabel("NAME").fill("Test User");
         |                                   ^
      65 |     await page.getByLabel("EMAIL").fill("test@example.com");
      66 |     await page.getByLabel("SUBJECT").fill("Test Subject");
      67 |     await page.getByLabel("MESSAGE").fill("Test message content here.");
        at D:\myportfolio\tests\functional.spec.ts:64:35

    Error Context: test-results\functional-Contact-form-contact-form-accepts-valid-email-tablet\error-context.md

  17) [tablet] ΓÇ║ tests\functional.spec.ts:88:7 ΓÇ║ Sections ΓÇ║ QA Lab section displays stages ΓöÇΓöÇΓöÇΓöÇΓöÇΓöÇΓöÇΓöÇΓöÇ

    Error: expect(locator).toBeVisible() failed

    Locator: getByText('REQUIREMENT')
    Expected: visible
    Error: strict mode violation: getByText('REQUIREMENT') resolved to 2 elements:
        1) <p class="text-[#8B95A5] mb-16 max-w-lg">The complete quality engineering pipeline ΓÇö from ΓÇª</p> aka getByText('The complete quality')
        2) <span class="font-mono text-[7px] sm:text-[8px] tracking-wider block leading-tight">REQUIREMENT</span> aka getByText('REQUIREMENT', { exact: true })

    Call log:
      - Expect "toBeVisible" with timeout 5000ms
      - waiting for getByText('REQUIREMENT')


      91 |     const qaSection = page.locator("#qa-lab");
      92 |     await qaSection.scrollIntoViewIfNeeded();
    > 93 |     await expect(page.getByText("REQUIREMENT")).toBeVisible();
         |                                                 ^
      94 |     await expect(page.getByText("TEST DESIGN")).toBeVisible();
      95 |     await expect(page.getByText("BUILD VERIFIED")).toBeVisible();
      96 |   });
        at D:\myportfolio\tests\functional.spec.ts:93:49

    Error Context: test-results\functional-Sections-QA-Lab-section-displays-stages-tablet\error-context.md

  18) [tablet] ΓÇ║ tests\functional.spec.ts:98:7 ΓÇ║ Sections ΓÇ║ projects section shows project cards ΓöÇΓöÇΓöÇ

    Error: expect(locator).toBeVisible() failed

    Locator: getByText('Project')
    Expected: visible
    Error: strict mode violation: getByText('Project') resolved to 6 elements:
        1) <button class="px-3 py-1.5 font-mono text-[10px] tracking-[0.15em] text-[#8B95A5] hover:text-[#38BDF8] transition-colors cursor-none">PROJECTS</button> aka getByRole('button', { name: 'PROJECTS' })
        2) <span class="font-mono text-[10px] tracking-[0.2em] text-[#8B95A5]">PROJECTS / 06</span> aka getByText('PROJECTS /')
        3) <h2 class="text-4xl sm:text-5xl font-bold tracking-tight mb-16 text-[#F5F7FA]">ΓÇª</h2> aka getByRole('heading', { name: 'Project Archive' })
        4) <div class="font-mono text-[10px] tracking-[0.2em] text-[#38BDF8] mb-3">ΓÇª</div> aka getByText('PROJECT / 01')
        5) <div class="font-mono text-[10px] tracking-[0.2em] text-[#38BDF8] mb-3">ΓÇª</div> aka getByText('PROJECT / 02')
        6) <div class="font-mono text-[10px] tracking-[0.2em] text-[#38BDF8] mb-3">ΓÇª</div> aka getByText('PROJECT / 03')

    Call log:
      - Expect "toBeVisible" with timeout 5000ms
      - waiting for getByText('Project')


      101 |     const projectsSection = page.locator("#projects");
      102 |     await projectsSection.scrollIntoViewIfNeeded();
    > 103 |     await expect(page.getByText("Project")).toBeVisible();
          |                                             ^
      104 |   });
      105 | });
      106 |
        at D:\myportfolio\tests\functional.spec.ts:103:45

    Error Context: test-results\functional-Sections-projects-section-shows-project-cards-tablet\error-context.md

  19) [tablet] ΓÇ║ tests\functional.spec.ts:117:7 ΓÇ║ Branding ΓÇ║ QA Engineer is present ΓöÇΓöÇΓöÇΓöÇΓöÇΓöÇΓöÇΓöÇΓöÇΓöÇΓöÇΓöÇΓöÇΓöÇΓöÇΓöÇ

    Error: expect(locator).toBeVisible() failed

    Locator: getByText('QA Engineer')
    Expected: visible
    Error: strict mode violation: getByText('QA Engineer') resolved to 4 elements:
        1) <span class="font-mono text-xs sm:text-sm tracking-[0.15em] text-[#8B95A5] uppercase">QA Engineer</span> aka locator('#hero').getByText('QA Engineer')
        2) <span class="font-mono text-xs tracking-[0.15em] text-[#8B95A5] uppercase">QA Engineer</span> aka locator('#about').getByText('QA Engineer', { exact: true })
        3) <p class="text-[#8B95A5] leading-relaxed max-w-md">QA Engineer with expertise spanning manual testinΓÇª</p> aka getByText('QA Engineer with expertise')
        4) <span class="font-mono text-xs tracking-[0.15em] text-[#8B95A5] uppercase">QA Engineer</span> aka getByText('QA Engineer').nth(3)

    Call log:
      - Expect "toBeVisible" with timeout 5000ms
      - waiting for getByText('QA Engineer')


      118 |     await page.goto("/");
      119 |     await waitForBoot(page);
    > 120 |     await expect(page.getByText("QA Engineer")).toBeVisible();
          |                                                 ^
      121 |   });
      122 | });
      123 |
        at D:\myportfolio\tests\functional.spec.ts:120:49

    Error Context: test-results\functional-Branding-QA-Engineer-is-present-tablet\error-context.md

  20) [tablet] ΓÇ║ tests\navigation.spec.ts:125:7 ΓÇ║ Mobile sidebar ΓÇ║ mobile sidebar closes on close button 

    Error: locator.click: Error: strict mode violation: getByRole('button', { name: /close navigation menu/i }) resolved to 2 elements:
        1) <button aria-expanded="true" aria-controls="mobile-sidebar" aria-label="Close navigation menu" class="flex items-center gap-2 px-3 py-1.5 rounded border border-[rgba(56,189,248,0.15)] bg-[rgba(5,7,10,0.6)] backdrop-blur-sm cursor-none">ΓÇª</button> aka getByRole('banner').getByRole('button', { name: 'Close navigation menu' })
        2) <button aria-label="Close navigation menu" class="w-8 h-8 flex items-center justify-center rounded border border-[rgba(255,255,255,0.08)] text-[#8B95A5] hover:text-[#F5F7FA] hover:border-[rgba(255,255,255,0.2)] transition-colors cursor-none">Γ£ò</button> aka getByText('Γ£ò')

    Call log:
      - waiting for getByRole('button', { name: /close navigation menu/i })


      127 |     await waitForBoot(page);
      128 |     await page.getByRole("button", { name: /open navigation menu/i }).click();
    > 129 |     await page.getByRole("button", { name: /close navigation menu/i }).click();
          |                                                                        ^
      130 |     const sidebar = page.locator("#mobile-sidebar");
      131 |     await expect(sidebar).not.toBeVisible();
      132 |   });
        at D:\myportfolio\tests\navigation.spec.ts:129:72

    Error Context: test-results\navigation-Mobile-sidebar--740d6-ebar-closes-on-close-button-tablet\error-context.md

  21) [mobile] ΓÇ║ tests\accessibility.spec.ts:19:7 ΓÇ║ Accessibility ΓÇ║ navigation landmark is present ΓöÇ

    Error: expect(locator).toBeVisible() failed

    Locator: getByRole('navigation')
    Expected: visible
    Timeout: 5000ms
    Error: element(s) not found

    Call log:
      - Expect "toBeVisible" with timeout 5000ms
      - waiting for getByRole('navigation')


      19 |   test("navigation landmark is present", async ({ page }) => {
      20 |     await page.goto("/");
    > 21 |     await expect(page.getByRole("navigation")).toBeVisible();
         |                                                ^
      22 |   });
      23 |
      24 |   test("headings are hierarchical", async ({ page }) => {
        at D:\myportfolio\tests\accessibility.spec.ts:21:48

    Error Context: test-results\accessibility-Accessibility-navigation-landmark-is-present-mobile\error-context.md

  22) [mobile] ΓÇ║ tests\accessibility.spec.ts:30:7 ΓÇ║ Accessibility ΓÇ║ form fields have labels ΓöÇΓöÇΓöÇΓöÇΓöÇΓöÇΓöÇΓöÇ

    Error: expect(locator).toBeVisible() failed

    Locator: getByLabel('NAME')
    Expected: visible
    Timeout: 5000ms
    Error: element(s) not found

    Call log:
      - Expect "toBeVisible" with timeout 5000ms
      - waiting for getByLabel('NAME')


      33 |     const contactSection = page.locator("#contact");
      34 |     await contactSection.scrollIntoViewIfNeeded();
    > 35 |     await expect(page.getByLabel("NAME")).toBeVisible();
         |                                           ^
      36 |     await expect(page.getByLabel("EMAIL")).toBeVisible();
      37 |     await expect(page.getByLabel("SUBJECT")).toBeVisible();
      38 |     await expect(page.getByLabel("MESSAGE")).toBeVisible();
        at D:\myportfolio\tests\accessibility.spec.ts:35:43

    Error Context: test-results\accessibility-Accessibility-form-fields-have-labels-mobile\error-context.md

  23) [mobile] ΓÇ║ tests\accessibility.spec.ts:51:7 ΓÇ║ Accessibility ΓÇ║ mobile sidebar has aria attributes 

    Error: expect(locator).toHaveAttribute(expected) failed

    Locator: getByRole('button', { name: /open navigation menu/i })
    Expected: "true"
    Timeout: 5000ms
    Error: element(s) not found

    Call log:
      - Expect "toHaveAttribute" with timeout 5000ms
      - waiting for getByRole('button', { name: /open navigation menu/i })


      56 |     await expect(menuButton).toHaveAttribute("aria-expanded", "false");
      57 |     await menuButton.click();
    > 58 |     await expect(menuButton).toHaveAttribute("aria-expanded", "true");
         |                              ^
      59 |     const sidebar = page.locator("#mobile-sidebar");
      60 |     await expect(sidebar).toBeVisible();
      61 |   });
        at D:\myportfolio\tests\accessibility.spec.ts:58:30

    Error Context: test-results\accessibility-Accessibilit-836c1-sidebar-has-aria-attributes-mobile\error-context.md

  24) [mobile] ΓÇ║ tests\functional.spec.ts:17:7 ΓÇ║ Resume ΓÇ║ resume PDF is accessible ΓöÇΓöÇΓöÇΓöÇΓöÇΓöÇΓöÇΓöÇΓöÇΓöÇΓöÇΓöÇΓöÇΓöÇΓöÇΓöÇΓöÇ

    Error: page.goto: Download is starting
    Call log:
      - navigating to "http://localhost:3000/certificates/Rohit-Yadav-CV.pdf", waiting until "load"


      16 |
      17 |   test("resume PDF is accessible", async ({ page }) => {
    > 18 |     const response = await page.goto("/certificates/Rohit-Yadav-CV.pdf");
         |                                 ^
      19 |     expect(response?.status()).toBe(200);
      20 |   });
      21 | });
        at D:\myportfolio\tests\functional.spec.ts:18:33

    Error Context: test-results\functional-Resume-resume-PDF-is-accessible-mobile\error-context.md

  25) [mobile] ΓÇ║ tests\functional.spec.ts:24:7 ΓÇ║ Contact form ΓÇ║ contact form is visible ΓöÇΓöÇΓöÇΓöÇΓöÇΓöÇΓöÇΓöÇΓöÇΓöÇΓöÇΓöÇ

    Error: expect(locator).toBeVisible() failed

    Locator: getByLabel('NAME')
    Expected: visible
    Timeout: 5000ms
    Error: element(s) not found

    Call log:
      - Expect "toBeVisible" with timeout 5000ms
      - waiting for getByLabel('NAME')


      27 |     const contactSection = page.locator("#contact");
      28 |     await contactSection.scrollIntoViewIfNeeded();
    > 29 |     await expect(page.getByLabel("NAME")).toBeVisible();
         |                                           ^
      30 |     await expect(page.getByLabel("EMAIL")).toBeVisible();
      31 |     await expect(page.getByLabel("SUBJECT")).toBeVisible();
      32 |     await expect(page.getByLabel("MESSAGE")).toBeVisible();
        at D:\myportfolio\tests\functional.spec.ts:29:43

    Error Context: test-results\functional-Contact-form-contact-form-is-visible-mobile\error-context.md

  26) [mobile] ΓÇ║ tests\functional.spec.ts:45:7 ΓÇ║ Contact form ΓÇ║ contact form validates invalid email 

    Test timeout of 60000ms exceeded.

    Error: locator.fill: Test timeout of 60000ms exceeded.
    Call log:
      - waiting for getByLabel('NAME')


      48 |     const contactSection = page.locator("#contact");
      49 |     await contactSection.scrollIntoViewIfNeeded();
    > 50 |     await page.getByLabel("NAME").fill("Test User");
         |                                   ^
      51 |     // foo@bar is accepted by browser's type=email but fails regex (no dot)
      52 |     await page.getByLabel("EMAIL").fill("foo@bar");
      53 |     await page.getByLabel("SUBJECT").fill("Test");
        at D:\myportfolio\tests\functional.spec.ts:50:35

    Error Context: test-results\functional-Contact-form-contact-form-validates-invalid-email-mobile\error-context.md

  27) [mobile] ΓÇ║ tests\functional.spec.ts:59:7 ΓÇ║ Contact form ΓÇ║ contact form accepts valid email ΓöÇΓöÇΓöÇ

    Test timeout of 60000ms exceeded.

    Error: locator.fill: Test timeout of 60000ms exceeded.
    Call log:
      - waiting for getByLabel('NAME')


      62 |     const contactSection = page.locator("#contact");
      63 |     await contactSection.scrollIntoViewIfNeeded();
    > 64 |     await page.getByLabel("NAME").fill("Test User");
         |                                   ^
      65 |     await page.getByLabel("EMAIL").fill("test@example.com");
      66 |     await page.getByLabel("SUBJECT").fill("Test Subject");
      67 |     await page.getByLabel("MESSAGE").fill("Test message content here.");
        at D:\myportfolio\tests\functional.spec.ts:64:35

    Error Context: test-results\functional-Contact-form-contact-form-accepts-valid-email-mobile\error-context.md

  28) [mobile] ΓÇ║ tests\functional.spec.ts:88:7 ΓÇ║ Sections ΓÇ║ QA Lab section displays stages ΓöÇΓöÇΓöÇΓöÇΓöÇΓöÇΓöÇΓöÇΓöÇ

    Error: expect(locator).toBeVisible() failed

    Locator: getByText('REQUIREMENT')
    Expected: visible
    Error: strict mode violation: getByText('REQUIREMENT') resolved to 2 elements:
        1) <p class="text-[#8B95A5] mb-16 max-w-lg">The complete quality engineering pipeline ΓÇö from ΓÇª</p> aka getByText('The complete quality')
        2) <span class="font-mono text-[7px] sm:text-[8px] tracking-wider block leading-tight">REQUIREMENT</span> aka getByText('REQUIREMENT', { exact: true })

    Call log:
      - Expect "toBeVisible" with timeout 5000ms
      - waiting for getByText('REQUIREMENT')


      91 |     const qaSection = page.locator("#qa-lab");
      92 |     await qaSection.scrollIntoViewIfNeeded();
    > 93 |     await expect(page.getByText("REQUIREMENT")).toBeVisible();
         |                                                 ^
      94 |     await expect(page.getByText("TEST DESIGN")).toBeVisible();
      95 |     await expect(page.getByText("BUILD VERIFIED")).toBeVisible();
      96 |   });
        at D:\myportfolio\tests\functional.spec.ts:93:49

    Error Context: test-results\functional-Sections-QA-Lab-section-displays-stages-mobile\error-context.md

  29) [mobile] ΓÇ║ tests\functional.spec.ts:98:7 ΓÇ║ Sections ΓÇ║ projects section shows project cards ΓöÇΓöÇΓöÇ

    Error: expect(locator).toBeVisible() failed

    Locator: getByText('Project')
    Expected: visible
    Error: strict mode violation: getByText('Project') resolved to 6 elements:
        1) <button class="px-3 py-1.5 font-mono text-[10px] tracking-[0.15em] text-[#8B95A5] hover:text-[#38BDF8] transition-colors cursor-none">PROJECTS</button> aka getByText('PROJECTS', { exact: true })
        2) <span class="font-mono text-[10px] tracking-[0.2em] text-[#8B95A5]">PROJECTS / 06</span> aka getByText('PROJECTS /')
        3) <h2 class="text-4xl sm:text-5xl font-bold tracking-tight mb-16 text-[#F5F7FA]">ΓÇª</h2> aka getByRole('heading', { name: 'Project Archive' })
        4) <div class="font-mono text-[10px] tracking-[0.2em] text-[#38BDF8] mb-3">ΓÇª</div> aka getByText('PROJECT / 01')
        5) <div class="font-mono text-[10px] tracking-[0.2em] text-[#38BDF8] mb-3">ΓÇª</div> aka getByText('PROJECT / 02')
        6) <div class="font-mono text-[10px] tracking-[0.2em] text-[#38BDF8] mb-3">ΓÇª</div> aka getByText('PROJECT / 03')

    Call log:
      - Expect "toBeVisible" with timeout 5000ms
      - waiting for getByText('Project')


      101 |     const projectsSection = page.locator("#projects");
      102 |     await projectsSection.scrollIntoViewIfNeeded();
    > 103 |     await expect(page.getByText("Project")).toBeVisible();
          |                                             ^
      104 |   });
      105 | });
      106 |
        at D:\myportfolio\tests\functional.spec.ts:103:45

    Error Context: test-results\functional-Sections-projects-section-shows-project-cards-mobile\error-context.md

  30) [mobile] ΓÇ║ tests\functional.spec.ts:117:7 ΓÇ║ Branding ΓÇ║ QA Engineer is present ΓöÇΓöÇΓöÇΓöÇΓöÇΓöÇΓöÇΓöÇΓöÇΓöÇΓöÇΓöÇΓöÇΓöÇΓöÇΓöÇ

    Error: expect(locator).toBeVisible() failed

    Locator: getByText('QA Engineer')
    Expected: visible
    Error: strict mode violation: getByText('QA Engineer') resolved to 4 elements:
        1) <span class="font-mono text-xs sm:text-sm tracking-[0.15em] text-[#8B95A5] uppercase">QA Engineer</span> aka locator('#hero').getByText('QA Engineer')
        2) <span class="font-mono text-xs tracking-[0.15em] text-[#8B95A5] uppercase">QA Engineer</span> aka locator('#about').getByText('QA Engineer', { exact: true })
        3) <p class="text-[#8B95A5] leading-relaxed max-w-md">QA Engineer with expertise spanning manual testinΓÇª</p> aka getByText('QA Engineer with expertise')
        4) <span class="font-mono text-xs tracking-[0.15em] text-[#8B95A5] uppercase">QA Engineer</span> aka getByText('QA Engineer').nth(3)

    Call log:
      - Expect "toBeVisible" with timeout 5000ms
      - waiting for getByText('QA Engineer')


      118 |     await page.goto("/");
      119 |     await waitForBoot(page);
    > 120 |     await expect(page.getByText("QA Engineer")).toBeVisible();
          |                                                 ^
      121 |   });
      122 | });
      123 |
        at D:\myportfolio\tests\functional.spec.ts:120:49

    Error Context: test-results\functional-Branding-QA-Engineer-is-present-mobile\error-context.md

  31) [mobile] ΓÇ║ tests\navigation.spec.ts:125:7 ΓÇ║ Mobile sidebar ΓÇ║ mobile sidebar closes on close button 

    Error: locator.click: Error: strict mode violation: getByRole('button', { name: /close navigation menu/i }) resolved to 2 elements:
        1) <button aria-expanded="true" aria-controls="mobile-sidebar" aria-label="Close navigation menu" class="flex items-center gap-2 px-3 py-1.5 rounded border border-[rgba(56,189,248,0.15)] bg-[rgba(5,7,10,0.6)] backdrop-blur-sm cursor-none">ΓÇª</button> aka getByRole('banner').getByRole('button', { name: 'Close navigation menu' })
        2) <button aria-label="Close navigation menu" class="w-8 h-8 flex items-center justify-center rounded border border-[rgba(255,255,255,0.08)] text-[#8B95A5] hover:text-[#F5F7FA] hover:border-[rgba(255,255,255,0.2)] transition-colors cursor-none">Γ£ò</button> aka getByText('Γ£ò')

    Call log:
      - waiting for getByRole('button', { name: /close navigation menu/i })


      127 |     await waitForBoot(page);
      128 |     await page.getByRole("button", { name: /open navigation menu/i }).click();
    > 129 |     await page.getByRole("button", { name: /close navigation menu/i }).click();
          |                                                                        ^
      130 |     const sidebar = page.locator("#mobile-sidebar");
      131 |     await expect(sidebar).not.toBeVisible();
      132 |   });
        at D:\myportfolio\tests\navigation.spec.ts:129:72

    Error Context: test-results\navigation-Mobile-sidebar--740d6-ebar-closes-on-close-button-mobile\error-context.md

  31 failed
    [chromium] ΓÇ║ tests\accessibility.spec.ts:30:7 ΓÇ║ Accessibility ΓÇ║ form fields have labels ΓöÇΓöÇΓöÇΓöÇΓöÇΓöÇΓöÇΓöÇ
    [chromium] ΓÇ║ tests\accessibility.spec.ts:51:7 ΓÇ║ Accessibility ΓÇ║ mobile sidebar has aria attributes 
    [chromium] ΓÇ║ tests\functional.spec.ts:17:7 ΓÇ║ Resume ΓÇ║ resume PDF is accessible ΓöÇΓöÇΓöÇΓöÇΓöÇΓöÇΓöÇΓöÇΓöÇΓöÇΓöÇΓöÇΓöÇΓöÇΓöÇΓöÇΓöÇ
    [chromium] ΓÇ║ tests\functional.spec.ts:24:7 ΓÇ║ Contact form ΓÇ║ contact form is visible ΓöÇΓöÇΓöÇΓöÇΓöÇΓöÇΓöÇΓöÇΓöÇΓöÇΓöÇΓöÇ
    [chromium] ΓÇ║ tests\functional.spec.ts:45:7 ΓÇ║ Contact form ΓÇ║ contact form validates invalid email 
    [chromium] ΓÇ║ tests\functional.spec.ts:59:7 ΓÇ║ Contact form ΓÇ║ contact form accepts valid email ΓöÇΓöÇΓöÇ
    [chromium] ΓÇ║ tests\functional.spec.ts:88:7 ΓÇ║ Sections ΓÇ║ QA Lab section displays stages ΓöÇΓöÇΓöÇΓöÇΓöÇΓöÇΓöÇΓöÇΓöÇ
    [chromium] ΓÇ║ tests\functional.spec.ts:98:7 ΓÇ║ Sections ΓÇ║ projects section shows project cards ΓöÇΓöÇΓöÇ
    [chromium] ΓÇ║ tests\functional.spec.ts:117:7 ΓÇ║ Branding ΓÇ║ QA Engineer is present ΓöÇΓöÇΓöÇΓöÇΓöÇΓöÇΓöÇΓöÇΓöÇΓöÇΓöÇΓöÇΓöÇΓöÇΓöÇΓöÇ
    [chromium] ΓÇ║ tests\navigation.spec.ts:125:7 ΓÇ║ Mobile sidebar ΓÇ║ mobile sidebar closes on close button 
    [tablet] ΓÇ║ tests\accessibility.spec.ts:30:7 ΓÇ║ Accessibility ΓÇ║ form fields have labels ΓöÇΓöÇΓöÇΓöÇΓöÇΓöÇΓöÇΓöÇΓöÇΓöÇ
    [tablet] ΓÇ║ tests\accessibility.spec.ts:51:7 ΓÇ║ Accessibility ΓÇ║ mobile sidebar has aria attributes 
    [tablet] ΓÇ║ tests\functional.spec.ts:17:7 ΓÇ║ Resume ΓÇ║ resume PDF is accessible ΓöÇΓöÇΓöÇΓöÇΓöÇΓöÇΓöÇΓöÇΓöÇΓöÇΓöÇΓöÇΓöÇΓöÇΓöÇΓöÇΓöÇΓöÇΓöÇ
    [tablet] ΓÇ║ tests\functional.spec.ts:24:7 ΓÇ║ Contact form ΓÇ║ contact form is visible ΓöÇΓöÇΓöÇΓöÇΓöÇΓöÇΓöÇΓöÇΓöÇΓöÇΓöÇΓöÇΓöÇΓöÇ
    [tablet] ΓÇ║ tests\functional.spec.ts:45:7 ΓÇ║ Contact form ΓÇ║ contact form validates invalid email ΓöÇ
    [tablet] ΓÇ║ tests\functional.spec.ts:59:7 ΓÇ║ Contact form ΓÇ║ contact form accepts valid email ΓöÇΓöÇΓöÇΓöÇΓöÇ
    [tablet] ΓÇ║ tests\functional.spec.ts:88:7 ΓÇ║ Sections ΓÇ║ QA Lab section displays stages ΓöÇΓöÇΓöÇΓöÇΓöÇΓöÇΓöÇΓöÇΓöÇΓöÇΓöÇ
    [tablet] ΓÇ║ tests\functional.spec.ts:98:7 ΓÇ║ Sections ΓÇ║ projects section shows project cards ΓöÇΓöÇΓöÇΓöÇΓöÇ
    [tablet] ΓÇ║ tests\functional.spec.ts:117:7 ΓÇ║ Branding ΓÇ║ QA Engineer is present ΓöÇΓöÇΓöÇΓöÇΓöÇΓöÇΓöÇΓöÇΓöÇΓöÇΓöÇΓöÇΓöÇΓöÇΓöÇΓöÇΓöÇΓöÇ
    [tablet] ΓÇ║ tests\navigation.spec.ts:125:7 ΓÇ║ Mobile sidebar ΓÇ║ mobile sidebar closes on close button 
    [mobile] ΓÇ║ tests\accessibility.spec.ts:19:7 ΓÇ║ Accessibility ΓÇ║ navigation landmark is present ΓöÇΓöÇΓöÇ
    [mobile] ΓÇ║ tests\accessibility.spec.ts:30:7 ΓÇ║ Accessibility ΓÇ║ form fields have labels ΓöÇΓöÇΓöÇΓöÇΓöÇΓöÇΓöÇΓöÇΓöÇΓöÇ
    [mobile] ΓÇ║ tests\accessibility.spec.ts:51:7 ΓÇ║ Accessibility ΓÇ║ mobile sidebar has aria attributes 
    [mobile] ΓÇ║ tests\functional.spec.ts:17:7 ΓÇ║ Resume ΓÇ║ resume PDF is accessible ΓöÇΓöÇΓöÇΓöÇΓöÇΓöÇΓöÇΓöÇΓöÇΓöÇΓöÇΓöÇΓöÇΓöÇΓöÇΓöÇΓöÇΓöÇΓöÇ
    [mobile] ΓÇ║ tests\functional.spec.ts:24:7 ΓÇ║ Contact form ΓÇ║ contact form is visible ΓöÇΓöÇΓöÇΓöÇΓöÇΓöÇΓöÇΓöÇΓöÇΓöÇΓöÇΓöÇΓöÇΓöÇ
    [mobile] ΓÇ║ tests\functional.spec.ts:45:7 ΓÇ║ Contact form ΓÇ║ contact form validates invalid email ΓöÇ
    [mobile] ΓÇ║ tests\functional.spec.ts:59:7 ΓÇ║ Contact form ΓÇ║ contact form accepts valid email ΓöÇΓöÇΓöÇΓöÇΓöÇ
    [mobile] ΓÇ║ tests\functional.spec.ts:88:7 ΓÇ║ Sections ΓÇ║ QA Lab section displays stages ΓöÇΓöÇΓöÇΓöÇΓöÇΓöÇΓöÇΓöÇΓöÇΓöÇΓöÇ
    [mobile] ΓÇ║ tests\functional.spec.ts:98:7 ΓÇ║ Sections ΓÇ║ projects section shows project cards ΓöÇΓöÇΓöÇΓöÇΓöÇ
    [mobile] ΓÇ║ tests\functional.spec.ts:117:7 ΓÇ║ Branding ΓÇ║ QA Engineer is present ΓöÇΓöÇΓöÇΓöÇΓöÇΓöÇΓöÇΓöÇΓöÇΓöÇΓöÇΓöÇΓöÇΓöÇΓöÇΓöÇΓöÇΓöÇ
    [mobile] ΓÇ║ tests\navigation.spec.ts:125:7 ΓÇ║ Mobile sidebar ΓÇ║ mobile sidebar closes on close button 
  107 passed (9.0m)
